2025-12-03 01:08:09 - exp3d_moe_swiglu_learned_pool_layer4_aux001 - INFO - Starting experiment: exp3d_moe_swiglu_learned_pool_layer4_aux001
2025-12-03 01:08:09 - exp3d_moe_swiglu_learned_pool_layer4_aux001 - INFO - Model: Flash + MoE Transformer (FP16)
2025-12-03 01:08:09 - exp3d_moe_swiglu_learned_pool_layer4_aux001 - INFO -   d_model=256, nhid=704, nhead=8 (head_dim=32)
2025-12-03 01:08:09 - exp3d_moe_swiglu_learned_pool_layer4_aux001 - INFO -   Daily Encoder: Learned Attention Pooling
2025-12-03 01:08:09 - exp3d_moe_swiglu_learned_pool_layer4_aux001 - INFO -   MoE: 8 experts, top-2
2025-12-03 01:08:09 - exp3d_moe_swiglu_learned_pool_layer4_aux001 - INFO - Total parameters: 38,248,338
2025-12-03 01:21:04 - exp3d_moe_swiglu_learned_pool_layer4_aux001 - INFO - Bucketing is ENABLED via BatchSampler.
2025-12-03 01:21:05 - exp3d_moe_swiglu_learned_pool_layer4_aux001 - INFO - Using high-performance DataLoader with 48 workers.
2025-12-03 01:21:05 - exp3d_moe_swiglu_learned_pool_layer4_aux001 - INFO - Training for 2 epochs...
2025-12-03 01:21:05 - exp3d_moe_swiglu_learned_pool_layer4_aux001 - INFO - 
--- Epoch 1/2 ---
2025-12-03 02:39:16 - exp3d_moe_swiglu_learned_pool_layer4_aux001 - INFO -   Evaluating on training subset...
2025-12-03 02:41:06 - exp3d_moe_swiglu_learned_pool_layer4_aux001 - INFO -   Evaluating on validation set...
2025-12-03 02:48:31 - exp3d_moe_swiglu_learned_pool_layer4_aux001 - INFO - Computing embedding quality...
2025-12-03 02:48:32 - exp3d_moe_swiglu_learned_pool_layer4_aux001 - INFO -     Embedding std: 0.2985
2025-12-03 02:48:32 - exp3d_moe_swiglu_learned_pool_layer4_aux001 - INFO -     NN overlap: 0.113
2025-12-03 02:48:34 - exp3d_moe_swiglu_learned_pool_layer4_aux001 - INFO - Checkpoint saved (epoch 1, step 9998)
2025-12-03 02:48:34 - exp3d_moe_swiglu_learned_pool_layer4_aux001 - INFO - 
--- Epoch 1 Summary ---
2025-12-03 02:48:34 - exp3d_moe_swiglu_learned_pool_layer4_aux001 - INFO - Training Progress:
2025-12-03 02:48:34 - exp3d_moe_swiglu_learned_pool_layer4_aux001 - INFO -   Loss (learning avg): 0.0150
2025-12-03 02:48:34 - exp3d_moe_swiglu_learned_pool_layer4_aux001 - INFO -   Loss (first batch):  0.7949
2025-12-03 02:48:34 - exp3d_moe_swiglu_learned_pool_layer4_aux001 - INFO -   Loss (last batch):   0.0033
2025-12-03 02:48:34 - exp3d_moe_swiglu_learned_pool_layer4_aux001 - INFO -   Improvement:         0.7916
2025-12-03 02:48:34 - exp3d_moe_swiglu_learned_pool_layer4_aux001 - INFO - 
Final Model Performance:
2025-12-03 02:48:34 - exp3d_moe_swiglu_learned_pool_layer4_aux001 - INFO -   Train loss (final):  0.0035
2025-12-03 02:48:34 - exp3d_moe_swiglu_learned_pool_layer4_aux001 - INFO -   Val loss:            0.0035
2025-12-03 02:48:34 - exp3d_moe_swiglu_learned_pool_layer4_aux001 - INFO -   Gap (train-val loss):+0.0001
2025-12-03 02:48:34 - exp3d_moe_swiglu_learned_pool_layer4_aux001 - INFO -   Train Top-10:        0.815
2025-12-03 02:48:34 - exp3d_moe_swiglu_learned_pool_layer4_aux001 - INFO -   Val Top-10:          0.815
2025-12-03 02:48:34 - exp3d_moe_swiglu_learned_pool_layer4_aux001 - INFO -   ✅ Good generalization (gap = +0.0001)
2025-12-03 02:48:34 - exp3d_moe_swiglu_learned_pool_layer4_aux001 - INFO - 
Batch Metrics (during learning):
2025-12-03 02:48:34 - exp3d_moe_swiglu_learned_pool_layer4_aux001 - INFO - Train Recall@10: 0.799
2025-12-03 02:48:34 - exp3d_moe_swiglu_learned_pool_layer4_aux001 - INFO - Train mAP@20: 0.517
2025-12-03 02:48:34 - exp3d_moe_swiglu_learned_pool_layer4_aux001 - INFO - Train Brier: 0.0049
2025-12-03 02:48:34 - exp3d_moe_swiglu_learned_pool_layer4_aux001 - INFO - Embedding std: 0.2985
2025-12-03 02:48:34 - exp3d_moe_swiglu_learned_pool_layer4_aux001 - INFO - NN overlap: 0.113
2025-12-03 02:48:34 - exp3d_moe_swiglu_learned_pool_layer4_aux001 - INFO - MoE Load CV: 0.124
2025-12-03 02:48:34 - exp3d_moe_swiglu_learned_pool_layer4_aux001 - INFO - MoE Collapsed: 0.03
2025-12-03 02:48:34 - exp3d_moe_swiglu_learned_pool_layer4_aux001 - INFO - 
--- Epoch 2/2 ---
2025-12-03 04:04:45 - exp3d_moe_swiglu_learned_pool_layer4_aux001 - INFO -   Evaluating on training subset...
2025-12-03 04:06:31 - exp3d_moe_swiglu_learned_pool_layer4_aux001 - INFO -   Evaluating on validation set...
2025-12-03 04:14:09 - exp3d_moe_swiglu_learned_pool_layer4_aux001 - INFO - Checkpoint saved (epoch 2, step 19996)
2025-12-03 04:14:09 - exp3d_moe_swiglu_learned_pool_layer4_aux001 - INFO - 
--- Epoch 2 Summary ---
2025-12-03 04:14:09 - exp3d_moe_swiglu_learned_pool_layer4_aux001 - INFO - Training Progress:
2025-12-03 04:14:09 - exp3d_moe_swiglu_learned_pool_layer4_aux001 - INFO -   Loss (learning avg): 0.0032
2025-12-03 04:14:09 - exp3d_moe_swiglu_learned_pool_layer4_aux001 - INFO -   Loss (first batch):  0.0036
2025-12-03 04:14:09 - exp3d_moe_swiglu_learned_pool_layer4_aux001 - INFO -   Loss (last batch):   0.0030
2025-12-03 04:14:09 - exp3d_moe_swiglu_learned_pool_layer4_aux001 - INFO -   Improvement:         0.0006
2025-12-03 04:14:09 - exp3d_moe_swiglu_learned_pool_layer4_aux001 - INFO - 
Final Model Performance:
2025-12-03 04:14:09 - exp3d_moe_swiglu_learned_pool_layer4_aux001 - INFO -   Train loss (final):  0.0029
2025-12-03 04:14:09 - exp3d_moe_swiglu_learned_pool_layer4_aux001 - INFO -   Val loss:            0.0026
2025-12-03 04:14:09 - exp3d_moe_swiglu_learned_pool_layer4_aux001 - INFO -   Gap (train-val loss):+0.0003
2025-12-03 04:14:09 - exp3d_moe_swiglu_learned_pool_layer4_aux001 - INFO -   Train Top-10:        0.948
2025-12-03 04:14:09 - exp3d_moe_swiglu_learned_pool_layer4_aux001 - INFO -   Val Top-10:          0.953
2025-12-03 04:14:09 - exp3d_moe_swiglu_learned_pool_layer4_aux001 - INFO -   ✅ Good generalization (gap = +0.0003)
2025-12-03 04:14:09 - exp3d_moe_swiglu_learned_pool_layer4_aux001 - INFO - 
Batch Metrics (during learning):
2025-12-03 04:14:09 - exp3d_moe_swiglu_learned_pool_layer4_aux001 - INFO - Train Recall@10: 0.911
2025-12-03 04:14:09 - exp3d_moe_swiglu_learned_pool_layer4_aux001 - INFO - Train mAP@20: 0.598
2025-12-03 04:14:09 - exp3d_moe_swiglu_learned_pool_layer4_aux001 - INFO - Train Brier: 0.0006
2025-12-03 04:14:09 - exp3d_moe_swiglu_learned_pool_layer4_aux001 - INFO - MoE Load CV: 0.128
2025-12-03 04:14:09 - exp3d_moe_swiglu_learned_pool_layer4_aux001 - INFO - MoE Collapsed: 0.0
2025-12-03 04:14:09 - exp3d_moe_swiglu_learned_pool_layer4_aux001 - INFO - 
Training completed in 10383.9s
2025-12-03 04:31:46 - exp3d_moe_swiglu_learned_pool_layer4_aux001 - INFO - Complete results saved to logs/exp_round2-1_ablation_swiglu_aux_layer_dec1_2025/exp3d_moe_swiglu_learned_pool_layer4_aux001/final_results.json
2025-12-03 04:31:46 - exp3d_moe_swiglu_learned_pool_layer4_aux001 - INFO - Metrics saved to logs/exp3d_moe_swiglu_learned_pool_layer4_aux001/
2025-12-03 04:31:46 - exp3d_moe_swiglu_learned_pool_layer4_aux001 - INFO - 
================================================================================
2025-12-03 04:31:46 - exp3d_moe_swiglu_learned_pool_layer4_aux001 - INFO - EXPERIMENT COMPLETE: exp3d_moe_swiglu_learned_pool_layer4_aux001
2025-12-03 04:31:46 - exp3d_moe_swiglu_learned_pool_layer4_aux001 - INFO - ================================================================================
2025-12-03 04:31:46 - exp3d_moe_swiglu_learned_pool_layer4_aux001 - INFO - Final Top-10 Acc in val: 0.953
2025-12-03 04:31:46 - exp3d_moe_swiglu_learned_pool_layer4_aux001 - INFO - Best Val Loss: 0.0000 (epoch 1)
2025-12-03 04:31:46 - exp3d_moe_swiglu_learned_pool_layer4_aux001 - INFO - Training Time: 10383.9s
2025-12-03 04:31:46 - exp3d_moe_swiglu_learned_pool_layer4_aux001 - INFO - ================================================================================

