2025-11-17 00:23:35 - exp3c_moe_swiglu_learned_pool_layer4 - INFO - Starting experiment: exp3c_moe_swiglu_learned_pool_layer4
2025-11-17 00:23:35 - exp3c_moe_swiglu_learned_pool_layer4 - INFO - Model: Flash + MoE Transformer (FP16, 8 experts)
2025-11-17 00:23:35 - exp3c_moe_swiglu_learned_pool_layer4 - INFO - Total parameters: 34,906,002
2025-11-17 00:26:10 - exp3c_moe_swiglu_learned_pool_layer4 - INFO - Bucketing is ENABLED via BatchSampler.
2025-11-17 00:26:10 - exp3c_moe_swiglu_learned_pool_layer4 - INFO - Using high-performance DataLoader with 16 workers.
2025-11-17 00:26:10 - exp3c_moe_swiglu_learned_pool_layer4 - INFO - Training for 2 epochs...
2025-11-17 00:26:10 - exp3c_moe_swiglu_learned_pool_layer4 - INFO - 
--- Epoch 1/2 ---
2025-11-17 00:41:06 - exp3c_moe_swiglu_learned_pool_layer4 - INFO -   Evaluating on training subset...
2025-11-17 00:41:21 - exp3c_moe_swiglu_learned_pool_layer4 - INFO -   Evaluating on validation set...
2025-11-17 00:41:48 - exp3c_moe_swiglu_learned_pool_layer4 - INFO - Computing embedding quality...
2025-11-17 00:41:49 - exp3c_moe_swiglu_learned_pool_layer4 - INFO -     Embedding std: 0.0000
2025-11-17 00:41:49 - exp3c_moe_swiglu_learned_pool_layer4 - INFO -     NN overlap: 0.000
2025-11-17 00:42:02 - exp3c_moe_swiglu_learned_pool_layer4 - INFO - Checkpoint saved (epoch 1, step 3998)
2025-11-17 00:42:02 - exp3c_moe_swiglu_learned_pool_layer4 - INFO - 
--- Epoch 1 Summary ---
2025-11-17 00:42:02 - exp3c_moe_swiglu_learned_pool_layer4 - INFO - Training Progress:
2025-11-17 00:42:02 - exp3c_moe_swiglu_learned_pool_layer4 - INFO -   Loss (learning avg): 0.0320
2025-11-17 00:42:02 - exp3c_moe_swiglu_learned_pool_layer4 - INFO -   Loss (first batch):  0.8031
2025-11-17 00:42:02 - exp3c_moe_swiglu_learned_pool_layer4 - INFO -   Loss (last batch):   0.0041
2025-11-17 00:42:02 - exp3c_moe_swiglu_learned_pool_layer4 - INFO -   Improvement:         0.7990
2025-11-17 00:42:02 - exp3c_moe_swiglu_learned_pool_layer4 - INFO - 
Final Model Performance:
2025-11-17 00:42:02 - exp3c_moe_swiglu_learned_pool_layer4 - INFO -   Train loss (final):  0.0039
2025-11-17 00:42:02 - exp3c_moe_swiglu_learned_pool_layer4 - INFO -   Val loss:            0.0039
2025-11-17 00:42:02 - exp3c_moe_swiglu_learned_pool_layer4 - INFO -   Gap (train-val loss):+0.0000
2025-11-17 00:42:02 - exp3c_moe_swiglu_learned_pool_layer4 - INFO -   Train Top-10:        0.793
2025-11-17 00:42:02 - exp3c_moe_swiglu_learned_pool_layer4 - INFO -   Val Top-10:          0.808
2025-11-17 00:42:02 - exp3c_moe_swiglu_learned_pool_layer4 - INFO -   ✅ Good generalization (gap = +0.0000)
2025-11-17 00:42:02 - exp3c_moe_swiglu_learned_pool_layer4 - INFO - 
Batch Metrics (during learning):
2025-11-17 00:42:02 - exp3c_moe_swiglu_learned_pool_layer4 - INFO - Train Recall@10: 0.736
2025-11-17 00:42:02 - exp3c_moe_swiglu_learned_pool_layer4 - INFO - Train mAP@20: 0.512
2025-11-17 00:42:02 - exp3c_moe_swiglu_learned_pool_layer4 - INFO - Train Brier: 0.0114
2025-11-17 00:42:02 - exp3c_moe_swiglu_learned_pool_layer4 - INFO - Embedding std: 0.0000
2025-11-17 00:42:02 - exp3c_moe_swiglu_learned_pool_layer4 - INFO - NN overlap: 0.000
2025-11-17 00:42:02 - exp3c_moe_swiglu_learned_pool_layer4 - INFO - MoE Load CV: 0.279
2025-11-17 00:42:02 - exp3c_moe_swiglu_learned_pool_layer4 - INFO - MoE Collapsed: 0.15
2025-11-17 00:42:02 - exp3c_moe_swiglu_learned_pool_layer4 - INFO - 
--- Epoch 2/2 ---
2025-11-17 00:56:52 - exp3c_moe_swiglu_learned_pool_layer4 - INFO -   Evaluating on training subset...
2025-11-17 00:57:07 - exp3c_moe_swiglu_learned_pool_layer4 - INFO -   Evaluating on validation set...
2025-11-17 00:57:46 - exp3c_moe_swiglu_learned_pool_layer4 - INFO - Checkpoint saved (epoch 2, step 7996)
2025-11-17 00:57:46 - exp3c_moe_swiglu_learned_pool_layer4 - INFO - 
--- Epoch 2 Summary ---
2025-11-17 00:57:46 - exp3c_moe_swiglu_learned_pool_layer4 - INFO - Training Progress:
2025-11-17 00:57:46 - exp3c_moe_swiglu_learned_pool_layer4 - INFO -   Loss (learning avg): 0.0038
2025-11-17 00:57:46 - exp3c_moe_swiglu_learned_pool_layer4 - INFO -   Loss (first batch):  0.0047
2025-11-17 00:57:46 - exp3c_moe_swiglu_learned_pool_layer4 - INFO -   Loss (last batch):   0.0037
2025-11-17 00:57:46 - exp3c_moe_swiglu_learned_pool_layer4 - INFO -   Improvement:         0.0011
2025-11-17 00:57:46 - exp3c_moe_swiglu_learned_pool_layer4 - INFO - 
Final Model Performance:
2025-11-17 00:57:46 - exp3c_moe_swiglu_learned_pool_layer4 - INFO -   Train loss (final):  0.0036
2025-11-17 00:57:46 - exp3c_moe_swiglu_learned_pool_layer4 - INFO -   Val loss:            0.0035
2025-11-17 00:57:46 - exp3c_moe_swiglu_learned_pool_layer4 - INFO -   Gap (train-val loss):+0.0001
2025-11-17 00:57:46 - exp3c_moe_swiglu_learned_pool_layer4 - INFO -   Train Top-10:        0.804
2025-11-17 00:57:46 - exp3c_moe_swiglu_learned_pool_layer4 - INFO -   Val Top-10:          0.798
2025-11-17 00:57:46 - exp3c_moe_swiglu_learned_pool_layer4 - INFO -   ✅ Good generalization (gap = +0.0001)
2025-11-17 00:57:46 - exp3c_moe_swiglu_learned_pool_layer4 - INFO - 
Batch Metrics (during learning):
2025-11-17 00:57:46 - exp3c_moe_swiglu_learned_pool_layer4 - INFO - Train Recall@10: 0.823
2025-11-17 00:57:46 - exp3c_moe_swiglu_learned_pool_layer4 - INFO - Train mAP@20: 0.529
2025-11-17 00:57:46 - exp3c_moe_swiglu_learned_pool_layer4 - INFO - Train Brier: 0.0007
2025-11-17 00:57:46 - exp3c_moe_swiglu_learned_pool_layer4 - INFO - MoE Load CV: 0.272
2025-11-17 00:57:46 - exp3c_moe_swiglu_learned_pool_layer4 - INFO - MoE Collapsed: 0.1
2025-11-17 00:57:46 - exp3c_moe_swiglu_learned_pool_layer4 - INFO - 
Training completed in 1896.0s
2025-11-17 00:58:59 - exp3c_moe_swiglu_learned_pool_layer4 - INFO - Metrics saved to logs/exp3c_moe_swiglu_learned_pool_layer4/
2025-11-17 00:58:59 - exp3c_moe_swiglu_learned_pool_layer4 - INFO - 
================================================================================
2025-11-17 00:58:59 - exp3c_moe_swiglu_learned_pool_layer4 - INFO - EXPERIMENT COMPLETE: exp3c_moe_swiglu_learned_pool_layer4
2025-11-17 00:58:59 - exp3c_moe_swiglu_learned_pool_layer4 - INFO - ================================================================================
2025-11-17 00:58:59 - exp3c_moe_swiglu_learned_pool_layer4 - INFO - Final Top-10 Acc in val: 0.798
2025-11-17 00:58:59 - exp3c_moe_swiglu_learned_pool_layer4 - INFO - Best Val Loss: 0.0000 (epoch 1)
2025-11-17 00:58:59 - exp3c_moe_swiglu_learned_pool_layer4 - INFO - Training Time: 1896.0s
2025-11-17 00:58:59 - exp3c_moe_swiglu_learned_pool_layer4 - INFO - ================================================================================

