2026-03-16 06:21:09 - legacy_replication - INFO - Config: {
  "model_type": "legacy_replication",
  "batch_size": 512,
  "micro_batch_size": 32,
  "accumulation_steps": 16,
  "effective_batch_size": 512,
  "embedding_size": 256,
  "nhid": 512,
  "nhead": 16,
  "nlayers": 6,
  "ndropout": 0.05,
  "cd_cnt": 75516,
  "target_cd_cnt": 6297,
  "lob_vocab": 4,
  "len_dy": 200,
  "len_cd": 80,
  "optimizer": "SGD",
  "learning_rate": 0.01,
  "momentum": 0.9,
  "scheduler": "CosineAnnealingLR",
  "T_max": 1,
  "loss": "BCEWithLogitsLoss",
  "gradient_clip": 0.25,
  "val_split": 0.1,
  "num_epochs": 1,
  "total_params": 24880025,
  "training_table": "edp-prod-storage.edp_ent_sdoheir_cns.a834793_Combined_All_LOB_o3_train_10pct_sample",
  "train_samples": 1579185,
  "val_samples": 175466,
  "parallel": true,
  "num_gpus": 4,
  "bug_fixes": [
    "no_log_softmax",
    "clip_before_step",
    "no_double_update"
  ],
  "mixed_precision": true,
  "differences_from_moe_framework": {
    "no_mixed_precision": false,
    "no_moe": true,
    "sgd_not_adamw": true,
    "nhid_512_not_1024": true,
    "batch_512_not_32": true
  }
}
2026-03-16 06:21:33 - legacy_replication - DEBUG -     Loss: 0.8047 | R@10: 0.013 | R@20: 0.057 | uR@10: 0.002 | P@10: 0.001 | NDCG@20: 0.004 | PosBrier: 0.2708
2026-03-16 06:23:53 - legacy_replication - DEBUG -     Loss: 0.7986 | R@10: 0.010 | R@20: 0.055 | uR@10: 0.002 | P@10: 0.001 | NDCG@20: 0.004 | PosBrier: 0.2688
2026-03-16 06:24:29 - legacy_replication - DEBUG -     Loss: 0.7859 | R@10: 0.012 | R@20: 0.038 | uR@10: 0.003 | P@10: 0.001 | NDCG@20: 0.003 | PosBrier: 0.2635
2026-03-16 06:25:05 - legacy_replication - DEBUG -     Loss: 0.7715 | R@10: 0.004 | R@20: 0.013 | uR@10: 0.001 | P@10: 0.000 | NDCG@20: 0.001 | PosBrier: 0.2806
2026-03-16 06:25:41 - legacy_replication - DEBUG -     Loss: 0.7548 | R@10: 0.002 | R@20: 0.011 | uR@10: 0.001 | P@10: 0.000 | NDCG@20: 0.001 | PosBrier: 0.2843
2026-03-16 06:26:17 - legacy_replication - DEBUG -     Loss: 0.7422 | R@10: 0.000 | R@20: 0.001 | uR@10: 0.000 | P@10: 0.000 | NDCG@20: 0.000 | PosBrier: 0.2995
2026-03-16 06:27:49 - legacy_replication - DEBUG -     Loss: 0.7308 | R@10: 0.002 | R@20: 0.009 | uR@10: 0.000 | P@10: 0.000 | NDCG@20: 0.000 | PosBrier: 0.2898
2026-03-16 06:28:24 - legacy_replication - DEBUG -     Loss: 0.7206 | R@10: 0.002 | R@20: 0.009 | uR@10: 0.000 | P@10: 0.000 | NDCG@20: 0.001 | PosBrier: 0.2765
2026-03-16 06:29:01 - legacy_replication - DEBUG -     Loss: 0.7097 | R@10: 0.005 | R@20: 0.012 | uR@10: 0.001 | P@10: 0.001 | NDCG@20: 0.001 | PosBrier: 0.2998
2026-03-16 06:29:37 - legacy_replication - DEBUG -     Loss: 0.7014 | R@10: 0.005 | R@20: 0.014 | uR@10: 0.001 | P@10: 0.001 | NDCG@20: 0.001 | PosBrier: 0.2942
2026-03-16 06:30:13 - legacy_replication - DEBUG -     Loss: 0.6937 | R@10: 0.003 | R@20: 0.010 | uR@10: 0.001 | P@10: 0.000 | NDCG@20: 0.001 | PosBrier: 0.3070
2026-03-16 06:31:42 - legacy_replication - DEBUG -     Loss: 0.6864 | R@10: 0.005 | R@20: 0.011 | uR@10: 0.001 | P@10: 0.000 | NDCG@20: 0.001 | PosBrier: 0.3058
2026-03-16 06:32:18 - legacy_replication - DEBUG -     Loss: 0.6785 | R@10: 0.002 | R@20: 0.003 | uR@10: 0.000 | P@10: 0.000 | NDCG@20: 0.000 | PosBrier: 0.2969
2026-03-16 06:32:55 - legacy_replication - DEBUG -     Loss: 0.6720 | R@10: 0.001 | R@20: 0.003 | uR@10: 0.000 | P@10: 0.000 | NDCG@20: 0.000 | PosBrier: 0.2975
2026-03-16 06:33:31 - legacy_replication - DEBUG -     Loss: 0.6659 | R@10: 0.006 | R@20: 0.012 | uR@10: 0.001 | P@10: 0.001 | NDCG@20: 0.001 | PosBrier: 0.3126
2026-03-16 06:34:07 - legacy_replication - DEBUG -     Loss: 0.6600 | R@10: 0.006 | R@20: 0.011 | uR@10: 0.001 | P@10: 0.001 | NDCG@20: 0.001 | PosBrier: 0.3169
2026-03-16 06:35:40 - legacy_replication - DEBUG -     Loss: 0.6531 | R@10: 0.006 | R@20: 0.016 | uR@10: 0.001 | P@10: 0.001 | NDCG@20: 0.001 | PosBrier: 0.3075
2026-03-16 06:36:16 - legacy_replication - DEBUG -     Loss: 0.6475 | R@10: 0.008 | R@20: 0.020 | uR@10: 0.002 | P@10: 0.001 | NDCG@20: 0.002 | PosBrier: 0.3101
2026-03-16 06:36:53 - legacy_replication - DEBUG -     Loss: 0.6422 | R@10: 0.006 | R@20: 0.014 | uR@10: 0.001 | P@10: 0.001 | NDCG@20: 0.001 | PosBrier: 0.3342
2026-03-16 06:37:30 - legacy_replication - DEBUG -     Loss: 0.6368 | R@10: 0.003 | R@20: 0.009 | uR@10: 0.001 | P@10: 0.000 | NDCG@20: 0.001 | PosBrier: 0.3226
2026-03-16 06:38:06 - legacy_replication - DEBUG -     Loss: 0.6309 | R@10: 0.003 | R@20: 0.013 | uR@10: 0.000 | P@10: 0.000 | NDCG@20: 0.001 | PosBrier: 0.3214
2026-03-16 06:39:34 - legacy_replication - DEBUG -     Loss: 0.6257 | R@10: 0.007 | R@20: 0.016 | uR@10: 0.002 | P@10: 0.001 | NDCG@20: 0.001 | PosBrier: 0.3292
2026-03-16 06:40:10 - legacy_replication - DEBUG -     Loss: 0.6207 | R@10: 0.001 | R@20: 0.009 | uR@10: 0.000 | P@10: 0.000 | NDCG@20: 0.001 | PosBrier: 0.3343
2026-03-16 06:40:47 - legacy_replication - DEBUG -     Loss: 0.6156 | R@10: 0.001 | R@20: 0.008 | uR@10: 0.000 | P@10: 0.000 | NDCG@20: 0.001 | PosBrier: 0.3326
2026-03-16 06:41:24 - legacy_replication - DEBUG -     Loss: 0.6098 | R@10: 0.009 | R@20: 0.017 | uR@10: 0.002 | P@10: 0.001 | NDCG@20: 0.001 | PosBrier: 0.3301
2026-03-16 06:41:59 - legacy_replication - DEBUG -     Loss: 0.6049 | R@10: 0.002 | R@20: 0.010 | uR@10: 0.000 | P@10: 0.000 | NDCG@20: 0.001 | PosBrier: 0.3345
2026-03-16 06:43:31 - legacy_replication - DEBUG -     Loss: 0.6002 | R@10: 0.004 | R@20: 0.010 | uR@10: 0.001 | P@10: 0.000 | NDCG@20: 0.001 | PosBrier: 0.3310
2026-03-16 06:44:07 - legacy_replication - DEBUG -     Loss: 0.5952 | R@10: 0.005 | R@20: 0.021 | uR@10: 0.001 | P@10: 0.001 | NDCG@20: 0.002 | PosBrier: 0.3422
2026-03-16 06:44:44 - legacy_replication - DEBUG -     Loss: 0.5899 | R@10: 0.003 | R@20: 0.007 | uR@10: 0.001 | P@10: 0.000 | NDCG@20: 0.000 | PosBrier: 0.3425
2026-03-16 06:45:22 - legacy_replication - DEBUG -     Loss: 0.5853 | R@10: 0.007 | R@20: 0.020 | uR@10: 0.001 | P@10: 0.001 | NDCG@20: 0.001 | PosBrier: 0.3409
2026-03-16 06:45:59 - legacy_replication - DEBUG -     Loss: 0.5806 | R@10: 0.003 | R@20: 0.009 | uR@10: 0.001 | P@10: 0.000 | NDCG@20: 0.001 | PosBrier: 0.3560
2026-03-16 06:47:34 - legacy_replication - DEBUG -     Loss: 0.5757 | R@10: 0.008 | R@20: 0.019 | uR@10: 0.002 | P@10: 0.001 | NDCG@20: 0.001 | PosBrier: 0.3503
2026-03-16 06:48:11 - legacy_replication - DEBUG -     Loss: 0.5706 | R@10: 0.003 | R@20: 0.014 | uR@10: 0.001 | P@10: 0.000 | NDCG@20: 0.001 | PosBrier: 0.3464
2026-03-16 06:48:47 - legacy_replication - DEBUG -     Loss: 0.5662 | R@10: 0.005 | R@20: 0.017 | uR@10: 0.001 | P@10: 0.001 | NDCG@20: 0.001 | PosBrier: 0.3517
2026-03-16 06:49:23 - legacy_replication - DEBUG -     Loss: 0.5618 | R@10: 0.006 | R@20: 0.013 | uR@10: 0.001 | P@10: 0.001 | NDCG@20: 0.001 | PosBrier: 0.3581
2026-03-16 06:50:00 - legacy_replication - DEBUG -     Loss: 0.5577 | R@10: 0.004 | R@20: 0.010 | uR@10: 0.001 | P@10: 0.000 | NDCG@20: 0.001 | PosBrier: 0.3484
2026-03-16 06:51:28 - legacy_replication - DEBUG -     Loss: 0.5524 | R@10: 0.003 | R@20: 0.012 | uR@10: 0.001 | P@10: 0.000 | NDCG@20: 0.001 | PosBrier: 0.3514
2026-03-16 06:52:05 - legacy_replication - DEBUG -     Loss: 0.5478 | R@10: 0.005 | R@20: 0.011 | uR@10: 0.001 | P@10: 0.000 | NDCG@20: 0.001 | PosBrier: 0.3561
2026-03-16 06:52:41 - legacy_replication - DEBUG -     Loss: 0.5435 | R@10: 0.003 | R@20: 0.013 | uR@10: 0.001 | P@10: 0.000 | NDCG@20: 0.001 | PosBrier: 0.3459
2026-03-16 06:53:17 - legacy_replication - DEBUG -     Loss: 0.5396 | R@10: 0.008 | R@20: 0.021 | uR@10: 0.002 | P@10: 0.001 | NDCG@20: 0.001 | PosBrier: 0.3639
2026-03-16 06:53:54 - legacy_replication - DEBUG -     Loss: 0.5350 | R@10: 0.005 | R@20: 0.020 | uR@10: 0.001 | P@10: 0.001 | NDCG@20: 0.001 | PosBrier: 0.3573
2026-03-16 06:55:22 - legacy_replication - DEBUG -     Loss: 0.5302 | R@10: 0.008 | R@20: 0.017 | uR@10: 0.001 | P@10: 0.001 | NDCG@20: 0.001 | PosBrier: 0.3612
2026-03-16 06:55:59 - legacy_replication - DEBUG -     Loss: 0.5265 | R@10: 0.007 | R@20: 0.025 | uR@10: 0.001 | P@10: 0.001 | NDCG@20: 0.002 | PosBrier: 0.3677
2026-03-16 06:56:36 - legacy_replication - DEBUG -     Loss: 0.5226 | R@10: 0.009 | R@20: 0.021 | uR@10: 0.002 | P@10: 0.001 | NDCG@20: 0.002 | PosBrier: 0.3614
2026-03-16 06:57:12 - legacy_replication - DEBUG -     Loss: 0.5177 | R@10: 0.007 | R@20: 0.021 | uR@10: 0.001 | P@10: 0.001 | NDCG@20: 0.001 | PosBrier: 0.3670
2026-03-16 06:57:50 - legacy_replication - DEBUG -     Loss: 0.5139 | R@10: 0.005 | R@20: 0.017 | uR@10: 0.001 | P@10: 0.001 | NDCG@20: 0.001 | PosBrier: 0.3680
2026-03-16 06:59:27 - legacy_replication - DEBUG -     Loss: 0.5096 | R@10: 0.012 | R@20: 0.032 | uR@10: 0.002 | P@10: 0.001 | NDCG@20: 0.002 | PosBrier: 0.3654
2026-03-16 07:00:05 - legacy_replication - DEBUG -     Loss: 0.5056 | R@10: 0.013 | R@20: 0.031 | uR@10: 0.003 | P@10: 0.001 | NDCG@20: 0.003 | PosBrier: 0.3716
2026-03-16 07:00:42 - legacy_replication - DEBUG -     Loss: 0.5010 | R@10: 0.004 | R@20: 0.018 | uR@10: 0.001 | P@10: 0.000 | NDCG@20: 0.001 | PosBrier: 0.3747
2026-03-16 07:01:19 - legacy_replication - DEBUG -     Loss: 0.4975 | R@10: 0.012 | R@20: 0.031 | uR@10: 0.002 | P@10: 0.001 | NDCG@20: 0.002 | PosBrier: 0.3677
2026-03-16 07:01:56 - legacy_replication - DEBUG -     Loss: 0.4938 | R@10: 0.004 | R@20: 0.015 | uR@10: 0.001 | P@10: 0.000 | NDCG@20: 0.001 | PosBrier: 0.3917
2026-03-16 07:03:24 - legacy_replication - DEBUG -     Loss: 0.4903 | R@10: 0.010 | R@20: 0.029 | uR@10: 0.002 | P@10: 0.001 | NDCG@20: 0.002 | PosBrier: 0.3825
2026-03-16 07:04:01 - legacy_replication - DEBUG -     Loss: 0.4852 | R@10: 0.011 | R@20: 0.029 | uR@10: 0.002 | P@10: 0.001 | NDCG@20: 0.002 | PosBrier: 0.3859
2026-03-16 07:04:37 - legacy_replication - DEBUG -     Loss: 0.4817 | R@10: 0.006 | R@20: 0.024 | uR@10: 0.001 | P@10: 0.001 | NDCG@20: 0.002 | PosBrier: 0.3885
2026-03-16 07:05:13 - legacy_replication - DEBUG -     Loss: 0.4789 | R@10: 0.012 | R@20: 0.026 | uR@10: 0.002 | P@10: 0.001 | NDCG@20: 0.002 | PosBrier: 0.4071
2026-03-16 07:05:49 - legacy_replication - DEBUG -     Loss: 0.4739 | R@10: 0.007 | R@20: 0.025 | uR@10: 0.001 | P@10: 0.001 | NDCG@20: 0.002 | PosBrier: 0.4018
2026-03-16 07:07:20 - legacy_replication - DEBUG -     Loss: 0.4697 | R@10: 0.005 | R@20: 0.021 | uR@10: 0.001 | P@10: 0.001 | NDCG@20: 0.002 | PosBrier: 0.4054
2026-03-16 07:07:56 - legacy_replication - DEBUG -     Loss: 0.4665 | R@10: 0.004 | R@20: 0.033 | uR@10: 0.001 | P@10: 0.000 | NDCG@20: 0.003 | PosBrier: 0.3769
2026-03-16 07:08:33 - legacy_replication - DEBUG -     Loss: 0.4625 | R@10: 0.012 | R@20: 0.044 | uR@10: 0.002 | P@10: 0.001 | NDCG@20: 0.003 | PosBrier: 0.3971
2026-03-16 07:09:09 - legacy_replication - DEBUG -     Loss: 0.4587 | R@10: 0.007 | R@20: 0.028 | uR@10: 0.001 | P@10: 0.001 | NDCG@20: 0.002 | PosBrier: 0.4115
2026-03-16 07:09:45 - legacy_replication - DEBUG -     Loss: 0.4551 | R@10: 0.008 | R@20: 0.033 | uR@10: 0.001 | P@10: 0.001 | NDCG@20: 0.002 | PosBrier: 0.4008
2026-03-16 07:11:11 - legacy_replication - DEBUG -     Loss: 0.4521 | R@10: 0.007 | R@20: 0.024 | uR@10: 0.001 | P@10: 0.001 | NDCG@20: 0.002 | PosBrier: 0.4127
2026-03-16 07:11:48 - legacy_replication - DEBUG -     Loss: 0.4479 | R@10: 0.015 | R@20: 0.049 | uR@10: 0.003 | P@10: 0.002 | NDCG@20: 0.003 | PosBrier: 0.4126
2026-03-16 07:12:25 - legacy_replication - DEBUG -     Loss: 0.4442 | R@10: 0.013 | R@20: 0.045 | uR@10: 0.002 | P@10: 0.001 | NDCG@20: 0.003 | PosBrier: 0.4053
2026-03-16 07:13:01 - legacy_replication - DEBUG -     Loss: 0.4407 | R@10: 0.008 | R@20: 0.035 | uR@10: 0.002 | P@10: 0.001 | NDCG@20: 0.003 | PosBrier: 0.4091
2026-03-16 07:13:37 - legacy_replication - DEBUG -     Loss: 0.4372 | R@10: 0.023 | R@20: 0.055 | uR@10: 0.004 | P@10: 0.002 | NDCG@20: 0.004 | PosBrier: 0.4000
2026-03-16 07:15:06 - legacy_replication - DEBUG -     Loss: 0.4339 | R@10: 0.010 | R@20: 0.042 | uR@10: 0.002 | P@10: 0.001 | NDCG@20: 0.003 | PosBrier: 0.3994
2026-03-16 07:15:42 - legacy_replication - DEBUG -     Loss: 0.4304 | R@10: 0.013 | R@20: 0.049 | uR@10: 0.002 | P@10: 0.001 | NDCG@20: 0.003 | PosBrier: 0.4065
2026-03-16 07:16:19 - legacy_replication - DEBUG -     Loss: 0.4270 | R@10: 0.012 | R@20: 0.050 | uR@10: 0.002 | P@10: 0.001 | NDCG@20: 0.004 | PosBrier: 0.4194
2026-03-16 07:16:55 - legacy_replication - DEBUG -     Loss: 0.4232 | R@10: 0.010 | R@20: 0.039 | uR@10: 0.002 | P@10: 0.001 | NDCG@20: 0.003 | PosBrier: 0.4199
2026-03-16 07:17:32 - legacy_replication - DEBUG -     Loss: 0.4199 | R@10: 0.015 | R@20: 0.055 | uR@10: 0.003 | P@10: 0.001 | NDCG@20: 0.004 | PosBrier: 0.4270
2026-03-16 07:19:00 - legacy_replication - DEBUG -     Loss: 0.4168 | R@10: 0.015 | R@20: 0.039 | uR@10: 0.003 | P@10: 0.002 | NDCG@20: 0.003 | PosBrier: 0.4347
2026-03-16 07:19:37 - legacy_replication - DEBUG -     Loss: 0.4125 | R@10: 0.029 | R@20: 0.073 | uR@10: 0.005 | P@10: 0.003 | NDCG@20: 0.005 | PosBrier: 0.4133
2026-03-16 07:20:14 - legacy_replication - DEBUG -     Loss: 0.4097 | R@10: 0.022 | R@20: 0.060 | uR@10: 0.005 | P@10: 0.002 | NDCG@20: 0.005 | PosBrier: 0.4275
2026-03-16 07:20:50 - legacy_replication - DEBUG -     Loss: 0.4059 | R@10: 0.016 | R@20: 0.042 | uR@10: 0.004 | P@10: 0.002 | NDCG@20: 0.003 | PosBrier: 0.4365
2026-03-16 07:21:27 - legacy_replication - DEBUG -     Loss: 0.4024 | R@10: 0.020 | R@20: 0.063 | uR@10: 0.004 | P@10: 0.002 | NDCG@20: 0.005 | PosBrier: 0.4355
2026-03-16 07:23:01 - legacy_replication - DEBUG -     Loss: 0.4000 | R@10: 0.023 | R@20: 0.070 | uR@10: 0.004 | P@10: 0.002 | NDCG@20: 0.005 | PosBrier: 0.4309
2026-03-16 07:23:38 - legacy_replication - DEBUG -     Loss: 0.3960 | R@10: 0.030 | R@20: 0.067 | uR@10: 0.006 | P@10: 0.003 | NDCG@20: 0.005 | PosBrier: 0.4263
2026-03-16 07:24:15 - legacy_replication - DEBUG -     Loss: 0.3934 | R@10: 0.036 | R@20: 0.081 | uR@10: 0.006 | P@10: 0.004 | NDCG@20: 0.006 | PosBrier: 0.4428
2026-03-16 07:24:51 - legacy_replication - DEBUG -     Loss: 0.3908 | R@10: 0.037 | R@20: 0.088 | uR@10: 0.008 | P@10: 0.004 | NDCG@20: 0.007 | PosBrier: 0.4362
2026-03-16 07:25:27 - legacy_replication - DEBUG -     Loss: 0.3863 | R@10: 0.036 | R@20: 0.100 | uR@10: 0.007 | P@10: 0.004 | NDCG@20: 0.008 | PosBrier: 0.4398
2026-03-16 07:26:58 - legacy_replication - DEBUG -     Loss: 0.3842 | R@10: 0.027 | R@20: 0.074 | uR@10: 0.005 | P@10: 0.003 | NDCG@20: 0.006 | PosBrier: 0.4549
2026-03-16 07:27:35 - legacy_replication - DEBUG -     Loss: 0.3802 | R@10: 0.031 | R@20: 0.103 | uR@10: 0.006 | P@10: 0.003 | NDCG@20: 0.008 | PosBrier: 0.4498
2026-03-16 07:28:12 - legacy_replication - DEBUG -     Loss: 0.3787 | R@10: 0.030 | R@20: 0.079 | uR@10: 0.007 | P@10: 0.003 | NDCG@20: 0.006 | PosBrier: 0.4439
2026-03-16 07:28:49 - legacy_replication - DEBUG -     Loss: 0.3740 | R@10: 0.049 | R@20: 0.118 | uR@10: 0.010 | P@10: 0.005 | NDCG@20: 0.009 | PosBrier: 0.4450
2026-03-16 07:29:26 - legacy_replication - DEBUG -     Loss: 0.3706 | R@10: 0.040 | R@20: 0.112 | uR@10: 0.008 | P@10: 0.004 | NDCG@20: 0.010 | PosBrier: 0.4473
2026-03-16 07:30:56 - legacy_replication - DEBUG -     Loss: 0.3678 | R@10: 0.065 | R@20: 0.135 | uR@10: 0.011 | P@10: 0.007 | NDCG@20: 0.010 | PosBrier: 0.4538
2026-03-16 07:31:32 - legacy_replication - DEBUG -     Loss: 0.3653 | R@10: 0.049 | R@20: 0.099 | uR@10: 0.010 | P@10: 0.005 | NDCG@20: 0.007 | PosBrier: 0.4565
2026-03-16 07:32:09 - legacy_replication - DEBUG -     Loss: 0.3619 | R@10: 0.023 | R@20: 0.081 | uR@10: 0.006 | P@10: 0.002 | NDCG@20: 0.006 | PosBrier: 0.4562
2026-03-16 07:32:45 - legacy_replication - DEBUG -     Loss: 0.3597 | R@10: 0.056 | R@20: 0.102 | uR@10: 0.013 | P@10: 0.006 | NDCG@20: 0.008 | PosBrier: 0.4633
2026-03-16 07:33:22 - legacy_replication - DEBUG -     Loss: 0.3558 | R@10: 0.089 | R@20: 0.163 | uR@10: 0.013 | P@10: 0.009 | NDCG@20: 0.013 | PosBrier: 0.4643
2026-03-16 07:34:54 - legacy_replication - DEBUG -     Loss: 0.3538 | R@10: 0.054 | R@20: 0.148 | uR@10: 0.010 | P@10: 0.005 | NDCG@20: 0.012 | PosBrier: 0.4641
2026-03-16 07:35:31 - legacy_replication - DEBUG -     Loss: 0.3505 | R@10: 0.069 | R@20: 0.155 | uR@10: 0.013 | P@10: 0.007 | NDCG@20: 0.012 | PosBrier: 0.4648
2026-03-16 07:36:07 - legacy_replication - DEBUG -     Loss: 0.3468 | R@10: 0.064 | R@20: 0.123 | uR@10: 0.013 | P@10: 0.007 | NDCG@20: 0.010 | PosBrier: 0.4680
2026-03-16 07:36:43 - legacy_replication - DEBUG -     Loss: 0.3446 | R@10: 0.060 | R@20: 0.129 | uR@10: 0.012 | P@10: 0.006 | NDCG@20: 0.013 | PosBrier: 0.4743
2026-03-16 07:37:20 - legacy_replication - DEBUG -     Loss: 0.3421 | R@10: 0.095 | R@20: 0.187 | uR@10: 0.015 | P@10: 0.010 | NDCG@20: 0.015 | PosBrier: 0.4722
2026-03-16 07:38:56 - legacy_replication - DEBUG -     Loss: 0.3384 | R@10: 0.102 | R@20: 0.198 | uR@10: 0.018 | P@10: 0.010 | NDCG@20: 0.016 | PosBrier: 0.4611
2026-03-16 07:39:32 - legacy_replication - DEBUG -     Loss: 0.3361 | R@10: 0.074 | R@20: 0.137 | uR@10: 0.016 | P@10: 0.007 | NDCG@20: 0.012 | PosBrier: 0.4756
2026-03-16 07:40:09 - legacy_replication - DEBUG -     Loss: 0.3328 | R@10: 0.101 | R@20: 0.188 | uR@10: 0.021 | P@10: 0.011 | NDCG@20: 0.017 | PosBrier: 0.4739
2026-03-16 07:40:45 - legacy_replication - DEBUG -     Loss: 0.3309 | R@10: 0.055 | R@20: 0.123 | uR@10: 0.013 | P@10: 0.006 | NDCG@20: 0.011 | PosBrier: 0.4901
2026-03-16 07:41:21 - legacy_replication - DEBUG -     Loss: 0.3288 | R@10: 0.094 | R@20: 0.179 | uR@10: 0.018 | P@10: 0.009 | NDCG@20: 0.016 | PosBrier: 0.4895
2026-03-16 07:42:56 - legacy_replication - DEBUG -     Loss: 0.3254 | R@10: 0.117 | R@20: 0.206 | uR@10: 0.023 | P@10: 0.012 | NDCG@20: 0.019 | PosBrier: 0.4868
2026-03-16 07:43:32 - legacy_replication - DEBUG -     Loss: 0.3228 | R@10: 0.094 | R@20: 0.177 | uR@10: 0.020 | P@10: 0.010 | NDCG@20: 0.016 | PosBrier: 0.4892
2026-03-16 07:44:08 - legacy_replication - DEBUG -     Loss: 0.3203 | R@10: 0.134 | R@20: 0.245 | uR@10: 0.022 | P@10: 0.014 | NDCG@20: 0.022 | PosBrier: 0.5006
2026-03-16 07:44:45 - legacy_replication - DEBUG -     Loss: 0.3165 | R@10: 0.129 | R@20: 0.189 | uR@10: 0.030 | P@10: 0.013 | NDCG@20: 0.019 | PosBrier: 0.4947
2026-03-16 07:45:21 - legacy_replication - DEBUG -     Loss: 0.3139 | R@10: 0.117 | R@20: 0.201 | uR@10: 0.024 | P@10: 0.012 | NDCG@20: 0.018 | PosBrier: 0.4981
2026-03-16 07:46:58 - legacy_replication - DEBUG -     Loss: 0.3121 | R@10: 0.150 | R@20: 0.230 | uR@10: 0.029 | P@10: 0.016 | NDCG@20: 0.023 | PosBrier: 0.4892
2026-03-16 07:47:34 - legacy_replication - DEBUG -     Loss: 0.3086 | R@10: 0.143 | R@20: 0.217 | uR@10: 0.033 | P@10: 0.015 | NDCG@20: 0.024 | PosBrier: 0.5068
2026-03-16 07:48:11 - legacy_replication - DEBUG -     Loss: 0.3070 | R@10: 0.153 | R@20: 0.248 | uR@10: 0.031 | P@10: 0.016 | NDCG@20: 0.026 | PosBrier: 0.4886
2026-03-16 07:48:47 - legacy_replication - DEBUG -     Loss: 0.3048 | R@10: 0.144 | R@20: 0.207 | uR@10: 0.029 | P@10: 0.015 | NDCG@20: 0.022 | PosBrier: 0.5211
2026-03-16 07:49:23 - legacy_replication - DEBUG -     Loss: 0.3010 | R@10: 0.158 | R@20: 0.247 | uR@10: 0.034 | P@10: 0.016 | NDCG@20: 0.026 | PosBrier: 0.5054
2026-03-16 07:50:53 - legacy_replication - DEBUG -     Loss: 0.3004 | R@10: 0.142 | R@20: 0.233 | uR@10: 0.028 | P@10: 0.015 | NDCG@20: 0.023 | PosBrier: 0.4938
2026-03-16 07:51:29 - legacy_replication - DEBUG -     Loss: 0.2971 | R@10: 0.154 | R@20: 0.226 | uR@10: 0.034 | P@10: 0.016 | NDCG@20: 0.025 | PosBrier: 0.5217
2026-03-16 07:52:05 - legacy_replication - DEBUG -     Loss: 0.2941 | R@10: 0.164 | R@20: 0.251 | uR@10: 0.035 | P@10: 0.017 | NDCG@20: 0.026 | PosBrier: 0.5067
2026-03-16 07:52:42 - legacy_replication - DEBUG -     Loss: 0.2914 | R@10: 0.157 | R@20: 0.246 | uR@10: 0.035 | P@10: 0.016 | NDCG@20: 0.025 | PosBrier: 0.5117
2026-03-16 07:53:18 - legacy_replication - DEBUG -     Loss: 0.2889 | R@10: 0.165 | R@20: 0.261 | uR@10: 0.037 | P@10: 0.017 | NDCG@20: 0.029 | PosBrier: 0.5149
2026-03-16 07:54:55 - legacy_replication - DEBUG -     Loss: 0.2865 | R@10: 0.162 | R@20: 0.221 | uR@10: 0.036 | P@10: 0.017 | NDCG@20: 0.024 | PosBrier: 0.5168
2026-03-16 07:55:31 - legacy_replication - DEBUG -     Loss: 0.2851 | R@10: 0.168 | R@20: 0.230 | uR@10: 0.041 | P@10: 0.017 | NDCG@20: 0.028 | PosBrier: 0.5161
2026-03-16 07:56:07 - legacy_replication - DEBUG -     Loss: 0.2826 | R@10: 0.223 | R@20: 0.316 | uR@10: 0.043 | P@10: 0.023 | NDCG@20: 0.037 | PosBrier: 0.5178
2026-03-16 07:56:43 - legacy_replication - DEBUG -     Loss: 0.2794 | R@10: 0.235 | R@20: 0.313 | uR@10: 0.049 | P@10: 0.024 | NDCG@20: 0.038 | PosBrier: 0.5168
2026-03-16 07:57:20 - legacy_replication - DEBUG -     Loss: 0.2774 | R@10: 0.223 | R@20: 0.318 | uR@10: 0.042 | P@10: 0.024 | NDCG@20: 0.039 | PosBrier: 0.5357
2026-03-16 07:58:53 - legacy_replication - DEBUG -     Loss: 0.2751 | R@10: 0.227 | R@20: 0.317 | uR@10: 0.041 | P@10: 0.024 | NDCG@20: 0.036 | PosBrier: 0.5321
2026-03-16 07:59:29 - legacy_replication - DEBUG -     Loss: 0.2734 | R@10: 0.192 | R@20: 0.259 | uR@10: 0.039 | P@10: 0.020 | NDCG@20: 0.030 | PosBrier: 0.5412
2026-03-16 08:00:05 - legacy_replication - DEBUG -     Loss: 0.2718 | R@10: 0.280 | R@20: 0.356 | uR@10: 0.053 | P@10: 0.029 | NDCG@20: 0.048 | PosBrier: 0.5235
2026-03-16 08:00:40 - legacy_replication - DEBUG -     Loss: 0.2692 | R@10: 0.192 | R@20: 0.251 | uR@10: 0.045 | P@10: 0.020 | NDCG@20: 0.032 | PosBrier: 0.5345
2026-03-16 08:01:16 - legacy_replication - DEBUG -     Loss: 0.2665 | R@10: 0.224 | R@20: 0.276 | uR@10: 0.054 | P@10: 0.023 | NDCG@20: 0.035 | PosBrier: 0.5333
2026-03-16 08:02:51 - legacy_replication - DEBUG -     Loss: 0.2644 | R@10: 0.236 | R@20: 0.297 | uR@10: 0.050 | P@10: 0.026 | NDCG@20: 0.038 | PosBrier: 0.5316
2026-03-16 08:03:27 - legacy_replication - DEBUG -     Loss: 0.2614 | R@10: 0.282 | R@20: 0.357 | uR@10: 0.063 | P@10: 0.030 | NDCG@20: 0.049 | PosBrier: 0.5320
2026-03-16 08:04:03 - legacy_replication - DEBUG -     Loss: 0.2591 | R@10: 0.189 | R@20: 0.240 | uR@10: 0.049 | P@10: 0.020 | NDCG@20: 0.032 | PosBrier: 0.5516
2026-03-16 08:04:39 - legacy_replication - DEBUG -     Loss: 0.2578 | R@10: 0.240 | R@20: 0.309 | uR@10: 0.052 | P@10: 0.025 | NDCG@20: 0.042 | PosBrier: 0.5483
2026-03-16 08:05:15 - legacy_replication - DEBUG -     Loss: 0.2559 | R@10: 0.220 | R@20: 0.272 | uR@10: 0.054 | P@10: 0.023 | NDCG@20: 0.039 | PosBrier: 0.5595
2026-03-16 08:06:51 - legacy_replication - DEBUG -     Loss: 0.2534 | R@10: 0.311 | R@20: 0.384 | uR@10: 0.059 | P@10: 0.032 | NDCG@20: 0.052 | PosBrier: 0.5483
2026-03-16 08:07:28 - legacy_replication - DEBUG -     Loss: 0.2516 | R@10: 0.306 | R@20: 0.387 | uR@10: 0.052 | P@10: 0.033 | NDCG@20: 0.052 | PosBrier: 0.5475
2026-03-16 08:08:04 - legacy_replication - DEBUG -     Loss: 0.2490 | R@10: 0.251 | R@20: 0.302 | uR@10: 0.059 | P@10: 0.027 | NDCG@20: 0.042 | PosBrier: 0.5459
2026-03-16 08:08:40 - legacy_replication - DEBUG -     Loss: 0.2469 | R@10: 0.277 | R@20: 0.325 | uR@10: 0.061 | P@10: 0.030 | NDCG@20: 0.046 | PosBrier: 0.5637
2026-03-16 08:09:17 - legacy_replication - DEBUG -     Loss: 0.2456 | R@10: 0.303 | R@20: 0.374 | uR@10: 0.069 | P@10: 0.033 | NDCG@20: 0.061 | PosBrier: 0.5487
2026-03-16 08:10:48 - legacy_replication - DEBUG -     Loss: 0.2445 | R@10: 0.330 | R@20: 0.392 | uR@10: 0.066 | P@10: 0.035 | NDCG@20: 0.061 | PosBrier: 0.5451
2026-03-16 08:11:23 - legacy_replication - DEBUG -     Loss: 0.2402 | R@10: 0.255 | R@20: 0.308 | uR@10: 0.061 | P@10: 0.028 | NDCG@20: 0.044 | PosBrier: 0.5570
2026-03-16 08:11:59 - legacy_replication - DEBUG -     Loss: 0.2393 | R@10: 0.311 | R@20: 0.365 | uR@10: 0.069 | P@10: 0.035 | NDCG@20: 0.056 | PosBrier: 0.5474
2026-03-16 08:12:35 - legacy_replication - DEBUG -     Loss: 0.2387 | R@10: 0.315 | R@20: 0.375 | uR@10: 0.065 | P@10: 0.034 | NDCG@20: 0.064 | PosBrier: 0.5618
2026-03-16 08:13:12 - legacy_replication - DEBUG -     Loss: 0.2357 | R@10: 0.327 | R@20: 0.382 | uR@10: 0.072 | P@10: 0.035 | NDCG@20: 0.063 | PosBrier: 0.5504
2026-03-16 08:14:48 - legacy_replication - DEBUG -     Loss: 0.2330 | R@10: 0.417 | R@20: 0.501 | uR@10: 0.078 | P@10: 0.044 | NDCG@20: 0.083 | PosBrier: 0.5555
2026-03-16 08:15:24 - legacy_replication - DEBUG -     Loss: 0.2324 | R@10: 0.376 | R@20: 0.436 | uR@10: 0.074 | P@10: 0.041 | NDCG@20: 0.070 | PosBrier: 0.5557
2026-03-16 08:15:59 - legacy_replication - DEBUG -     Loss: 0.2301 | R@10: 0.306 | R@20: 0.364 | uR@10: 0.069 | P@10: 0.034 | NDCG@20: 0.062 | PosBrier: 0.5690
2026-03-16 08:16:35 - legacy_replication - DEBUG -     Loss: 0.2283 | R@10: 0.315 | R@20: 0.367 | uR@10: 0.070 | P@10: 0.035 | NDCG@20: 0.062 | PosBrier: 0.5705
2026-03-16 08:17:11 - legacy_replication - DEBUG -     Loss: 0.2263 | R@10: 0.312 | R@20: 0.360 | uR@10: 0.066 | P@10: 0.034 | NDCG@20: 0.059 | PosBrier: 0.5756
2026-03-16 08:18:46 - legacy_replication - DEBUG -     Loss: 0.2242 | R@10: 0.423 | R@20: 0.466 | uR@10: 0.083 | P@10: 0.047 | NDCG@20: 0.085 | PosBrier: 0.5812
2026-03-16 08:19:22 - legacy_replication - DEBUG -     Loss: 0.2226 | R@10: 0.266 | R@20: 0.303 | uR@10: 0.071 | P@10: 0.030 | NDCG@20: 0.054 | PosBrier: 0.5802
2026-03-16 08:19:58 - legacy_replication - DEBUG -     Loss: 0.2213 | R@10: 0.363 | R@20: 0.418 | uR@10: 0.075 | P@10: 0.041 | NDCG@20: 0.073 | PosBrier: 0.5798
2026-03-16 08:20:35 - legacy_replication - DEBUG -     Loss: 0.2193 | R@10: 0.500 | R@20: 0.571 | uR@10: 0.088 | P@10: 0.055 | NDCG@20: 0.107 | PosBrier: 0.5724
2026-03-16 08:21:10 - legacy_replication - DEBUG -     Loss: 0.2173 | R@10: 0.446 | R@20: 0.495 | uR@10: 0.078 | P@10: 0.049 | NDCG@20: 0.083 | PosBrier: 0.5791
2026-03-16 08:22:47 - legacy_replication - DEBUG -     Loss: 0.2154 | R@10: 0.329 | R@20: 0.362 | uR@10: 0.087 | P@10: 0.037 | NDCG@20: 0.073 | PosBrier: 0.5878
2026-03-16 08:23:24 - legacy_replication - DEBUG -     Loss: 0.2141 | R@10: 0.358 | R@20: 0.399 | uR@10: 0.070 | P@10: 0.041 | NDCG@20: 0.068 | PosBrier: 0.5859
2026-03-16 08:23:59 - legacy_replication - DEBUG -     Loss: 0.2108 | R@10: 0.394 | R@20: 0.431 | uR@10: 0.094 | P@10: 0.046 | NDCG@20: 0.090 | PosBrier: 0.5767
2026-03-16 08:24:35 - legacy_replication - DEBUG -     Loss: 0.2098 | R@10: 0.443 | R@20: 0.495 | uR@10: 0.090 | P@10: 0.051 | NDCG@20: 0.099 | PosBrier: 0.5676
2026-03-16 08:25:11 - legacy_replication - DEBUG -     Loss: 0.2084 | R@10: 0.366 | R@20: 0.408 | uR@10: 0.085 | P@10: 0.042 | NDCG@20: 0.075 | PosBrier: 0.5852
2026-03-16 08:26:47 - legacy_replication - DEBUG -     Loss: 0.2072 | R@10: 0.364 | R@20: 0.398 | uR@10: 0.081 | P@10: 0.043 | NDCG@20: 0.075 | PosBrier: 0.5866
2026-03-16 08:27:22 - legacy_replication - DEBUG -     Loss: 0.2056 | R@10: 0.413 | R@20: 0.454 | uR@10: 0.092 | P@10: 0.045 | NDCG@20: 0.094 | PosBrier: 0.5864
2026-03-16 08:27:59 - legacy_replication - DEBUG -     Loss: 0.2037 | R@10: 0.368 | R@20: 0.405 | uR@10: 0.078 | P@10: 0.043 | NDCG@20: 0.077 | PosBrier: 0.5981
2026-03-16 08:28:34 - legacy_replication - DEBUG -     Loss: 0.2022 | R@10: 0.426 | R@20: 0.463 | uR@10: 0.096 | P@10: 0.050 | NDCG@20: 0.098 | PosBrier: 0.5877
2026-03-16 08:29:12 - legacy_replication - DEBUG -     Loss: 0.2006 | R@10: 0.477 | R@20: 0.524 | uR@10: 0.097 | P@10: 0.056 | NDCG@20: 0.110 | PosBrier: 0.5810
2026-03-16 08:30:48 - legacy_replication - DEBUG -     Loss: 0.1993 | R@10: 0.434 | R@20: 0.477 | uR@10: 0.085 | P@10: 0.051 | NDCG@20: 0.093 | PosBrier: 0.5990
2026-03-16 08:31:24 - legacy_replication - DEBUG -     Loss: 0.1970 | R@10: 0.417 | R@20: 0.452 | uR@10: 0.081 | P@10: 0.049 | NDCG@20: 0.087 | PosBrier: 0.5941
2026-03-16 08:32:01 - legacy_replication - DEBUG -     Loss: 0.1958 | R@10: 0.325 | R@20: 0.349 | uR@10: 0.077 | P@10: 0.038 | NDCG@20: 0.067 | PosBrier: 0.6110
2026-03-16 08:32:36 - legacy_replication - DEBUG -     Loss: 0.1938 | R@10: 0.339 | R@20: 0.363 | uR@10: 0.085 | P@10: 0.038 | NDCG@20: 0.077 | PosBrier: 0.6120
2026-03-16 08:33:12 - legacy_replication - DEBUG -     Loss: 0.1919 | R@10: 0.351 | R@20: 0.371 | uR@10: 0.082 | P@10: 0.041 | NDCG@20: 0.074 | PosBrier: 0.6080
2026-03-16 08:34:49 - legacy_replication - DEBUG -     Loss: 0.1913 | R@10: 0.404 | R@20: 0.435 | uR@10: 0.080 | P@10: 0.047 | NDCG@20: 0.084 | PosBrier: 0.6163
2026-03-16 08:35:25 - legacy_replication - DEBUG -     Loss: 0.1900 | R@10: 0.385 | R@20: 0.424 | uR@10: 0.091 | P@10: 0.046 | NDCG@20: 0.092 | PosBrier: 0.6040
2026-03-16 08:36:01 - legacy_replication - DEBUG -     Loss: 0.1872 | R@10: 0.491 | R@20: 0.522 | uR@10: 0.100 | P@10: 0.057 | NDCG@20: 0.112 | PosBrier: 0.6036
2026-03-16 08:36:37 - legacy_replication - DEBUG -     Loss: 0.1868 | R@10: 0.358 | R@20: 0.385 | uR@10: 0.089 | P@10: 0.041 | NDCG@20: 0.083 | PosBrier: 0.6208
2026-03-16 08:37:13 - legacy_replication - DEBUG -     Loss: 0.1855 | R@10: 0.416 | R@20: 0.446 | uR@10: 0.095 | P@10: 0.049 | NDCG@20: 0.095 | PosBrier: 0.6129
2026-03-16 08:38:49 - legacy_replication - DEBUG -     Loss: 0.1827 | R@10: 0.403 | R@20: 0.436 | uR@10: 0.090 | P@10: 0.048 | NDCG@20: 0.096 | PosBrier: 0.6201
2026-03-16 08:39:26 - legacy_replication - DEBUG -     Loss: 0.1822 | R@10: 0.364 | R@20: 0.387 | uR@10: 0.082 | P@10: 0.045 | NDCG@20: 0.080 | PosBrier: 0.6248
2026-03-16 08:40:02 - legacy_replication - DEBUG -     Loss: 0.1812 | R@10: 0.409 | R@20: 0.436 | uR@10: 0.096 | P@10: 0.049 | NDCG@20: 0.096 | PosBrier: 0.6211
2026-03-16 08:40:38 - legacy_replication - DEBUG -     Loss: 0.1800 | R@10: 0.393 | R@20: 0.421 | uR@10: 0.096 | P@10: 0.047 | NDCG@20: 0.089 | PosBrier: 0.6223
2026-03-16 08:41:14 - legacy_replication - DEBUG -     Loss: 0.1792 | R@10: 0.462 | R@20: 0.490 | uR@10: 0.099 | P@10: 0.058 | NDCG@20: 0.108 | PosBrier: 0.6190
2026-03-16 08:42:45 - legacy_replication - DEBUG -     Loss: 0.1764 | R@10: 0.486 | R@20: 0.509 | uR@10: 0.106 | P@10: 0.059 | NDCG@20: 0.118 | PosBrier: 0.6101
2026-03-16 08:43:21 - legacy_replication - DEBUG -     Loss: 0.1763 | R@10: 0.458 | R@20: 0.489 | uR@10: 0.090 | P@10: 0.052 | NDCG@20: 0.107 | PosBrier: 0.6392
2026-03-16 08:43:57 - legacy_replication - DEBUG -     Loss: 0.1734 | R@10: 0.425 | R@20: 0.444 | uR@10: 0.115 | P@10: 0.053 | NDCG@20: 0.115 | PosBrier: 0.6104
2026-03-16 08:44:33 - legacy_replication - DEBUG -     Loss: 0.1722 | R@10: 0.324 | R@20: 0.343 | uR@10: 0.090 | P@10: 0.037 | NDCG@20: 0.081 | PosBrier: 0.6375
2026-03-16 08:45:09 - legacy_replication - DEBUG -     Loss: 0.1715 | R@10: 0.561 | R@20: 0.594 | uR@10: 0.107 | P@10: 0.068 | NDCG@20: 0.135 | PosBrier: 0.6186
2026-03-16 08:46:45 - legacy_replication - DEBUG -     Loss: 0.1690 | R@10: 0.418 | R@20: 0.432 | uR@10: 0.104 | P@10: 0.051 | NDCG@20: 0.104 | PosBrier: 0.6277
2026-03-16 08:47:20 - legacy_replication - DEBUG -     Loss: 0.1686 | R@10: 0.422 | R@20: 0.436 | uR@10: 0.109 | P@10: 0.051 | NDCG@20: 0.108 | PosBrier: 0.6277
2026-03-16 08:47:56 - legacy_replication - DEBUG -     Loss: 0.1677 | R@10: 0.329 | R@20: 0.346 | uR@10: 0.092 | P@10: 0.041 | NDCG@20: 0.079 | PosBrier: 0.6391
2026-03-16 08:48:32 - legacy_replication - DEBUG -     Loss: 0.1661 | R@10: 0.498 | R@20: 0.524 | uR@10: 0.098 | P@10: 0.062 | NDCG@20: 0.119 | PosBrier: 0.6407
2026-03-16 08:49:08 - legacy_replication - DEBUG -     Loss: 0.1656 | R@10: 0.507 | R@20: 0.535 | uR@10: 0.095 | P@10: 0.063 | NDCG@20: 0.124 | PosBrier: 0.6402
2026-03-16 08:50:44 - legacy_replication - DEBUG -     Loss: 0.1638 | R@10: 0.482 | R@20: 0.504 | uR@10: 0.113 | P@10: 0.059 | NDCG@20: 0.129 | PosBrier: 0.6303
2026-03-16 08:51:20 - legacy_replication - DEBUG -     Loss: 0.1624 | R@10: 0.392 | R@20: 0.407 | uR@10: 0.106 | P@10: 0.048 | NDCG@20: 0.104 | PosBrier: 0.6309
2026-03-16 08:51:56 - legacy_replication - DEBUG -     Loss: 0.1603 | R@10: 0.575 | R@20: 0.592 | uR@10: 0.118 | P@10: 0.070 | NDCG@20: 0.147 | PosBrier: 0.6359
2026-03-16 08:52:32 - legacy_replication - DEBUG -     Loss: 0.1602 | R@10: 0.466 | R@20: 0.486 | uR@10: 0.105 | P@10: 0.058 | NDCG@20: 0.120 | PosBrier: 0.6426
2026-03-16 08:53:07 - legacy_replication - DEBUG -     Loss: 0.1584 | R@10: 0.468 | R@20: 0.477 | uR@10: 0.105 | P@10: 0.057 | NDCG@20: 0.120 | PosBrier: 0.6501
2026-03-16 08:54:38 - legacy_replication - DEBUG -     Loss: 0.1578 | R@10: 0.453 | R@20: 0.465 | uR@10: 0.111 | P@10: 0.053 | NDCG@20: 0.116 | PosBrier: 0.6363
2026-03-16 08:55:14 - legacy_replication - DEBUG -     Loss: 0.1571 | R@10: 0.477 | R@20: 0.499 | uR@10: 0.107 | P@10: 0.061 | NDCG@20: 0.123 | PosBrier: 0.6414
2026-03-16 08:55:49 - legacy_replication - DEBUG -     Loss: 0.1552 | R@10: 0.558 | R@20: 0.576 | uR@10: 0.126 | P@10: 0.068 | NDCG@20: 0.153 | PosBrier: 0.6350
2026-03-16 08:56:25 - legacy_replication - DEBUG -     Loss: 0.1548 | R@10: 0.405 | R@20: 0.416 | uR@10: 0.107 | P@10: 0.053 | NDCG@20: 0.103 | PosBrier: 0.6450
2026-03-16 08:57:02 - legacy_replication - DEBUG -     Loss: 0.1532 | R@10: 0.407 | R@20: 0.424 | uR@10: 0.106 | P@10: 0.054 | NDCG@20: 0.105 | PosBrier: 0.6548
2026-03-16 08:58:38 - legacy_replication - DEBUG -     Loss: 0.1516 | R@10: 0.334 | R@20: 0.345 | uR@10: 0.107 | P@10: 0.042 | NDCG@20: 0.091 | PosBrier: 0.6549
2026-03-16 08:59:14 - legacy_replication - DEBUG -     Loss: 0.1504 | R@10: 0.412 | R@20: 0.418 | uR@10: 0.110 | P@10: 0.054 | NDCG@20: 0.110 | PosBrier: 0.6573
2026-03-16 08:59:50 - legacy_replication - DEBUG -     Loss: 0.1494 | R@10: 0.400 | R@20: 0.408 | uR@10: 0.113 | P@10: 0.052 | NDCG@20: 0.108 | PosBrier: 0.6549
2026-03-16 09:00:27 - legacy_replication - DEBUG -     Loss: 0.1490 | R@10: 0.474 | R@20: 0.489 | uR@10: 0.109 | P@10: 0.058 | NDCG@20: 0.127 | PosBrier: 0.6542
2026-03-16 09:01:02 - legacy_replication - DEBUG -     Loss: 0.1476 | R@10: 0.485 | R@20: 0.500 | uR@10: 0.109 | P@10: 0.068 | NDCG@20: 0.126 | PosBrier: 0.6500
2026-03-16 09:02:30 - legacy_replication - DEBUG -     Loss: 0.1469 | R@10: 0.510 | R@20: 0.528 | uR@10: 0.115 | P@10: 0.066 | NDCG@20: 0.138 | PosBrier: 0.6556
2026-03-16 09:03:06 - legacy_replication - DEBUG -     Loss: 0.1455 | R@10: 0.524 | R@20: 0.534 | uR@10: 0.121 | P@10: 0.071 | NDCG@20: 0.141 | PosBrier: 0.6503
2026-03-16 09:03:42 - legacy_replication - DEBUG -     Loss: 0.1436 | R@10: 0.476 | R@20: 0.491 | uR@10: 0.115 | P@10: 0.062 | NDCG@20: 0.132 | PosBrier: 0.6598
2026-03-16 09:04:18 - legacy_replication - DEBUG -     Loss: 0.1432 | R@10: 0.562 | R@20: 0.579 | uR@10: 0.117 | P@10: 0.074 | NDCG@20: 0.159 | PosBrier: 0.6595
2026-03-16 09:04:54 - legacy_replication - DEBUG -     Loss: 0.1426 | R@10: 0.527 | R@20: 0.544 | uR@10: 0.115 | P@10: 0.069 | NDCG@20: 0.142 | PosBrier: 0.6603
2026-03-16 09:06:30 - legacy_replication - DEBUG -     Loss: 0.1405 | R@10: 0.441 | R@20: 0.455 | uR@10: 0.117 | P@10: 0.060 | NDCG@20: 0.128 | PosBrier: 0.6552
2026-03-16 09:07:07 - legacy_replication - DEBUG -     Loss: 0.1408 | R@10: 0.361 | R@20: 0.372 | uR@10: 0.114 | P@10: 0.051 | NDCG@20: 0.102 | PosBrier: 0.6618
2026-03-16 09:07:43 - legacy_replication - DEBUG -     Loss: 0.1392 | R@10: 0.440 | R@20: 0.449 | uR@10: 0.112 | P@10: 0.057 | NDCG@20: 0.120 | PosBrier: 0.6658
2026-03-16 09:08:20 - legacy_replication - DEBUG -     Loss: 0.1378 | R@10: 0.452 | R@20: 0.464 | uR@10: 0.119 | P@10: 0.062 | NDCG@20: 0.129 | PosBrier: 0.6665
2026-03-16 09:08:55 - legacy_replication - DEBUG -     Loss: 0.1375 | R@10: 0.465 | R@20: 0.481 | uR@10: 0.124 | P@10: 0.065 | NDCG@20: 0.135 | PosBrier: 0.6605
2026-03-16 09:10:26 - legacy_replication - DEBUG -     Loss: 0.1367 | R@10: 0.343 | R@20: 0.350 | uR@10: 0.112 | P@10: 0.049 | NDCG@20: 0.095 | PosBrier: 0.6781
2026-03-16 09:11:02 - legacy_replication - DEBUG -     Loss: 0.1347 | R@10: 0.489 | R@20: 0.502 | uR@10: 0.125 | P@10: 0.064 | NDCG@20: 0.140 | PosBrier: 0.6723
2026-03-16 09:11:38 - legacy_replication - DEBUG -     Loss: 0.1327 | R@10: 0.422 | R@20: 0.428 | uR@10: 0.123 | P@10: 0.057 | NDCG@20: 0.124 | PosBrier: 0.6776
2026-03-16 09:12:14 - legacy_replication - DEBUG -     Loss: 0.1341 | R@10: 0.525 | R@20: 0.534 | uR@10: 0.116 | P@10: 0.072 | NDCG@20: 0.140 | PosBrier: 0.6733
2026-03-16 09:12:50 - legacy_replication - DEBUG -     Loss: 0.1322 | R@10: 0.487 | R@20: 0.502 | uR@10: 0.116 | P@10: 0.064 | NDCG@20: 0.131 | PosBrier: 0.6771
2026-03-16 09:14:25 - legacy_replication - DEBUG -     Loss: 0.1310 | R@10: 0.325 | R@20: 0.336 | uR@10: 0.127 | P@10: 0.047 | NDCG@20: 0.100 | PosBrier: 0.6683
2026-03-16 09:15:01 - legacy_replication - DEBUG -     Loss: 0.1305 | R@10: 0.438 | R@20: 0.458 | uR@10: 0.121 | P@10: 0.061 | NDCG@20: 0.128 | PosBrier: 0.6709
2026-03-16 09:15:37 - legacy_replication - DEBUG -     Loss: 0.1296 | R@10: 0.464 | R@20: 0.474 | uR@10: 0.117 | P@10: 0.062 | NDCG@20: 0.132 | PosBrier: 0.6791
2026-03-16 09:16:13 - legacy_replication - DEBUG -     Loss: 0.1295 | R@10: 0.424 | R@20: 0.436 | uR@10: 0.117 | P@10: 0.057 | NDCG@20: 0.119 | PosBrier: 0.6814
2026-03-16 09:16:48 - legacy_replication - DEBUG -     Loss: 0.1291 | R@10: 0.467 | R@20: 0.480 | uR@10: 0.121 | P@10: 0.066 | NDCG@20: 0.131 | PosBrier: 0.6807
2026-03-16 09:18:21 - legacy_replication - DEBUG -     Loss: 0.1264 | R@10: 0.431 | R@20: 0.440 | uR@10: 0.106 | P@10: 0.055 | NDCG@20: 0.112 | PosBrier: 0.6915
2026-03-16 09:18:57 - legacy_replication - DEBUG -     Loss: 0.1265 | R@10: 0.466 | R@20: 0.473 | uR@10: 0.119 | P@10: 0.060 | NDCG@20: 0.134 | PosBrier: 0.6867
2026-03-16 09:19:33 - legacy_replication - DEBUG -     Loss: 0.1253 | R@10: 0.380 | R@20: 0.390 | uR@10: 0.116 | P@10: 0.050 | NDCG@20: 0.111 | PosBrier: 0.6902
2026-03-16 09:20:08 - legacy_replication - DEBUG -     Loss: 0.1237 | R@10: 0.446 | R@20: 0.453 | uR@10: 0.127 | P@10: 0.065 | NDCG@20: 0.129 | PosBrier: 0.6905
2026-03-16 09:20:44 - legacy_replication - DEBUG -     Loss: 0.1236 | R@10: 0.417 | R@20: 0.427 | uR@10: 0.121 | P@10: 0.059 | NDCG@20: 0.121 | PosBrier: 0.6911
2026-03-16 09:22:17 - legacy_replication - DEBUG -     Loss: 0.1230 | R@10: 0.566 | R@20: 0.579 | uR@10: 0.131 | P@10: 0.077 | NDCG@20: 0.164 | PosBrier: 0.6778
2026-03-16 09:22:53 - legacy_replication - DEBUG -     Loss: 0.1220 | R@10: 0.508 | R@20: 0.520 | uR@10: 0.141 | P@10: 0.071 | NDCG@20: 0.160 | PosBrier: 0.6900
2026-03-16 09:23:29 - legacy_replication - DEBUG -     Loss: 0.1215 | R@10: 0.449 | R@20: 0.455 | uR@10: 0.123 | P@10: 0.062 | NDCG@20: 0.132 | PosBrier: 0.6956
2026-03-16 09:24:05 - legacy_replication - DEBUG -     Loss: 0.1213 | R@10: 0.509 | R@20: 0.521 | uR@10: 0.113 | P@10: 0.071 | NDCG@20: 0.144 | PosBrier: 0.7010
2026-03-16 09:24:41 - legacy_replication - DEBUG -     Loss: 0.1197 | R@10: 0.450 | R@20: 0.461 | uR@10: 0.125 | P@10: 0.062 | NDCG@20: 0.134 | PosBrier: 0.6969
2026-03-16 09:26:10 - legacy_replication - DEBUG -     Loss: 0.1182 | R@10: 0.447 | R@20: 0.453 | uR@10: 0.136 | P@10: 0.065 | NDCG@20: 0.139 | PosBrier: 0.6851
2026-03-16 09:26:46 - legacy_replication - DEBUG -     Loss: 0.1175 | R@10: 0.467 | R@20: 0.482 | uR@10: 0.131 | P@10: 0.070 | NDCG@20: 0.143 | PosBrier: 0.6913
2026-03-16 09:27:22 - legacy_replication - DEBUG -     Loss: 0.1172 | R@10: 0.440 | R@20: 0.445 | uR@10: 0.127 | P@10: 0.062 | NDCG@20: 0.128 | PosBrier: 0.6998
2026-03-16 09:27:58 - legacy_replication - DEBUG -     Loss: 0.1161 | R@10: 0.450 | R@20: 0.456 | uR@10: 0.133 | P@10: 0.065 | NDCG@20: 0.138 | PosBrier: 0.6922
2026-03-16 09:28:35 - legacy_replication - DEBUG -     Loss: 0.1151 | R@10: 0.465 | R@20: 0.470 | uR@10: 0.119 | P@10: 0.066 | NDCG@20: 0.133 | PosBrier: 0.7071
2026-03-16 09:30:03 - legacy_replication - DEBUG -     Loss: 0.1161 | R@10: 0.404 | R@20: 0.416 | uR@10: 0.122 | P@10: 0.055 | NDCG@20: 0.117 | PosBrier: 0.6914
2026-03-16 09:30:39 - legacy_replication - DEBUG -     Loss: 0.1137 | R@10: 0.390 | R@20: 0.399 | uR@10: 0.123 | P@10: 0.056 | NDCG@20: 0.117 | PosBrier: 0.7017
2026-03-16 09:31:14 - legacy_replication - DEBUG -     Loss: 0.1133 | R@10: 0.456 | R@20: 0.464 | uR@10: 0.138 | P@10: 0.067 | NDCG@20: 0.140 | PosBrier: 0.7001
2026-03-16 09:31:50 - legacy_replication - DEBUG -     Loss: 0.1120 | R@10: 0.551 | R@20: 0.560 | uR@10: 0.145 | P@10: 0.078 | NDCG@20: 0.173 | PosBrier: 0.6975
2026-03-16 09:32:25 - legacy_replication - DEBUG -     Loss: 0.1108 | R@10: 0.506 | R@20: 0.508 | uR@10: 0.141 | P@10: 0.074 | NDCG@20: 0.159 | PosBrier: 0.7003
2026-03-16 09:33:54 - legacy_replication - DEBUG -     Loss: 0.1119 | R@10: 0.424 | R@20: 0.434 | uR@10: 0.122 | P@10: 0.055 | NDCG@20: 0.128 | PosBrier: 0.7105
2026-03-16 09:34:30 - legacy_replication - DEBUG -     Loss: 0.1099 | R@10: 0.500 | R@20: 0.509 | uR@10: 0.134 | P@10: 0.070 | NDCG@20: 0.155 | PosBrier: 0.7047
2026-03-16 09:35:07 - legacy_replication - DEBUG -     Loss: 0.1096 | R@10: 0.451 | R@20: 0.459 | uR@10: 0.143 | P@10: 0.069 | NDCG@20: 0.148 | PosBrier: 0.6975
2026-03-16 09:35:43 - legacy_replication - DEBUG -     Loss: 0.1089 | R@10: 0.539 | R@20: 0.547 | uR@10: 0.144 | P@10: 0.082 | NDCG@20: 0.166 | PosBrier: 0.6963
2026-03-16 09:36:18 - legacy_replication - DEBUG -     Loss: 0.1082 | R@10: 0.433 | R@20: 0.439 | uR@10: 0.139 | P@10: 0.069 | NDCG@20: 0.135 | PosBrier: 0.7033
2026-03-16 09:37:50 - legacy_replication - DEBUG -     Loss: 0.1073 | R@10: 0.385 | R@20: 0.387 | uR@10: 0.129 | P@10: 0.061 | NDCG@20: 0.119 | PosBrier: 0.7100
2026-03-16 09:38:26 - legacy_replication - DEBUG -     Loss: 0.1062 | R@10: 0.452 | R@20: 0.457 | uR@10: 0.138 | P@10: 0.071 | NDCG@20: 0.139 | PosBrier: 0.7071
2026-03-16 09:39:02 - legacy_replication - DEBUG -     Loss: 0.1053 | R@10: 0.427 | R@20: 0.432 | uR@10: 0.136 | P@10: 0.065 | NDCG@20: 0.134 | PosBrier: 0.7082
2026-03-16 09:39:37 - legacy_replication - DEBUG -     Loss: 0.1052 | R@10: 0.367 | R@20: 0.375 | uR@10: 0.118 | P@10: 0.053 | NDCG@20: 0.114 | PosBrier: 0.7300
2026-03-16 09:40:14 - legacy_replication - DEBUG -     Loss: 0.1051 | R@10: 0.522 | R@20: 0.529 | uR@10: 0.120 | P@10: 0.077 | NDCG@20: 0.146 | PosBrier: 0.7227
2026-03-16 09:41:44 - legacy_replication - DEBUG -     Loss: 0.1037 | R@10: 0.480 | R@20: 0.488 | uR@10: 0.145 | P@10: 0.077 | NDCG@20: 0.154 | PosBrier: 0.7082
2026-03-16 09:42:19 - legacy_replication - DEBUG -     Loss: 0.1030 | R@10: 0.402 | R@20: 0.405 | uR@10: 0.131 | P@10: 0.057 | NDCG@20: 0.126 | PosBrier: 0.7207
2026-03-16 09:42:55 - legacy_replication - DEBUG -     Loss: 0.1026 | R@10: 0.404 | R@20: 0.411 | uR@10: 0.137 | P@10: 0.059 | NDCG@20: 0.136 | PosBrier: 0.7141
2026-03-16 09:43:31 - legacy_replication - DEBUG -     Loss: 0.1021 | R@10: 0.552 | R@20: 0.562 | uR@10: 0.139 | P@10: 0.082 | NDCG@20: 0.169 | PosBrier: 0.7132
2026-03-16 09:44:06 - legacy_replication - DEBUG -     Loss: 0.1027 | R@10: 0.542 | R@20: 0.547 | uR@10: 0.130 | P@10: 0.083 | NDCG@20: 0.159 | PosBrier: 0.7200
2026-03-16 09:45:42 - legacy_replication - DEBUG -     Loss: 0.1011 | R@10: 0.411 | R@20: 0.422 | uR@10: 0.127 | P@10: 0.062 | NDCG@20: 0.128 | PosBrier: 0.7243
2026-03-16 09:46:18 - legacy_replication - DEBUG -     Loss: 0.1006 | R@10: 0.379 | R@20: 0.385 | uR@10: 0.122 | P@10: 0.058 | NDCG@20: 0.114 | PosBrier: 0.7273
2026-03-16 09:46:54 - legacy_replication - DEBUG -     Loss: 0.1004 | R@10: 0.477 | R@20: 0.483 | uR@10: 0.146 | P@10: 0.077 | NDCG@20: 0.153 | PosBrier: 0.7098
2026-03-16 09:47:30 - legacy_replication - DEBUG -     Loss: 0.0993 | R@10: 0.408 | R@20: 0.413 | uR@10: 0.129 | P@10: 0.062 | NDCG@20: 0.123 | PosBrier: 0.7194
2026-03-16 09:48:06 - legacy_replication - DEBUG -     Loss: 0.0986 | R@10: 0.406 | R@20: 0.416 | uR@10: 0.136 | P@10: 0.066 | NDCG@20: 0.132 | PosBrier: 0.7252
2026-03-16 09:49:37 - legacy_replication - DEBUG -     Loss: 0.0979 | R@10: 0.492 | R@20: 0.495 | uR@10: 0.130 | P@10: 0.077 | NDCG@20: 0.148 | PosBrier: 0.7284
2026-03-16 09:50:13 - legacy_replication - DEBUG -     Loss: 0.0973 | R@10: 0.543 | R@20: 0.552 | uR@10: 0.160 | P@10: 0.085 | NDCG@20: 0.186 | PosBrier: 0.7118
2026-03-16 09:50:48 - legacy_replication - DEBUG -     Loss: 0.0958 | R@10: 0.469 | R@20: 0.476 | uR@10: 0.159 | P@10: 0.076 | NDCG@20: 0.162 | PosBrier: 0.7107
2026-03-16 09:51:25 - legacy_replication - DEBUG -     Loss: 0.0957 | R@10: 0.555 | R@20: 0.561 | uR@10: 0.160 | P@10: 0.085 | NDCG@20: 0.183 | PosBrier: 0.7150
2026-03-16 09:52:02 - legacy_replication - DEBUG -     Loss: 0.0953 | R@10: 0.431 | R@20: 0.434 | uR@10: 0.133 | P@10: 0.059 | NDCG@20: 0.133 | PosBrier: 0.7321
2026-03-16 09:53:38 - legacy_replication - DEBUG -     Loss: 0.0960 | R@10: 0.590 | R@20: 0.603 | uR@10: 0.137 | P@10: 0.080 | NDCG@20: 0.178 | PosBrier: 0.7267
2026-03-16 09:54:13 - legacy_replication - DEBUG -     Loss: 0.0944 | R@10: 0.454 | R@20: 0.458 | uR@10: 0.144 | P@10: 0.074 | NDCG@20: 0.146 | PosBrier: 0.7258
2026-03-16 09:54:49 - legacy_replication - DEBUG -     Loss: 0.0938 | R@10: 0.441 | R@20: 0.448 | uR@10: 0.150 | P@10: 0.080 | NDCG@20: 0.145 | PosBrier: 0.7216
2026-03-16 09:55:26 - legacy_replication - DEBUG -     Loss: 0.0931 | R@10: 0.520 | R@20: 0.524 | uR@10: 0.151 | P@10: 0.085 | NDCG@20: 0.170 | PosBrier: 0.7283
2026-03-16 09:56:01 - legacy_replication - DEBUG -     Loss: 0.0927 | R@10: 0.468 | R@20: 0.475 | uR@10: 0.136 | P@10: 0.069 | NDCG@20: 0.146 | PosBrier: 0.7349
2026-03-16 09:57:32 - legacy_replication - DEBUG -     Loss: 0.0926 | R@10: 0.402 | R@20: 0.405 | uR@10: 0.143 | P@10: 0.066 | NDCG@20: 0.132 | PosBrier: 0.7367
2026-03-16 09:58:09 - legacy_replication - DEBUG -     Loss: 0.0923 | R@10: 0.463 | R@20: 0.470 | uR@10: 0.142 | P@10: 0.074 | NDCG@20: 0.149 | PosBrier: 0.7297
2026-03-16 09:58:45 - legacy_replication - DEBUG -     Loss: 0.0912 | R@10: 0.484 | R@20: 0.491 | uR@10: 0.137 | P@10: 0.074 | NDCG@20: 0.151 | PosBrier: 0.7383
2026-03-16 09:59:21 - legacy_replication - DEBUG -     Loss: 0.0912 | R@10: 0.421 | R@20: 0.429 | uR@10: 0.147 | P@10: 0.067 | NDCG@20: 0.139 | PosBrier: 0.7256
2026-03-16 09:59:56 - legacy_replication - DEBUG -     Loss: 0.0918 | R@10: 0.539 | R@20: 0.543 | uR@10: 0.145 | P@10: 0.085 | NDCG@20: 0.175 | PosBrier: 0.7283
2026-03-16 10:01:32 - legacy_replication - DEBUG -     Loss: 0.0892 | R@10: 0.502 | R@20: 0.505 | uR@10: 0.150 | P@10: 0.086 | NDCG@20: 0.163 | PosBrier: 0.7318
2026-03-16 10:02:08 - legacy_replication - DEBUG -     Loss: 0.0885 | R@10: 0.413 | R@20: 0.418 | uR@10: 0.123 | P@10: 0.060 | NDCG@20: 0.131 | PosBrier: 0.7515
2026-03-16 10:02:44 - legacy_replication - DEBUG -     Loss: 0.0883 | R@10: 0.311 | R@20: 0.317 | uR@10: 0.130 | P@10: 0.048 | NDCG@20: 0.106 | PosBrier: 0.7401
2026-03-16 10:03:19 - legacy_replication - DEBUG -     Loss: 0.0879 | R@10: 0.567 | R@20: 0.573 | uR@10: 0.166 | P@10: 0.107 | NDCG@20: 0.196 | PosBrier: 0.7241
2026-03-16 10:03:55 - legacy_replication - DEBUG -     Loss: 0.0867 | R@10: 0.417 | R@20: 0.420 | uR@10: 0.153 | P@10: 0.069 | NDCG@20: 0.137 | PosBrier: 0.7344
2026-03-16 10:05:31 - legacy_replication - DEBUG -     Loss: 0.0875 | R@10: 0.423 | R@20: 0.430 | uR@10: 0.135 | P@10: 0.068 | NDCG@20: 0.135 | PosBrier: 0.7433
2026-03-16 10:06:07 - legacy_replication - DEBUG -     Loss: 0.0868 | R@10: 0.425 | R@20: 0.432 | uR@10: 0.134 | P@10: 0.065 | NDCG@20: 0.132 | PosBrier: 0.7442
2026-03-16 10:06:42 - legacy_replication - DEBUG -     Loss: 0.0863 | R@10: 0.442 | R@20: 0.444 | uR@10: 0.163 | P@10: 0.069 | NDCG@20: 0.154 | PosBrier: 0.7292
2026-03-16 10:07:18 - legacy_replication - DEBUG -     Loss: 0.0856 | R@10: 0.354 | R@20: 0.362 | uR@10: 0.136 | P@10: 0.057 | NDCG@20: 0.118 | PosBrier: 0.7432
2026-03-16 10:07:54 - legacy_replication - DEBUG -     Loss: 0.0851 | R@10: 0.418 | R@20: 0.422 | uR@10: 0.132 | P@10: 0.069 | NDCG@20: 0.135 | PosBrier: 0.7510
2026-03-16 10:09:23 - legacy_replication - DEBUG -     Loss: 0.0841 | R@10: 0.399 | R@20: 0.405 | uR@10: 0.147 | P@10: 0.067 | NDCG@20: 0.138 | PosBrier: 0.7473
2026-03-16 10:09:58 - legacy_replication - DEBUG -     Loss: 0.0842 | R@10: 0.524 | R@20: 0.527 | uR@10: 0.164 | P@10: 0.093 | NDCG@20: 0.180 | PosBrier: 0.7322
2026-03-16 10:10:34 - legacy_replication - DEBUG -     Loss: 0.0829 | R@10: 0.517 | R@20: 0.524 | uR@10: 0.172 | P@10: 0.093 | NDCG@20: 0.181 | PosBrier: 0.7271
2026-03-16 10:11:11 - legacy_replication - DEBUG -     Loss: 0.0834 | R@10: 0.591 | R@20: 0.595 | uR@10: 0.172 | P@10: 0.093 | NDCG@20: 0.207 | PosBrier: 0.7261
2026-03-16 10:11:47 - legacy_replication - DEBUG -     Loss: 0.0817 | R@10: 0.432 | R@20: 0.438 | uR@10: 0.147 | P@10: 0.070 | NDCG@20: 0.143 | PosBrier: 0.7408
2026-03-16 10:13:23 - legacy_replication - DEBUG -     Loss: 0.0819 | R@10: 0.388 | R@20: 0.392 | uR@10: 0.150 | P@10: 0.067 | NDCG@20: 0.135 | PosBrier: 0.7475
2026-03-16 10:14:00 - legacy_replication - DEBUG -     Loss: 0.0810 | R@10: 0.420 | R@20: 0.422 | uR@10: 0.148 | P@10: 0.067 | NDCG@20: 0.144 | PosBrier: 0.7510
2026-03-16 10:14:35 - legacy_replication - DEBUG -     Loss: 0.0814 | R@10: 0.416 | R@20: 0.422 | uR@10: 0.149 | P@10: 0.074 | NDCG@20: 0.141 | PosBrier: 0.7479
2026-03-16 10:15:10 - legacy_replication - DEBUG -     Loss: 0.0804 | R@10: 0.495 | R@20: 0.500 | uR@10: 0.167 | P@10: 0.082 | NDCG@20: 0.170 | PosBrier: 0.7372
2026-03-16 10:15:46 - legacy_replication - DEBUG -     Loss: 0.0802 | R@10: 0.548 | R@20: 0.553 | uR@10: 0.171 | P@10: 0.093 | NDCG@20: 0.192 | PosBrier: 0.7347
2026-03-16 10:17:15 - legacy_replication - DEBUG -     Loss: 0.0797 | R@10: 0.466 | R@20: 0.470 | uR@10: 0.155 | P@10: 0.083 | NDCG@20: 0.155 | PosBrier: 0.7431
2026-03-16 10:17:50 - legacy_replication - DEBUG -     Loss: 0.0796 | R@10: 0.444 | R@20: 0.452 | uR@10: 0.144 | P@10: 0.074 | NDCG@20: 0.147 | PosBrier: 0.7537
2026-03-16 10:18:26 - legacy_replication - DEBUG -     Loss: 0.0793 | R@10: 0.440 | R@20: 0.443 | uR@10: 0.157 | P@10: 0.079 | NDCG@20: 0.148 | PosBrier: 0.7439
2026-03-16 10:19:02 - legacy_replication - DEBUG -     Loss: 0.0789 | R@10: 0.483 | R@20: 0.487 | uR@10: 0.154 | P@10: 0.080 | NDCG@20: 0.161 | PosBrier: 0.7504
2026-03-16 10:19:37 - legacy_replication - DEBUG -     Loss: 0.0780 | R@10: 0.449 | R@20: 0.460 | uR@10: 0.157 | P@10: 0.076 | NDCG@20: 0.163 | PosBrier: 0.7495
2026-03-16 10:21:11 - legacy_replication - DEBUG -     Loss: 0.0774 | R@10: 0.484 | R@20: 0.490 | uR@10: 0.146 | P@10: 0.079 | NDCG@20: 0.160 | PosBrier: 0.7594
2026-03-16 10:21:47 - legacy_replication - DEBUG -     Loss: 0.0773 | R@10: 0.531 | R@20: 0.537 | uR@10: 0.171 | P@10: 0.088 | NDCG@20: 0.190 | PosBrier: 0.7424
2026-03-16 10:22:23 - legacy_replication - DEBUG -     Loss: 0.0773 | R@10: 0.531 | R@20: 0.534 | uR@10: 0.180 | P@10: 0.095 | NDCG@20: 0.189 | PosBrier: 0.7397
2026-03-16 10:22:59 - legacy_replication - DEBUG -     Loss: 0.0774 | R@10: 0.476 | R@20: 0.485 | uR@10: 0.157 | P@10: 0.078 | NDCG@20: 0.161 | PosBrier: 0.7473
2026-03-16 10:23:34 - legacy_replication - DEBUG -     Loss: 0.0759 | R@10: 0.472 | R@20: 0.474 | uR@10: 0.155 | P@10: 0.073 | NDCG@20: 0.159 | PosBrier: 0.7505
2026-03-16 10:25:04 - legacy_replication - DEBUG -     Loss: 0.0757 | R@10: 0.532 | R@20: 0.534 | uR@10: 0.152 | P@10: 0.083 | NDCG@20: 0.170 | PosBrier: 0.7577
2026-03-16 10:25:41 - legacy_replication - DEBUG -     Loss: 0.0756 | R@10: 0.475 | R@20: 0.483 | uR@10: 0.160 | P@10: 0.079 | NDCG@20: 0.163 | PosBrier: 0.7476
2026-03-16 10:26:18 - legacy_replication - DEBUG -     Loss: 0.0751 | R@10: 0.555 | R@20: 0.559 | uR@10: 0.177 | P@10: 0.102 | NDCG@20: 0.197 | PosBrier: 0.7453
2026-03-16 10:26:54 - legacy_replication - DEBUG -     Loss: 0.0747 | R@10: 0.507 | R@20: 0.508 | uR@10: 0.165 | P@10: 0.086 | NDCG@20: 0.171 | PosBrier: 0.7543
2026-03-16 10:27:31 - legacy_replication - DEBUG -     Loss: 0.0739 | R@10: 0.472 | R@20: 0.480 | uR@10: 0.145 | P@10: 0.079 | NDCG@20: 0.155 | PosBrier: 0.7653
2026-03-16 10:28:56 - legacy_replication - DEBUG -     Loss: 0.0736 | R@10: 0.424 | R@20: 0.429 | uR@10: 0.158 | P@10: 0.067 | NDCG@20: 0.149 | PosBrier: 0.7566
2026-03-16 10:29:32 - legacy_replication - DEBUG -     Loss: 0.0738 | R@10: 0.611 | R@20: 0.615 | uR@10: 0.156 | P@10: 0.107 | NDCG@20: 0.198 | PosBrier: 0.7540
2026-03-16 10:30:08 - legacy_replication - DEBUG -     Loss: 0.0727 | R@10: 0.585 | R@20: 0.591 | uR@10: 0.171 | P@10: 0.097 | NDCG@20: 0.203 | PosBrier: 0.7461
2026-03-16 10:30:44 - legacy_replication - DEBUG -     Loss: 0.0729 | R@10: 0.434 | R@20: 0.441 | uR@10: 0.146 | P@10: 0.067 | NDCG@20: 0.141 | PosBrier: 0.7617
2026-03-16 10:31:20 - legacy_replication - DEBUG -     Loss: 0.0714 | R@10: 0.437 | R@20: 0.444 | uR@10: 0.171 | P@10: 0.084 | NDCG@20: 0.159 | PosBrier: 0.7560
2026-03-16 10:32:57 - legacy_replication - DEBUG -     Loss: 0.0719 | R@10: 0.485 | R@20: 0.487 | uR@10: 0.170 | P@10: 0.089 | NDCG@20: 0.173 | PosBrier: 0.7563
2026-03-16 10:33:32 - legacy_replication - DEBUG -     Loss: 0.0708 | R@10: 0.411 | R@20: 0.413 | uR@10: 0.153 | P@10: 0.073 | NDCG@20: 0.143 | PosBrier: 0.7671
2026-03-16 10:34:08 - legacy_replication - DEBUG -     Loss: 0.0711 | R@10: 0.575 | R@20: 0.578 | uR@10: 0.144 | P@10: 0.090 | NDCG@20: 0.184 | PosBrier: 0.7730
2026-03-16 10:34:44 - legacy_replication - DEBUG -     Loss: 0.0706 | R@10: 0.416 | R@20: 0.422 | uR@10: 0.148 | P@10: 0.068 | NDCG@20: 0.138 | PosBrier: 0.7655
2026-03-16 10:35:20 - legacy_replication - DEBUG -     Loss: 0.0706 | R@10: 0.472 | R@20: 0.478 | uR@10: 0.175 | P@10: 0.093 | NDCG@20: 0.177 | PosBrier: 0.7600
2026-03-16 10:36:51 - legacy_replication - DEBUG -     Loss: 0.0706 | R@10: 0.483 | R@20: 0.488 | uR@10: 0.162 | P@10: 0.090 | NDCG@20: 0.164 | PosBrier: 0.7637
2026-03-16 10:37:27 - legacy_replication - DEBUG -     Loss: 0.0693 | R@10: 0.450 | R@20: 0.450 | uR@10: 0.156 | P@10: 0.072 | NDCG@20: 0.151 | PosBrier: 0.7649
2026-03-16 10:38:03 - legacy_replication - DEBUG -     Loss: 0.0690 | R@10: 0.470 | R@20: 0.477 | uR@10: 0.179 | P@10: 0.086 | NDCG@20: 0.175 | PosBrier: 0.7561
2026-03-16 10:38:40 - legacy_replication - DEBUG -     Loss: 0.0693 | R@10: 0.455 | R@20: 0.457 | uR@10: 0.165 | P@10: 0.073 | NDCG@20: 0.159 | PosBrier: 0.7592
2026-03-16 10:39:15 - legacy_replication - DEBUG -     Loss: 0.0691 | R@10: 0.464 | R@20: 0.471 | uR@10: 0.159 | P@10: 0.082 | NDCG@20: 0.156 | PosBrier: 0.7669
2026-03-16 10:40:48 - legacy_replication - DEBUG -     Loss: 0.0687 | R@10: 0.447 | R@20: 0.453 | uR@10: 0.141 | P@10: 0.072 | NDCG@20: 0.149 | PosBrier: 0.7745
2026-03-16 10:41:25 - legacy_replication - DEBUG -     Loss: 0.0683 | R@10: 0.401 | R@20: 0.407 | uR@10: 0.168 | P@10: 0.084 | NDCG@20: 0.146 | PosBrier: 0.7699
2026-03-16 10:42:01 - legacy_replication - DEBUG -     Loss: 0.0677 | R@10: 0.475 | R@20: 0.478 | uR@10: 0.168 | P@10: 0.086 | NDCG@20: 0.170 | PosBrier: 0.7669
2026-03-16 10:42:37 - legacy_replication - DEBUG -     Loss: 0.0673 | R@10: 0.546 | R@20: 0.551 | uR@10: 0.161 | P@10: 0.096 | NDCG@20: 0.181 | PosBrier: 0.7751
2026-03-16 10:43:13 - legacy_replication - DEBUG -     Loss: 0.0664 | R@10: 0.358 | R@20: 0.362 | uR@10: 0.147 | P@10: 0.064 | NDCG@20: 0.126 | PosBrier: 0.7759
2026-03-16 10:44:44 - legacy_replication - DEBUG -     Loss: 0.0667 | R@10: 0.596 | R@20: 0.603 | uR@10: 0.162 | P@10: 0.109 | NDCG@20: 0.200 | PosBrier: 0.7749
2026-03-16 10:45:19 - legacy_replication - DEBUG -     Loss: 0.0663 | R@10: 0.513 | R@20: 0.518 | uR@10: 0.181 | P@10: 0.097 | NDCG@20: 0.186 | PosBrier: 0.7601
2026-03-16 10:45:55 - legacy_replication - DEBUG -     Loss: 0.0657 | R@10: 0.447 | R@20: 0.450 | uR@10: 0.164 | P@10: 0.080 | NDCG@20: 0.159 | PosBrier: 0.7719
2026-03-16 10:46:31 - legacy_replication - DEBUG -     Loss: 0.0659 | R@10: 0.530 | R@20: 0.539 | uR@10: 0.165 | P@10: 0.098 | NDCG@20: 0.185 | PosBrier: 0.7693
2026-03-16 10:47:06 - legacy_replication - DEBUG -     Loss: 0.0644 | R@10: 0.424 | R@20: 0.426 | uR@10: 0.155 | P@10: 0.077 | NDCG@20: 0.147 | PosBrier: 0.7833
2026-03-16 10:48:33 - legacy_replication - DEBUG -     Loss: 0.0657 | R@10: 0.449 | R@20: 0.454 | uR@10: 0.131 | P@10: 0.079 | NDCG@20: 0.146 | PosBrier: 0.7864
2026-03-16 10:49:09 - legacy_replication - DEBUG -     Loss: 0.0640 | R@10: 0.517 | R@20: 0.519 | uR@10: 0.165 | P@10: 0.082 | NDCG@20: 0.180 | PosBrier: 0.7650
2026-03-16 10:49:44 - legacy_replication - DEBUG -     Loss: 0.0638 | R@10: 0.398 | R@20: 0.403 | uR@10: 0.158 | P@10: 0.073 | NDCG@20: 0.148 | PosBrier: 0.7734
2026-03-16 10:50:19 - legacy_replication - DEBUG -     Loss: 0.0640 | R@10: 0.554 | R@20: 0.557 | uR@10: 0.198 | P@10: 0.105 | NDCG@20: 0.209 | PosBrier: 0.7568
2026-03-16 10:50:55 - legacy_replication - DEBUG -     Loss: 0.0632 | R@10: 0.430 | R@20: 0.433 | uR@10: 0.177 | P@10: 0.088 | NDCG@20: 0.156 | PosBrier: 0.7681
2026-03-16 10:52:22 - legacy_replication - DEBUG -     Loss: 0.0634 | R@10: 0.585 | R@20: 0.588 | uR@10: 0.198 | P@10: 0.105 | NDCG@20: 0.228 | PosBrier: 0.7524
2026-03-16 10:52:57 - legacy_replication - DEBUG -     Loss: 0.0633 | R@10: 0.424 | R@20: 0.431 | uR@10: 0.166 | P@10: 0.081 | NDCG@20: 0.154 | PosBrier: 0.7771
2026-03-16 10:53:33 - legacy_replication - DEBUG -     Loss: 0.0623 | R@10: 0.477 | R@20: 0.483 | uR@10: 0.164 | P@10: 0.087 | NDCG@20: 0.165 | PosBrier: 0.7764
2026-03-16 10:54:09 - legacy_replication - DEBUG -     Loss: 0.0624 | R@10: 0.398 | R@20: 0.403 | uR@10: 0.168 | P@10: 0.073 | NDCG@20: 0.144 | PosBrier: 0.7749
2026-03-16 10:54:44 - legacy_replication - DEBUG -     Loss: 0.0633 | R@10: 0.523 | R@20: 0.525 | uR@10: 0.151 | P@10: 0.100 | NDCG@20: 0.176 | PosBrier: 0.7838
2026-03-16 10:56:15 - legacy_replication - DEBUG -     Loss: 0.0614 | R@10: 0.476 | R@20: 0.483 | uR@10: 0.185 | P@10: 0.098 | NDCG@20: 0.183 | PosBrier: 0.7637
2026-03-16 10:56:50 - legacy_replication - DEBUG -     Loss: 0.0616 | R@10: 0.484 | R@20: 0.491 | uR@10: 0.168 | P@10: 0.092 | NDCG@20: 0.174 | PosBrier: 0.7789
2026-03-16 10:57:26 - legacy_replication - DEBUG -     Loss: 0.0615 | R@10: 0.541 | R@20: 0.547 | uR@10: 0.182 | P@10: 0.098 | NDCG@20: 0.195 | PosBrier: 0.7698
2026-03-16 10:58:01 - legacy_replication - DEBUG -     Loss: 0.0606 | R@10: 0.372 | R@20: 0.376 | uR@10: 0.135 | P@10: 0.069 | NDCG@20: 0.125 | PosBrier: 0.7973
2026-03-16 10:58:37 - legacy_replication - DEBUG -     Loss: 0.0602 | R@10: 0.405 | R@20: 0.408 | uR@10: 0.167 | P@10: 0.082 | NDCG@20: 0.152 | PosBrier: 0.7821
2026-03-16 11:00:03 - legacy_replication - DEBUG -     Loss: 0.0609 | R@10: 0.519 | R@20: 0.523 | uR@10: 0.161 | P@10: 0.101 | NDCG@20: 0.185 | PosBrier: 0.7875
2026-03-16 11:00:39 - legacy_replication - DEBUG -     Loss: 0.0598 | R@10: 0.456 | R@20: 0.460 | uR@10: 0.183 | P@10: 0.089 | NDCG@20: 0.168 | PosBrier: 0.7752
2026-03-16 11:01:15 - legacy_replication - DEBUG -     Loss: 0.0600 | R@10: 0.428 | R@20: 0.437 | uR@10: 0.160 | P@10: 0.086 | NDCG@20: 0.157 | PosBrier: 0.7856
2026-03-16 11:01:50 - legacy_replication - DEBUG -     Loss: 0.0590 | R@10: 0.444 | R@20: 0.447 | uR@10: 0.170 | P@10: 0.075 | NDCG@20: 0.159 | PosBrier: 0.7832
2026-03-16 11:02:26 - legacy_replication - DEBUG -     Loss: 0.0596 | R@10: 0.513 | R@20: 0.514 | uR@10: 0.189 | P@10: 0.099 | NDCG@20: 0.189 | PosBrier: 0.7689
2026-03-16 11:03:56 - legacy_replication - DEBUG -     Loss: 0.0597 | R@10: 0.539 | R@20: 0.544 | uR@10: 0.180 | P@10: 0.117 | NDCG@20: 0.202 | PosBrier: 0.7805
2026-03-16 11:04:31 - legacy_replication - DEBUG -     Loss: 0.0589 | R@10: 0.484 | R@20: 0.492 | uR@10: 0.172 | P@10: 0.085 | NDCG@20: 0.178 | PosBrier: 0.7738
2026-03-16 11:05:07 - legacy_replication - DEBUG -     Loss: 0.0590 | R@10: 0.517 | R@20: 0.522 | uR@10: 0.180 | P@10: 0.093 | NDCG@20: 0.188 | PosBrier: 0.7689
2026-03-16 11:05:43 - legacy_replication - DEBUG -     Loss: 0.0579 | R@10: 0.436 | R@20: 0.443 | uR@10: 0.161 | P@10: 0.079 | NDCG@20: 0.158 | PosBrier: 0.7880
2026-03-16 11:06:20 - legacy_replication - DEBUG -     Loss: 0.0586 | R@10: 0.636 | R@20: 0.641 | uR@10: 0.153 | P@10: 0.115 | NDCG@20: 0.213 | PosBrier: 0.7927
2026-03-16 11:07:56 - legacy_replication - DEBUG -     Loss: 0.0572 | R@10: 0.431 | R@20: 0.437 | uR@10: 0.162 | P@10: 0.074 | NDCG@20: 0.152 | PosBrier: 0.7863
2026-03-16 11:08:33 - legacy_replication - DEBUG -     Loss: 0.0569 | R@10: 0.398 | R@20: 0.406 | uR@10: 0.157 | P@10: 0.068 | NDCG@20: 0.141 | PosBrier: 0.7913
2026-03-16 11:09:08 - legacy_replication - DEBUG -     Loss: 0.0573 | R@10: 0.446 | R@20: 0.453 | uR@10: 0.151 | P@10: 0.083 | NDCG@20: 0.155 | PosBrier: 0.7975
2026-03-16 11:09:44 - legacy_replication - DEBUG -     Loss: 0.0568 | R@10: 0.528 | R@20: 0.532 | uR@10: 0.194 | P@10: 0.105 | NDCG@20: 0.198 | PosBrier: 0.7758
2026-03-16 11:10:19 - legacy_replication - DEBUG -     Loss: 0.0564 | R@10: 0.407 | R@20: 0.414 | uR@10: 0.166 | P@10: 0.072 | NDCG@20: 0.151 | PosBrier: 0.7889
2026-03-16 11:11:51 - legacy_replication - DEBUG -     Loss: 0.0570 | R@10: 0.486 | R@20: 0.490 | uR@10: 0.155 | P@10: 0.086 | NDCG@20: 0.168 | PosBrier: 0.7902
2026-03-16 11:12:26 - legacy_replication - DEBUG -     Loss: 0.0558 | R@10: 0.393 | R@20: 0.401 | uR@10: 0.179 | P@10: 0.075 | NDCG@20: 0.149 | PosBrier: 0.7830
2026-03-16 11:13:02 - legacy_replication - DEBUG -     Loss: 0.0561 | R@10: 0.439 | R@20: 0.442 | uR@10: 0.186 | P@10: 0.093 | NDCG@20: 0.168 | PosBrier: 0.7779
2026-03-16 11:13:37 - legacy_replication - DEBUG -     Loss: 0.0556 | R@10: 0.472 | R@20: 0.482 | uR@10: 0.206 | P@10: 0.095 | NDCG@20: 0.193 | PosBrier: 0.7667
2026-03-16 11:14:13 - legacy_replication - DEBUG -     Loss: 0.0547 | R@10: 0.390 | R@20: 0.391 | uR@10: 0.169 | P@10: 0.070 | NDCG@20: 0.139 | PosBrier: 0.7897
2026-03-16 11:15:48 - legacy_replication - DEBUG -     Loss: 0.0552 | R@10: 0.397 | R@20: 0.400 | uR@10: 0.155 | P@10: 0.075 | NDCG@20: 0.137 | PosBrier: 0.8016
2026-03-16 11:16:24 - legacy_replication - DEBUG -     Loss: 0.0551 | R@10: 0.534 | R@20: 0.537 | uR@10: 0.170 | P@10: 0.104 | NDCG@20: 0.187 | PosBrier: 0.7895
2026-03-16 11:17:00 - legacy_replication - DEBUG -     Loss: 0.0551 | R@10: 0.546 | R@20: 0.551 | uR@10: 0.179 | P@10: 0.115 | NDCG@20: 0.199 | PosBrier: 0.7895
2026-03-16 11:17:36 - legacy_replication - DEBUG -     Loss: 0.0545 | R@10: 0.493 | R@20: 0.496 | uR@10: 0.171 | P@10: 0.082 | NDCG@20: 0.177 | PosBrier: 0.7887
2026-03-16 11:18:12 - legacy_replication - DEBUG -     Loss: 0.0547 | R@10: 0.475 | R@20: 0.480 | uR@10: 0.172 | P@10: 0.089 | NDCG@20: 0.169 | PosBrier: 0.7904
2026-03-16 11:19:47 - legacy_replication - DEBUG -     Loss: 0.0543 | R@10: 0.546 | R@20: 0.546 | uR@10: 0.174 | P@10: 0.091 | NDCG@20: 0.196 | PosBrier: 0.7887
2026-03-16 11:20:23 - legacy_replication - DEBUG -     Loss: 0.0541 | R@10: 0.359 | R@20: 0.364 | uR@10: 0.158 | P@10: 0.069 | NDCG@20: 0.127 | PosBrier: 0.8024
2026-03-16 11:20:59 - legacy_replication - DEBUG -     Loss: 0.0540 | R@10: 0.563 | R@20: 0.566 | uR@10: 0.186 | P@10: 0.114 | NDCG@20: 0.206 | PosBrier: 0.7860
2026-03-16 11:21:34 - legacy_replication - DEBUG -     Loss: 0.0529 | R@10: 0.480 | R@20: 0.484 | uR@10: 0.198 | P@10: 0.110 | NDCG@20: 0.191 | PosBrier: 0.7821
2026-03-16 11:22:10 - legacy_replication - DEBUG -     Loss: 0.0533 | R@10: 0.529 | R@20: 0.537 | uR@10: 0.213 | P@10: 0.106 | NDCG@20: 0.220 | PosBrier: 0.7720
2026-03-16 11:23:40 - legacy_replication - DEBUG -     Loss: 0.0531 | R@10: 0.421 | R@20: 0.427 | uR@10: 0.189 | P@10: 0.081 | NDCG@20: 0.166 | PosBrier: 0.7816
2026-03-16 11:24:16 - legacy_replication - DEBUG -     Loss: 0.0536 | R@10: 0.505 | R@20: 0.510 | uR@10: 0.158 | P@10: 0.101 | NDCG@20: 0.177 | PosBrier: 0.8028
2026-03-16 11:24:52 - legacy_replication - DEBUG -     Loss: 0.0526 | R@10: 0.439 | R@20: 0.450 | uR@10: 0.171 | P@10: 0.074 | NDCG@20: 0.160 | PosBrier: 0.7908
2026-03-16 11:25:28 - legacy_replication - DEBUG -     Loss: 0.0521 | R@10: 0.462 | R@20: 0.470 | uR@10: 0.188 | P@10: 0.096 | NDCG@20: 0.176 | PosBrier: 0.7904
2026-03-16 11:26:04 - legacy_replication - DEBUG -     Loss: 0.0523 | R@10: 0.565 | R@20: 0.569 | uR@10: 0.187 | P@10: 0.108 | NDCG@20: 0.214 | PosBrier: 0.7891
2026-03-16 11:27:38 - legacy_replication - DEBUG -     Loss: 0.0518 | R@10: 0.502 | R@20: 0.509 | uR@10: 0.200 | P@10: 0.115 | NDCG@20: 0.201 | PosBrier: 0.7812
2026-03-16 11:28:15 - legacy_replication - DEBUG -     Loss: 0.0514 | R@10: 0.469 | R@20: 0.477 | uR@10: 0.182 | P@10: 0.097 | NDCG@20: 0.177 | PosBrier: 0.7950
2026-03-16 11:28:51 - legacy_replication - DEBUG -     Loss: 0.0513 | R@10: 0.481 | R@20: 0.487 | uR@10: 0.208 | P@10: 0.110 | NDCG@20: 0.196 | PosBrier: 0.7815
2026-03-16 11:29:27 - legacy_replication - DEBUG -     Loss: 0.0512 | R@10: 0.534 | R@20: 0.538 | uR@10: 0.198 | P@10: 0.120 | NDCG@20: 0.211 | PosBrier: 0.7866
2026-03-16 11:30:03 - legacy_replication - DEBUG -     Loss: 0.0510 | R@10: 0.509 | R@20: 0.511 | uR@10: 0.204 | P@10: 0.108 | NDCG@20: 0.202 | PosBrier: 0.7792
2026-03-16 11:31:38 - legacy_replication - DEBUG -     Loss: 0.0508 | R@10: 0.451 | R@20: 0.453 | uR@10: 0.189 | P@10: 0.092 | NDCG@20: 0.173 | PosBrier: 0.7895
2026-03-16 11:32:15 - legacy_replication - DEBUG -     Loss: 0.0503 | R@10: 0.473 | R@20: 0.480 | uR@10: 0.221 | P@10: 0.115 | NDCG@20: 0.200 | PosBrier: 0.7815
2026-03-16 11:32:50 - legacy_replication - DEBUG -     Loss: 0.0504 | R@10: 0.528 | R@20: 0.533 | uR@10: 0.195 | P@10: 0.106 | NDCG@20: 0.205 | PosBrier: 0.7928
2026-03-16 11:33:25 - legacy_replication - DEBUG -     Loss: 0.0507 | R@10: 0.531 | R@20: 0.539 | uR@10: 0.210 | P@10: 0.132 | NDCG@20: 0.218 | PosBrier: 0.7854
2026-03-16 11:34:01 - legacy_replication - DEBUG -     Loss: 0.0503 | R@10: 0.426 | R@20: 0.430 | uR@10: 0.182 | P@10: 0.090 | NDCG@20: 0.162 | PosBrier: 0.7936
2026-03-16 11:35:28 - legacy_replication - DEBUG -     Loss: 0.0500 | R@10: 0.509 | R@20: 0.511 | uR@10: 0.178 | P@10: 0.101 | NDCG@20: 0.179 | PosBrier: 0.8003
2026-03-16 11:36:03 - legacy_replication - DEBUG -     Loss: 0.0493 | R@10: 0.471 | R@20: 0.473 | uR@10: 0.214 | P@10: 0.111 | NDCG@20: 0.192 | PosBrier: 0.7823
2026-03-16 11:36:40 - legacy_replication - DEBUG -     Loss: 0.0494 | R@10: 0.454 | R@20: 0.458 | uR@10: 0.183 | P@10: 0.096 | NDCG@20: 0.174 | PosBrier: 0.7997
2026-03-16 11:37:16 - legacy_replication - DEBUG -     Loss: 0.0487 | R@10: 0.509 | R@20: 0.514 | uR@10: 0.208 | P@10: 0.106 | NDCG@20: 0.206 | PosBrier: 0.7858
2026-03-16 11:37:52 - legacy_replication - DEBUG -     Loss: 0.0494 | R@10: 0.583 | R@20: 0.585 | uR@10: 0.192 | P@10: 0.116 | NDCG@20: 0.218 | PosBrier: 0.7901
2026-03-16 11:39:18 - legacy_replication - DEBUG -     Loss: 0.0491 | R@10: 0.501 | R@20: 0.503 | uR@10: 0.176 | P@10: 0.097 | NDCG@20: 0.181 | PosBrier: 0.7992
2026-03-16 11:39:54 - legacy_replication - DEBUG -     Loss: 0.0482 | R@10: 0.508 | R@20: 0.513 | uR@10: 0.167 | P@10: 0.091 | NDCG@20: 0.185 | PosBrier: 0.8038
2026-03-16 11:40:30 - legacy_replication - DEBUG -     Loss: 0.0492 | R@10: 0.479 | R@20: 0.483 | uR@10: 0.184 | P@10: 0.097 | NDCG@20: 0.181 | PosBrier: 0.7968
2026-03-16 11:41:05 - legacy_replication - DEBUG -     Loss: 0.0477 | R@10: 0.311 | R@20: 0.320 | uR@10: 0.173 | P@10: 0.068 | NDCG@20: 0.120 | PosBrier: 0.8070
2026-03-16 11:41:41 - legacy_replication - DEBUG -     Loss: 0.0477 | R@10: 0.452 | R@20: 0.457 | uR@10: 0.194 | P@10: 0.098 | NDCG@20: 0.179 | PosBrier: 0.7945
2026-03-16 11:43:17 - legacy_replication - DEBUG -     Loss: 0.0479 | R@10: 0.507 | R@20: 0.508 | uR@10: 0.188 | P@10: 0.091 | NDCG@20: 0.191 | PosBrier: 0.7924
2026-03-16 11:43:53 - legacy_replication - DEBUG -     Loss: 0.0482 | R@10: 0.510 | R@20: 0.515 | uR@10: 0.169 | P@10: 0.101 | NDCG@20: 0.182 | PosBrier: 0.8074
2026-03-16 11:44:29 - legacy_replication - DEBUG -     Loss: 0.0477 | R@10: 0.467 | R@20: 0.474 | uR@10: 0.201 | P@10: 0.101 | NDCG@20: 0.188 | PosBrier: 0.7930
2026-03-16 11:45:04 - legacy_replication - DEBUG -     Loss: 0.0473 | R@10: 0.440 | R@20: 0.443 | uR@10: 0.214 | P@10: 0.097 | NDCG@20: 0.185 | PosBrier: 0.7808
2026-03-16 11:45:39 - legacy_replication - DEBUG -     Loss: 0.0470 | R@10: 0.495 | R@20: 0.500 | uR@10: 0.195 | P@10: 0.109 | NDCG@20: 0.194 | PosBrier: 0.7983
2026-03-16 11:47:12 - legacy_replication - DEBUG -     Loss: 0.0469 | R@10: 0.491 | R@20: 0.498 | uR@10: 0.188 | P@10: 0.095 | NDCG@20: 0.189 | PosBrier: 0.7993
2026-03-16 11:47:48 - legacy_replication - DEBUG -     Loss: 0.0473 | R@10: 0.474 | R@20: 0.477 | uR@10: 0.201 | P@10: 0.094 | NDCG@20: 0.185 | PosBrier: 0.7887
2026-03-16 11:48:24 - legacy_replication - DEBUG -     Loss: 0.0462 | R@10: 0.419 | R@20: 0.424 | uR@10: 0.188 | P@10: 0.084 | NDCG@20: 0.161 | PosBrier: 0.7994
2026-03-16 11:49:00 - legacy_replication - DEBUG -     Loss: 0.0465 | R@10: 0.466 | R@20: 0.471 | uR@10: 0.198 | P@10: 0.101 | NDCG@20: 0.185 | PosBrier: 0.7955
2026-03-16 11:49:35 - legacy_replication - DEBUG -     Loss: 0.0465 | R@10: 0.484 | R@20: 0.492 | uR@10: 0.176 | P@10: 0.090 | NDCG@20: 0.180 | PosBrier: 0.7991
2026-03-16 11:51:03 - legacy_replication - DEBUG -     Loss: 0.0466 | R@10: 0.487 | R@20: 0.489 | uR@10: 0.184 | P@10: 0.104 | NDCG@20: 0.186 | PosBrier: 0.8098
2026-03-16 11:51:38 - legacy_replication - DEBUG -     Loss: 0.0452 | R@10: 0.446 | R@20: 0.453 | uR@10: 0.217 | P@10: 0.108 | NDCG@20: 0.185 | PosBrier: 0.7951
2026-03-16 11:52:14 - legacy_replication - DEBUG -     Loss: 0.0452 | R@10: 0.462 | R@20: 0.468 | uR@10: 0.196 | P@10: 0.089 | NDCG@20: 0.181 | PosBrier: 0.7973
2026-03-16 11:52:50 - legacy_replication - DEBUG -     Loss: 0.0459 | R@10: 0.492 | R@20: 0.497 | uR@10: 0.195 | P@10: 0.103 | NDCG@20: 0.192 | PosBrier: 0.7996
2026-03-16 11:53:26 - legacy_replication - DEBUG -     Loss: 0.0449 | R@10: 0.404 | R@20: 0.410 | uR@10: 0.205 | P@10: 0.084 | NDCG@20: 0.166 | PosBrier: 0.7940
2026-03-16 11:54:53 - legacy_replication - DEBUG -     Loss: 0.0453 | R@10: 0.481 | R@20: 0.483 | uR@10: 0.203 | P@10: 0.103 | NDCG@20: 0.190 | PosBrier: 0.7967
2026-03-16 11:55:28 - legacy_replication - DEBUG -     Loss: 0.0446 | R@10: 0.513 | R@20: 0.521 | uR@10: 0.222 | P@10: 0.127 | NDCG@20: 0.221 | PosBrier: 0.7932
2026-03-16 11:56:04 - legacy_replication - DEBUG -     Loss: 0.0444 | R@10: 0.406 | R@20: 0.415 | uR@10: 0.189 | P@10: 0.091 | NDCG@20: 0.165 | PosBrier: 0.8070
2026-03-16 11:56:40 - legacy_replication - DEBUG -     Loss: 0.0441 | R@10: 0.554 | R@20: 0.560 | uR@10: 0.215 | P@10: 0.123 | NDCG@20: 0.226 | PosBrier: 0.7901
2026-03-16 11:57:15 - legacy_replication - DEBUG -     Loss: 0.0444 | R@10: 0.538 | R@20: 0.545 | uR@10: 0.196 | P@10: 0.117 | NDCG@20: 0.209 | PosBrier: 0.8031
2026-03-16 11:58:43 - legacy_replication - DEBUG -     Loss: 0.0445 | R@10: 0.576 | R@20: 0.582 | uR@10: 0.207 | P@10: 0.124 | NDCG@20: 0.227 | PosBrier: 0.7977
2026-03-16 11:59:18 - legacy_replication - DEBUG -     Loss: 0.0436 | R@10: 0.393 | R@20: 0.398 | uR@10: 0.186 | P@10: 0.085 | NDCG@20: 0.152 | PosBrier: 0.8097
2026-03-16 11:59:54 - legacy_replication - DEBUG -     Loss: 0.0439 | R@10: 0.467 | R@20: 0.470 | uR@10: 0.195 | P@10: 0.099 | NDCG@20: 0.181 | PosBrier: 0.8019
2026-03-16 12:00:30 - legacy_replication - DEBUG -     Loss: 0.0429 | R@10: 0.340 | R@20: 0.349 | uR@10: 0.174 | P@10: 0.066 | NDCG@20: 0.131 | PosBrier: 0.8112
2026-03-16 12:01:06 - legacy_replication - DEBUG -     Loss: 0.0432 | R@10: 0.433 | R@20: 0.437 | uR@10: 0.202 | P@10: 0.095 | NDCG@20: 0.172 | PosBrier: 0.7980
2026-03-16 12:02:41 - legacy_replication - DEBUG -     Loss: 0.0426 | R@10: 0.402 | R@20: 0.409 | uR@10: 0.189 | P@10: 0.083 | NDCG@20: 0.157 | PosBrier: 0.8110
2026-03-16 12:03:17 - legacy_replication - DEBUG -     Loss: 0.0432 | R@10: 0.411 | R@20: 0.417 | uR@10: 0.213 | P@10: 0.100 | NDCG@20: 0.179 | PosBrier: 0.8026
2026-03-16 12:03:53 - legacy_replication - DEBUG -     Loss: 0.0438 | R@10: 0.510 | R@20: 0.516 | uR@10: 0.185 | P@10: 0.114 | NDCG@20: 0.193 | PosBrier: 0.8140
2026-03-16 12:04:28 - legacy_replication - DEBUG -     Loss: 0.0431 | R@10: 0.529 | R@20: 0.532 | uR@10: 0.213 | P@10: 0.110 | NDCG@20: 0.211 | PosBrier: 0.7979
2026-03-16 12:05:04 - legacy_replication - DEBUG -     Loss: 0.0431 | R@10: 0.448 | R@20: 0.451 | uR@10: 0.206 | P@10: 0.105 | NDCG@20: 0.184 | PosBrier: 0.8012
2026-03-16 12:06:38 - legacy_replication - DEBUG -     Loss: 0.0427 | R@10: 0.501 | R@20: 0.507 | uR@10: 0.213 | P@10: 0.121 | NDCG@20: 0.205 | PosBrier: 0.8037
2026-03-16 12:07:14 - legacy_replication - DEBUG -     Loss: 0.0424 | R@10: 0.393 | R@20: 0.402 | uR@10: 0.206 | P@10: 0.099 | NDCG@20: 0.167 | PosBrier: 0.8052
2026-03-16 12:07:50 - legacy_replication - DEBUG -     Loss: 0.0422 | R@10: 0.502 | R@20: 0.507 | uR@10: 0.206 | P@10: 0.111 | NDCG@20: 0.207 | PosBrier: 0.8052
2026-03-16 12:08:26 - legacy_replication - DEBUG -     Loss: 0.0425 | R@10: 0.518 | R@20: 0.526 | uR@10: 0.197 | P@10: 0.116 | NDCG@20: 0.201 | PosBrier: 0.8101
2026-03-16 12:09:02 - legacy_replication - DEBUG -     Loss: 0.0422 | R@10: 0.502 | R@20: 0.511 | uR@10: 0.192 | P@10: 0.096 | NDCG@20: 0.194 | PosBrier: 0.8087
2026-03-16 12:10:33 - legacy_replication - DEBUG -     Loss: 0.0418 | R@10: 0.615 | R@20: 0.620 | uR@10: 0.205 | P@10: 0.122 | NDCG@20: 0.241 | PosBrier: 0.8037
2026-03-16 12:11:09 - legacy_replication - DEBUG -     Loss: 0.0414 | R@10: 0.420 | R@20: 0.432 | uR@10: 0.190 | P@10: 0.090 | NDCG@20: 0.165 | PosBrier: 0.8104
2026-03-16 12:11:45 - legacy_replication - DEBUG -     Loss: 0.0416 | R@10: 0.491 | R@20: 0.494 | uR@10: 0.226 | P@10: 0.126 | NDCG@20: 0.212 | PosBrier: 0.7947
2026-03-16 12:12:20 - legacy_replication - DEBUG -     Loss: 0.0420 | R@10: 0.565 | R@20: 0.566 | uR@10: 0.205 | P@10: 0.126 | NDCG@20: 0.216 | PosBrier: 0.8062
2026-03-16 12:12:56 - legacy_replication - DEBUG -     Loss: 0.0414 | R@10: 0.399 | R@20: 0.406 | uR@10: 0.171 | P@10: 0.088 | NDCG@20: 0.148 | PosBrier: 0.8244
2026-03-16 12:14:23 - legacy_replication - DEBUG -     Loss: 0.0411 | R@10: 0.429 | R@20: 0.441 | uR@10: 0.188 | P@10: 0.092 | NDCG@20: 0.169 | PosBrier: 0.8125
2026-03-16 12:14:59 - legacy_replication - DEBUG -     Loss: 0.0404 | R@10: 0.390 | R@20: 0.402 | uR@10: 0.203 | P@10: 0.087 | NDCG@20: 0.163 | PosBrier: 0.8058
2026-03-16 12:15:35 - legacy_replication - DEBUG -     Loss: 0.0405 | R@10: 0.445 | R@20: 0.450 | uR@10: 0.212 | P@10: 0.102 | NDCG@20: 0.187 | PosBrier: 0.8010
2026-03-16 12:16:11 - legacy_replication - DEBUG -     Loss: 0.0414 | R@10: 0.579 | R@20: 0.582 | uR@10: 0.187 | P@10: 0.120 | NDCG@20: 0.212 | PosBrier: 0.8186
2026-03-16 12:16:47 - legacy_replication - DEBUG -     Loss: 0.0407 | R@10: 0.491 | R@20: 0.497 | uR@10: 0.215 | P@10: 0.121 | NDCG@20: 0.208 | PosBrier: 0.7991
2026-03-16 12:18:11 - legacy_replication - DEBUG -     Loss: 0.0414 | R@10: 0.625 | R@20: 0.632 | uR@10: 0.194 | P@10: 0.144 | NDCG@20: 0.244 | PosBrier: 0.8157
2026-03-16 12:18:47 - legacy_replication - DEBUG -     Loss: 0.0403 | R@10: 0.438 | R@20: 0.443 | uR@10: 0.208 | P@10: 0.104 | NDCG@20: 0.180 | PosBrier: 0.8041
2026-03-16 12:19:22 - legacy_replication - DEBUG -     Loss: 0.0397 | R@10: 0.437 | R@20: 0.446 | uR@10: 0.177 | P@10: 0.086 | NDCG@20: 0.162 | PosBrier: 0.8145
2026-03-16 12:19:57 - legacy_replication - DEBUG -     Loss: 0.0400 | R@10: 0.597 | R@20: 0.604 | uR@10: 0.202 | P@10: 0.118 | NDCG@20: 0.232 | PosBrier: 0.8081
2026-03-16 12:20:33 - legacy_replication - DEBUG -     Loss: 0.0404 | R@10: 0.466 | R@20: 0.470 | uR@10: 0.203 | P@10: 0.107 | NDCG@20: 0.184 | PosBrier: 0.8099
2026-03-16 12:22:00 - legacy_replication - DEBUG -     Loss: 0.0402 | R@10: 0.555 | R@20: 0.562 | uR@10: 0.190 | P@10: 0.114 | NDCG@20: 0.211 | PosBrier: 0.8151
2026-03-16 12:22:36 - legacy_replication - DEBUG -     Loss: 0.0391 | R@10: 0.381 | R@20: 0.390 | uR@10: 0.190 | P@10: 0.076 | NDCG@20: 0.149 | PosBrier: 0.8131
2026-03-16 12:23:12 - legacy_replication - DEBUG -     Loss: 0.0393 | R@10: 0.491 | R@20: 0.497 | uR@10: 0.223 | P@10: 0.119 | NDCG@20: 0.207 | PosBrier: 0.7959
2026-03-16 12:23:47 - legacy_replication - DEBUG -     Loss: 0.0398 | R@10: 0.581 | R@20: 0.584 | uR@10: 0.222 | P@10: 0.128 | NDCG@20: 0.240 | PosBrier: 0.7994
2026-03-16 12:24:23 - legacy_replication - DEBUG -     Loss: 0.0389 | R@10: 0.388 | R@20: 0.400 | uR@10: 0.193 | P@10: 0.085 | NDCG@20: 0.158 | PosBrier: 0.8168
2026-03-16 12:25:54 - legacy_replication - DEBUG -     Loss: 0.0395 | R@10: 0.482 | R@20: 0.490 | uR@10: 0.172 | P@10: 0.097 | NDCG@20: 0.181 | PosBrier: 0.8269
2026-03-16 12:26:29 - legacy_replication - DEBUG -     Loss: 0.0382 | R@10: 0.369 | R@20: 0.378 | uR@10: 0.196 | P@10: 0.074 | NDCG@20: 0.153 | PosBrier: 0.8118
2026-03-16 12:27:05 - legacy_replication - DEBUG -     Loss: 0.0388 | R@10: 0.510 | R@20: 0.515 | uR@10: 0.204 | P@10: 0.113 | NDCG@20: 0.205 | PosBrier: 0.8096
2026-03-16 12:27:40 - legacy_replication - DEBUG -     Loss: 0.0391 | R@10: 0.542 | R@20: 0.549 | uR@10: 0.202 | P@10: 0.122 | NDCG@20: 0.209 | PosBrier: 0.8125
2026-03-16 12:28:16 - legacy_replication - DEBUG -     Loss: 0.0391 | R@10: 0.583 | R@20: 0.589 | uR@10: 0.237 | P@10: 0.142 | NDCG@20: 0.252 | PosBrier: 0.7992
2026-03-16 12:29:46 - legacy_replication - DEBUG -     Loss: 0.0393 | R@10: 0.409 | R@20: 0.416 | uR@10: 0.197 | P@10: 0.095 | NDCG@20: 0.164 | PosBrier: 0.8167
2026-03-16 12:30:22 - legacy_replication - DEBUG -     Loss: 0.0383 | R@10: 0.556 | R@20: 0.558 | uR@10: 0.207 | P@10: 0.127 | NDCG@20: 0.222 | PosBrier: 0.8137
2026-03-16 12:30:57 - legacy_replication - DEBUG -     Loss: 0.0388 | R@10: 0.459 | R@20: 0.465 | uR@10: 0.213 | P@10: 0.110 | NDCG@20: 0.193 | PosBrier: 0.8057
2026-03-16 12:31:33 - legacy_replication - DEBUG -     Loss: 0.0375 | R@10: 0.513 | R@20: 0.523 | uR@10: 0.223 | P@10: 0.107 | NDCG@20: 0.214 | PosBrier: 0.7979
2026-03-16 12:32:09 - legacy_replication - DEBUG -     Loss: 0.0377 | R@10: 0.389 | R@20: 0.401 | uR@10: 0.213 | P@10: 0.093 | NDCG@20: 0.166 | PosBrier: 0.8082
2026-03-16 12:33:44 - legacy_replication - DEBUG -     Loss: 0.0377 | R@10: 0.382 | R@20: 0.389 | uR@10: 0.222 | P@10: 0.096 | NDCG@20: 0.166 | PosBrier: 0.8083
2026-03-16 12:34:19 - legacy_replication - DEBUG -     Loss: 0.0371 | R@10: 0.438 | R@20: 0.444 | uR@10: 0.210 | P@10: 0.102 | NDCG@20: 0.183 | PosBrier: 0.8122
2026-03-16 12:34:55 - legacy_replication - DEBUG -     Loss: 0.0377 | R@10: 0.494 | R@20: 0.505 | uR@10: 0.214 | P@10: 0.110 | NDCG@20: 0.204 | PosBrier: 0.8068
2026-03-16 12:35:30 - legacy_replication - DEBUG -     Loss: 0.0376 | R@10: 0.448 | R@20: 0.452 | uR@10: 0.217 | P@10: 0.112 | NDCG@20: 0.193 | PosBrier: 0.8115
2026-03-16 12:36:06 - legacy_replication - DEBUG -     Loss: 0.0374 | R@10: 0.449 | R@20: 0.454 | uR@10: 0.209 | P@10: 0.099 | NDCG@20: 0.182 | PosBrier: 0.8127
2026-03-16 12:37:40 - legacy_replication - DEBUG -     Loss: 0.0379 | R@10: 0.525 | R@20: 0.531 | uR@10: 0.207 | P@10: 0.126 | NDCG@20: 0.210 | PosBrier: 0.8178
2026-03-16 12:38:16 - legacy_replication - DEBUG -     Loss: 0.0372 | R@10: 0.484 | R@20: 0.489 | uR@10: 0.225 | P@10: 0.114 | NDCG@20: 0.208 | PosBrier: 0.8038
2026-03-16 12:38:51 - legacy_replication - DEBUG -     Loss: 0.0369 | R@10: 0.461 | R@20: 0.472 | uR@10: 0.209 | P@10: 0.096 | NDCG@20: 0.189 | PosBrier: 0.8113
2026-03-16 12:39:27 - legacy_replication - DEBUG -     Loss: 0.0369 | R@10: 0.493 | R@20: 0.503 | uR@10: 0.212 | P@10: 0.107 | NDCG@20: 0.201 | PosBrier: 0.8121
2026-03-16 12:40:03 - legacy_replication - DEBUG -     Loss: 0.0368 | R@10: 0.482 | R@20: 0.492 | uR@10: 0.187 | P@10: 0.098 | NDCG@20: 0.180 | PosBrier: 0.8254
2026-03-16 12:41:29 - legacy_replication - DEBUG -     Loss: 0.0367 | R@10: 0.488 | R@20: 0.499 | uR@10: 0.216 | P@10: 0.109 | NDCG@20: 0.200 | PosBrier: 0.8109
2026-03-16 12:42:05 - legacy_replication - DEBUG -     Loss: 0.0362 | R@10: 0.401 | R@20: 0.409 | uR@10: 0.193 | P@10: 0.086 | NDCG@20: 0.160 | PosBrier: 0.8230
2026-03-16 12:42:41 - legacy_replication - DEBUG -     Loss: 0.0366 | R@10: 0.536 | R@20: 0.540 | uR@10: 0.205 | P@10: 0.121 | NDCG@20: 0.218 | PosBrier: 0.8189
2026-03-16 12:43:17 - legacy_replication - DEBUG -     Loss: 0.0357 | R@10: 0.415 | R@20: 0.424 | uR@10: 0.225 | P@10: 0.108 | NDCG@20: 0.182 | PosBrier: 0.8131
2026-03-16 12:43:52 - legacy_replication - DEBUG -     Loss: 0.0358 | R@10: 0.434 | R@20: 0.441 | uR@10: 0.199 | P@10: 0.094 | NDCG@20: 0.174 | PosBrier: 0.8198
2026-03-16 12:45:19 - legacy_replication - DEBUG -     Loss: 0.0363 | R@10: 0.447 | R@20: 0.456 | uR@10: 0.214 | P@10: 0.108 | NDCG@20: 0.189 | PosBrier: 0.8139
2026-03-16 12:45:55 - legacy_replication - DEBUG -     Loss: 0.0354 | R@10: 0.343 | R@20: 0.349 | uR@10: 0.186 | P@10: 0.073 | NDCG@20: 0.141 | PosBrier: 0.8257
2026-03-16 12:46:31 - legacy_replication - DEBUG -     Loss: 0.0359 | R@10: 0.496 | R@20: 0.498 | uR@10: 0.222 | P@10: 0.128 | NDCG@20: 0.210 | PosBrier: 0.8129
2026-03-16 12:47:07 - legacy_replication - DEBUG -     Loss: 0.0364 | R@10: 0.622 | R@20: 0.630 | uR@10: 0.213 | P@10: 0.136 | NDCG@20: 0.252 | PosBrier: 0.8150
2026-03-16 12:47:43 - legacy_replication - DEBUG -     Loss: 0.0359 | R@10: 0.537 | R@20: 0.541 | uR@10: 0.234 | P@10: 0.129 | NDCG@20: 0.230 | PosBrier: 0.8082
2026-03-16 12:49:19 - legacy_replication - DEBUG -     Loss: 0.0354 | R@10: 0.520 | R@20: 0.530 | uR@10: 0.230 | P@10: 0.115 | NDCG@20: 0.219 | PosBrier: 0.8071
2026-03-16 12:49:55 - legacy_replication - DEBUG -     Loss: 0.0353 | R@10: 0.434 | R@20: 0.443 | uR@10: 0.217 | P@10: 0.111 | NDCG@20: 0.186 | PosBrier: 0.8207
2026-03-16 12:50:31 - legacy_replication - DEBUG -     Loss: 0.0359 | R@10: 0.557 | R@20: 0.568 | uR@10: 0.211 | P@10: 0.130 | NDCG@20: 0.223 | PosBrier: 0.8171
2026-03-16 13:54:36 - legacy_replication - INFO - Epoch 1: train_loss=0.191129, val_loss=0.030352, R@10=0.573, throughput=67.6 samples/s, time=27190s
