2025-11-30 03:48:57 - exp6a_auxiliary_free_layer4 - INFO - Starting experiment: exp6a_auxiliary_free_layer4
2025-11-30 03:48:57 - exp6a_auxiliary_free_layer4 - INFO - ⚡ OVERRIDE: embedding_size=512
2025-11-30 03:48:57 - exp6a_auxiliary_free_layer4 - INFO -    Auto-calculated: nhead=8 (head_dim=64), nhid=1408
2025-11-30 03:48:58 - exp6a_auxiliary_free_layer4 - INFO - Model: Flash + MoE Transformer (FP16)
2025-11-30 03:48:58 - exp6a_auxiliary_free_layer4 - INFO -   d_model=512, nhid=1408, nhead=8 (head_dim=64)
2025-11-30 03:48:58 - exp6a_auxiliary_free_layer4 - INFO -   Daily Encoder: Learned Attention Pooling
2025-11-30 03:48:58 - exp6a_auxiliary_free_layer4 - INFO -   MoE: 8 experts, top-2
2025-11-30 03:48:58 - exp6a_auxiliary_free_layer4 - INFO - Total parameters: 84,470,930
2025-11-30 04:01:51 - exp6a_auxiliary_free_layer4 - INFO - Bucketing is ENABLED via BatchSampler.
2025-11-30 04:01:52 - exp6a_auxiliary_free_layer4 - INFO - Using high-performance DataLoader with 48 workers.
2025-11-30 04:01:52 - exp6a_auxiliary_free_layer4 - INFO - Training for 1 epochs...
2025-11-30 04:01:52 - exp6a_auxiliary_free_layer4 - INFO - 
--- Epoch 1/1 ---
2025-11-30 05:41:01 - exp6a_auxiliary_free_layer4 - INFO -   Evaluating on training subset...
2025-11-30 05:41:36 - exp6a_auxiliary_free_layer4 - INFO -   Evaluating on validation set...
2025-11-30 05:45:48 - exp6a_auxiliary_free_layer4 - INFO - Computing embedding quality...
2025-11-30 05:45:49 - exp6a_auxiliary_free_layer4 - INFO -     Embedding std: 1.0336
2025-11-30 05:45:49 - exp6a_auxiliary_free_layer4 - INFO -     NN overlap: 0.172
2025-11-30 05:46:20 - exp6a_auxiliary_free_layer4 - INFO - Checkpoint saved (epoch 1, step 9999)
2025-11-30 05:46:20 - exp6a_auxiliary_free_layer4 - INFO - 
--- Epoch 1 Summary ---
2025-11-30 05:46:20 - exp6a_auxiliary_free_layer4 - INFO - Training Progress:
2025-11-30 05:46:20 - exp6a_auxiliary_free_layer4 - INFO -   Loss (learning avg): 0.0098
2025-11-30 05:46:20 - exp6a_auxiliary_free_layer4 - INFO -   Loss (first batch):  0.8928
2025-11-30 05:46:20 - exp6a_auxiliary_free_layer4 - INFO -   Loss (last batch):   0.0030
2025-11-30 05:46:20 - exp6a_auxiliary_free_layer4 - INFO -   Improvement:         0.8898
2025-11-30 05:46:20 - exp6a_auxiliary_free_layer4 - INFO - 
Final Model Performance:
2025-11-30 05:46:20 - exp6a_auxiliary_free_layer4 - INFO -   Train loss (final):  0.0027
2025-11-30 05:46:20 - exp6a_auxiliary_free_layer4 - INFO -   Val loss:            0.0024
2025-11-30 05:46:20 - exp6a_auxiliary_free_layer4 - INFO -   Gap (train-val loss):+0.0003
2025-11-30 05:46:20 - exp6a_auxiliary_free_layer4 - INFO -   Train Top-10:        0.964
2025-11-30 05:46:20 - exp6a_auxiliary_free_layer4 - INFO -   Val Top-10:          0.962
2025-11-30 05:46:20 - exp6a_auxiliary_free_layer4 - INFO -   ✅ Good generalization (gap = +0.0003)
2025-11-30 05:46:20 - exp6a_auxiliary_free_layer4 - INFO - 
Batch Metrics (during learning):
2025-11-30 05:46:20 - exp6a_auxiliary_free_layer4 - INFO - Train Recall@10: 0.862
2025-11-30 05:46:20 - exp6a_auxiliary_free_layer4 - INFO - Train mAP@20: 0.596
2025-11-30 05:46:20 - exp6a_auxiliary_free_layer4 - INFO - Train Brier: 0.0043
2025-11-30 05:46:20 - exp6a_auxiliary_free_layer4 - INFO - Embedding std: 1.0336
2025-11-30 05:46:20 - exp6a_auxiliary_free_layer4 - INFO - NN overlap: 0.172
2025-11-30 05:46:20 - exp6a_auxiliary_free_layer4 - INFO - MoE Load CV: 1.216
2025-11-30 05:46:20 - exp6a_auxiliary_free_layer4 - INFO - MoE Collapsed: 3.57
2025-11-30 05:46:20 - exp6a_auxiliary_free_layer4 - INFO - 
Training completed in 6268.8s
2025-11-30 06:00:23 - exp6a_auxiliary_free_layer4 - INFO - Complete results saved to logs/exp_round3_ablation_larger_dim512_trainsize_kaiming-moe-init_nov26_2025/exp6a_auxiliary_free_layer4/final_results.json
2025-11-30 06:00:23 - exp6a_auxiliary_free_layer4 - INFO - Metrics saved to logs/exp6a_auxiliary_free_layer4/
2025-11-30 06:00:23 - exp6a_auxiliary_free_layer4 - INFO - 
================================================================================
2025-11-30 06:00:23 - exp6a_auxiliary_free_layer4 - INFO - EXPERIMENT COMPLETE: exp6a_auxiliary_free_layer4
2025-11-30 06:00:23 - exp6a_auxiliary_free_layer4 - INFO - ================================================================================
2025-11-30 06:00:23 - exp6a_auxiliary_free_layer4 - INFO - Final Top-10 Acc in val: 0.962
2025-11-30 06:00:23 - exp6a_auxiliary_free_layer4 - INFO - Best Val Loss: 0.0000 (epoch 1)
2025-11-30 06:00:23 - exp6a_auxiliary_free_layer4 - INFO - Training Time: 6268.8s
2025-11-30 06:00:23 - exp6a_auxiliary_free_layer4 - INFO - ================================================================================

