2025-11-30 08:17:17 - exp6_auxiliary_free - INFO - Starting experiment: exp6_auxiliary_free
2025-11-30 08:17:17 - exp6_auxiliary_free - INFO - ⚡ OVERRIDE: embedding_size=512
2025-11-30 08:17:17 - exp6_auxiliary_free - INFO -    Auto-calculated: nhead=8 (head_dim=64), nhid=1408
2025-11-30 08:17:18 - exp6_auxiliary_free - INFO - Model: Flash + MoE Transformer (FP16)
2025-11-30 08:17:18 - exp6_auxiliary_free - INFO -   d_model=512, nhid=1408, nhead=8 (head_dim=64)
2025-11-30 08:17:18 - exp6_auxiliary_free - INFO -   Daily Encoder: Learned Attention Pooling
2025-11-30 08:17:18 - exp6_auxiliary_free - INFO -   MoE: 8 experts, top-2
2025-11-30 08:17:18 - exp6_auxiliary_free - INFO - Total parameters: 104,648,850
2025-11-30 08:29:54 - exp6_auxiliary_free - INFO - Bucketing is ENABLED via BatchSampler.
2025-11-30 08:29:54 - exp6_auxiliary_free - INFO - Using high-performance DataLoader with 48 workers.
2025-11-30 08:29:54 - exp6_auxiliary_free - INFO - Training for 1 epochs...
2025-11-30 08:29:54 - exp6_auxiliary_free - INFO - 
--- Epoch 1/1 ---
2025-11-30 10:19:33 - exp6_auxiliary_free - INFO -   Evaluating on training subset...
2025-11-30 10:20:49 - exp6_auxiliary_free - INFO -   Evaluating on validation set...
2025-11-30 10:27:47 - exp6_auxiliary_free - INFO - Computing embedding quality...
2025-11-30 10:27:49 - exp6_auxiliary_free - INFO -     Embedding std: 1.0767
2025-11-30 10:27:49 - exp6_auxiliary_free - INFO -     NN overlap: 0.172
2025-11-30 10:28:28 - exp6_auxiliary_free - INFO - Checkpoint saved (epoch 1, step 9999)
2025-11-30 10:28:28 - exp6_auxiliary_free - INFO - 
--- Epoch 1 Summary ---
2025-11-30 10:28:28 - exp6_auxiliary_free - INFO - Training Progress:
2025-11-30 10:28:28 - exp6_auxiliary_free - INFO -   Loss (learning avg): 0.0097
2025-11-30 10:28:28 - exp6_auxiliary_free - INFO -   Loss (first batch):  0.8923
2025-11-30 10:28:28 - exp6_auxiliary_free - INFO -   Loss (last batch):   0.0035
2025-11-30 10:28:28 - exp6_auxiliary_free - INFO -   Improvement:         0.8889
2025-11-30 10:28:28 - exp6_auxiliary_free - INFO - 
Final Model Performance:
2025-11-30 10:28:28 - exp6_auxiliary_free - INFO -   Train loss (final):  0.0027
2025-11-30 10:28:28 - exp6_auxiliary_free - INFO -   Val loss:            0.0024
2025-11-30 10:28:28 - exp6_auxiliary_free - INFO -   Gap (train-val loss):+0.0003
2025-11-30 10:28:28 - exp6_auxiliary_free - INFO -   Train Top-10:        0.968
2025-11-30 10:28:28 - exp6_auxiliary_free - INFO -   Val Top-10:          0.963
2025-11-30 10:28:28 - exp6_auxiliary_free - INFO -   ✅ Good generalization (gap = +0.0003)
2025-11-30 10:28:28 - exp6_auxiliary_free - INFO - 
Batch Metrics (during learning):
2025-11-30 10:28:28 - exp6_auxiliary_free - INFO - Train Recall@10: 0.864
2025-11-30 10:28:28 - exp6_auxiliary_free - INFO - Train mAP@20: 0.600
2025-11-30 10:28:28 - exp6_auxiliary_free - INFO - Train Brier: 0.0043
2025-11-30 10:28:28 - exp6_auxiliary_free - INFO - Embedding std: 1.0767
2025-11-30 10:28:28 - exp6_auxiliary_free - INFO - NN overlap: 0.172
2025-11-30 10:28:28 - exp6_auxiliary_free - INFO - MoE Load CV: 0.890
2025-11-30 10:28:28 - exp6_auxiliary_free - INFO - MoE Collapsed: 2.3
2025-11-30 10:28:28 - exp6_auxiliary_free - INFO - 
Training completed in 7113.5s
2025-11-30 10:42:22 - exp6_auxiliary_free - INFO - Complete results saved to logs/exp_round3_ablation_larger_dim512_trainsize_kaiming-moe-init_nov26_2025/exp6_auxiliary_free/final_results.json
2025-11-30 10:42:22 - exp6_auxiliary_free - INFO - Metrics saved to logs/exp6_auxiliary_free/
2025-11-30 10:42:22 - exp6_auxiliary_free - INFO - 
================================================================================
2025-11-30 10:42:22 - exp6_auxiliary_free - INFO - EXPERIMENT COMPLETE: exp6_auxiliary_free
2025-11-30 10:42:22 - exp6_auxiliary_free - INFO - ================================================================================
2025-11-30 10:42:22 - exp6_auxiliary_free - INFO - Final Top-10 Acc in val: 0.963
2025-11-30 10:42:22 - exp6_auxiliary_free - INFO - Best Val Loss: 0.0000 (epoch 1)
2025-11-30 10:42:22 - exp6_auxiliary_free - INFO - Training Time: 7113.5s
2025-11-30 10:42:22 - exp6_auxiliary_free - INFO - ================================================================================

