2026-01-25 06:54:01 - exp2b_flash_learned_pool - INFO - 
================================================================================
2026-01-25 06:54:01 - exp2b_flash_learned_pool - INFO - EXPERIMENT: exp2b_flash_learned_pool
2026-01-25 06:54:01 - exp2b_flash_learned_pool - INFO - ================================================================================
2026-01-25 06:54:01 - exp2b_flash_learned_pool - INFO - Model: Flash Attention Transformer (FP16)
2026-01-25 06:54:01 - exp2b_flash_learned_pool - INFO -   d_model=256, nhid=704, nhead=8
2026-01-25 06:54:01 - exp2b_flash_learned_pool - INFO -   Daily Encoder: Learned Attention Pooling
2026-01-25 06:54:01 - exp2b_flash_learned_pool - INFO - Total parameters: 25,325,209
2026-01-25 06:54:01 - exp2b_flash_learned_pool - INFO - ✅ Using pre-prepared data
2026-01-25 06:54:02 - exp2b_flash_learned_pool - INFO - Using BCEWithLogitsLoss
2026-01-25 06:54:02 - exp2b_flash_learned_pool - INFO -   With pos_weight method: log_scaled
2026-01-25 06:54:02 - exp2b_flash_learned_pool - INFO -  Enabling DataParallel with 4 GPUs
2026-01-25 06:54:02 - exp2b_flash_learned_pool - INFO -    Per-GPU batch size: 32
2026-01-25 06:54:02 - exp2b_flash_learned_pool - INFO -    Effective batch size: 128
2026-01-25 06:54:02 - exp2b_flash_learned_pool - INFO -    Base learning rate: 0.0002
2026-01-25 06:54:02 - exp2b_flash_learned_pool - INFO -    Scaled learning rate: 8.00e-04
2026-01-25 06:54:02 - exp2b_flash_learned_pool - INFO -    DataParallel device_ids: [0, 1, 2, 3]
2026-01-25 06:54:02 - exp2b_flash_learned_pool - INFO -    DataParallel output_device: 0
2026-01-25 06:54:02 - exp2b_flash_learned_pool - INFO -    ✅ Using DataParallelWrapper for integrated loss
2026-01-25 06:54:02 - exp2b_flash_learned_pool - INFO - Bucketing is ENABLED via BatchSampler.
2026-01-25 06:54:05 - exp2b_flash_learned_pool - INFO - Using DataLoader with 4 workers.
2026-01-25 06:54:05 - exp2b_flash_learned_pool - INFO - Optimizer: AdamW: lr=8.00e-04, weight_decay=0.01
2026-01-25 06:54:05 - exp2b_flash_learned_pool - INFO - Scheduler: LinearPlateau: warmup=1850 steps (15%), plateau until 60%, decay to 1.60e-04
2026-01-25 06:54:05 - exp2b_flash_learned_pool - INFO - Optimizer: AdamW: lr=8.00e-04, weight_decay=0.01
2026-01-25 06:54:05 - exp2b_flash_learned_pool - INFO - Scheduler: LinearPlateau: warmup=1850 steps (15%), plateau until 60%, decay to 1.60e-04
2026-01-25 06:54:05 - exp2b_flash_learned_pool - INFO - 📊 Gradient Tier Analysis ENABLED
2026-01-25 06:54:05 - exp2b_flash_learned_pool - INFO - Training for 1 epochs...
2026-01-25 06:54:05 - exp2b_flash_learned_pool - INFO - 
--- Epoch 1/1 ---
2026-01-25 06:54:12 - exp2b_flash_learned_pool - DEBUG -     Loss: 0.8011 | R@10: 0.004 | R@20: 0.008 | μR@10: 0.001 | P@10: 0.000 | NDCG@20: 0.001 | PosBrier: 0.2931
2026-01-25 06:54:12 - exp2b_flash_learned_pool - DEBUG -     [GradTier] Common: 18.0% | Tail: 17.7%
2026-01-25 06:55:59 - exp2b_flash_learned_pool - DEBUG -     Loss: 0.5057 | R@10: 0.004 | R@20: 0.007 | μR@10: 0.001 | P@10: 0.000 | NDCG@20: 0.003 | PosBrier: 0.4060
2026-01-25 06:55:59 - exp2b_flash_learned_pool - DEBUG -     [GradTier] Common: 18.1% | Tail: 18.0%
2026-01-25 06:57:21 - exp2b_flash_learned_pool - DEBUG -     Loss: 0.1770 | R@10: 0.012 | R@20: 0.016 | μR@10: 0.002 | P@10: 0.001 | NDCG@20: 0.004 | PosBrier: 0.7006
2026-01-25 06:57:21 - exp2b_flash_learned_pool - DEBUG -     [GradTier] Common: 18.0% | Tail: 18.0%
2026-01-25 06:59:01 - exp2b_flash_learned_pool - DEBUG -     Loss: 0.0613 | R@10: 0.345 | R@20: 0.381 | μR@10: 0.083 | P@10: 0.039 | NDCG@20: 0.060 | PosBrier: 0.8269
2026-01-25 06:59:01 - exp2b_flash_learned_pool - DEBUG -     [GradTier] Common: 17.7% | Tail: 18.0%
2026-01-25 07:00:39 - exp2b_flash_learned_pool - DEBUG -     Loss: 0.0284 | R@10: 0.397 | R@20: 0.414 | μR@10: 0.169 | P@10: 0.075 | NDCG@20: 0.110 | PosBrier: 0.8787
2026-01-25 07:00:39 - exp2b_flash_learned_pool - DEBUG -     [GradTier] Common: 17.3% | Tail: 18.1%
2026-01-25 07:02:15 - exp2b_flash_learned_pool - DEBUG -     Loss: 0.0167 | R@10: 0.539 | R@20: 0.618 | μR@10: 0.227 | P@10: 0.108 | NDCG@20: 0.172 | PosBrier: 0.8919
2026-01-25 07:02:15 - exp2b_flash_learned_pool - DEBUG -     [GradTier] Common: 16.9% | Tail: 18.2%
2026-01-25 07:03:53 - exp2b_flash_learned_pool - DEBUG -     Loss: 0.0114 | R@10: 0.522 | R@20: 0.619 | μR@10: 0.230 | P@10: 0.110 | NDCG@20: 0.184 | PosBrier: 0.9001
2026-01-25 07:03:53 - exp2b_flash_learned_pool - DEBUG -     [GradTier] Common: 16.5% | Tail: 18.3%
2026-01-25 07:05:29 - exp2b_flash_learned_pool - DEBUG -     Loss: 0.0086 | R@10: 0.532 | R@20: 0.640 | μR@10: 0.224 | P@10: 0.102 | NDCG@20: 0.183 | PosBrier: 0.9032
2026-01-25 07:05:29 - exp2b_flash_learned_pool - DEBUG -     [GradTier] Common: 17.1% | Tail: 18.2%
2026-01-25 07:07:08 - exp2b_flash_learned_pool - DEBUG -     Loss: 0.0069 | R@10: 0.492 | R@20: 0.596 | μR@10: 0.260 | P@10: 0.114 | NDCG@20: 0.188 | PosBrier: 0.8962
2026-01-25 07:07:08 - exp2b_flash_learned_pool - DEBUG -     [GradTier] Common: 18.0% | Tail: 17.8%
2026-01-25 07:08:47 - exp2b_flash_learned_pool - DEBUG -     Loss: 0.0060 | R@10: 0.521 | R@20: 0.618 | μR@10: 0.236 | P@10: 0.102 | NDCG@20: 0.180 | PosBrier: 0.9048
2026-01-25 07:08:47 - exp2b_flash_learned_pool - DEBUG -     [GradTier] Common: 20.7% | Tail: 17.3%
2026-01-25 07:10:25 - exp2b_flash_learned_pool - DEBUG -     Loss: 0.0056 | R@10: 0.528 | R@20: 0.630 | μR@10: 0.236 | P@10: 0.110 | NDCG@20: 0.181 | PosBrier: 0.8893
2026-01-25 07:10:25 - exp2b_flash_learned_pool - DEBUG -     [GradTier] Common: 23.9% | Tail: 16.7%
2026-01-25 07:12:03 - exp2b_flash_learned_pool - DEBUG -     Loss: 0.0053 | R@10: 0.585 | R@20: 0.694 | μR@10: 0.253 | P@10: 0.122 | NDCG@20: 0.212 | PosBrier: 0.8888
2026-01-25 07:12:03 - exp2b_flash_learned_pool - DEBUG -     [GradTier] Common: 23.8% | Tail: 16.7%
2026-01-25 07:13:44 - exp2b_flash_learned_pool - DEBUG -     Loss: 0.0047 | R@10: 0.503 | R@20: 0.607 | μR@10: 0.268 | P@10: 0.118 | NDCG@20: 0.194 | PosBrier: 0.8644
2026-01-25 07:13:44 - exp2b_flash_learned_pool - DEBUG -     [GradTier] Common: 27.0% | Tail: 15.4%
2026-01-25 07:15:22 - exp2b_flash_learned_pool - DEBUG -     Loss: 0.0049 | R@10: 0.599 | R@20: 0.689 | μR@10: 0.260 | P@10: 0.130 | NDCG@20: 0.219 | PosBrier: 0.8723
2026-01-25 07:15:22 - exp2b_flash_learned_pool - DEBUG -     [GradTier] Common: 30.8% | Tail: 15.0%
2026-01-25 07:16:59 - exp2b_flash_learned_pool - DEBUG -     Loss: 0.0047 | R@10: 0.596 | R@20: 0.692 | μR@10: 0.258 | P@10: 0.126 | NDCG@20: 0.220 | PosBrier: 0.8776
2026-01-25 07:16:59 - exp2b_flash_learned_pool - DEBUG -     [GradTier] Common: 36.4% | Tail: 13.5%
2026-01-25 07:18:36 - exp2b_flash_learned_pool - DEBUG -     Loss: 0.0044 | R@10: 0.614 | R@20: 0.711 | μR@10: 0.277 | P@10: 0.131 | NDCG@20: 0.234 | PosBrier: 0.8602
2026-01-25 07:18:36 - exp2b_flash_learned_pool - DEBUG -     [GradTier] Common: 39.5% | Tail: 13.0%
2026-01-25 07:20:15 - exp2b_flash_learned_pool - DEBUG -     Loss: 0.0042 | R@10: 0.580 | R@20: 0.673 | μR@10: 0.270 | P@10: 0.120 | NDCG@20: 0.228 | PosBrier: 0.8600
2026-01-25 07:20:15 - exp2b_flash_learned_pool - DEBUG -     [GradTier] Common: 40.8% | Tail: 12.1%
2026-01-25 07:21:51 - exp2b_flash_learned_pool - DEBUG -     Loss: 0.0042 | R@10: 0.601 | R@20: 0.714 | μR@10: 0.284 | P@10: 0.133 | NDCG@20: 0.243 | PosBrier: 0.8405
2026-01-25 07:21:51 - exp2b_flash_learned_pool - DEBUG -     [GradTier] Common: 45.1% | Tail: 11.2%
2026-01-25 07:23:30 - exp2b_flash_learned_pool - DEBUG -     Loss: 0.0043 | R@10: 0.623 | R@20: 0.746 | μR@10: 0.276 | P@10: 0.131 | NDCG@20: 0.250 | PosBrier: 0.8559
2026-01-25 07:23:30 - exp2b_flash_learned_pool - DEBUG -     [GradTier] Common: 49.3% | Tail: 10.0%
2026-01-25 07:25:07 - exp2b_flash_learned_pool - DEBUG -     Loss: 0.0043 | R@10: 0.653 | R@20: 0.766 | μR@10: 0.302 | P@10: 0.148 | NDCG@20: 0.267 | PosBrier: 0.8328
2026-01-25 07:25:07 - exp2b_flash_learned_pool - DEBUG -     [GradTier] Common: 54.2% | Tail: 9.4%
2026-01-25 07:26:44 - exp2b_flash_learned_pool - DEBUG -     Loss: 0.0042 | R@10: 0.681 | R@20: 0.772 | μR@10: 0.309 | P@10: 0.148 | NDCG@20: 0.280 | PosBrier: 0.8450
2026-01-25 07:26:44 - exp2b_flash_learned_pool - DEBUG -     [GradTier] Common: 55.3% | Tail: 9.1%
2026-01-25 07:28:22 - exp2b_flash_learned_pool - DEBUG -     Loss: 0.0040 | R@10: 0.669 | R@20: 0.767 | μR@10: 0.323 | P@10: 0.150 | NDCG@20: 0.279 | PosBrier: 0.8310
2026-01-25 07:28:22 - exp2b_flash_learned_pool - DEBUG -     [GradTier] Common: 60.2% | Tail: 7.9%
2026-01-25 07:30:00 - exp2b_flash_learned_pool - DEBUG -     Loss: 0.0041 | R@10: 0.689 | R@20: 0.783 | μR@10: 0.328 | P@10: 0.165 | NDCG@20: 0.294 | PosBrier: 0.8085
2026-01-25 07:30:00 - exp2b_flash_learned_pool - DEBUG -     [GradTier] Common: 61.3% | Tail: 7.5%
2026-01-25 07:31:38 - exp2b_flash_learned_pool - DEBUG -     Loss: 0.0038 | R@10: 0.646 | R@20: 0.740 | μR@10: 0.322 | P@10: 0.140 | NDCG@20: 0.279 | PosBrier: 0.8343
2026-01-25 07:31:38 - exp2b_flash_learned_pool - DEBUG -     [GradTier] Common: 60.2% | Tail: 7.3%
2026-01-25 07:33:32 - exp2b_flash_learned_pool - DEBUG -     Loss: 0.0037 | R@10: 0.697 | R@20: 0.807 | μR@10: 0.348 | P@10: 0.154 | NDCG@20: 0.313 | PosBrier: 0.8211
2026-01-25 07:33:32 - exp2b_flash_learned_pool - DEBUG -     [GradTier] Common: 64.0% | Tail: 7.0%
2026-01-25 07:35:17 - exp2b_flash_learned_pool - DEBUG -     Loss: 0.0036 | R@10: 0.662 | R@20: 0.750 | μR@10: 0.347 | P@10: 0.149 | NDCG@20: 0.295 | PosBrier: 0.8166
2026-01-25 07:35:17 - exp2b_flash_learned_pool - DEBUG -     [GradTier] Common: 61.1% | Tail: 6.5%
2026-01-25 07:36:55 - exp2b_flash_learned_pool - DEBUG -     Loss: 0.0037 | R@10: 0.711 | R@20: 0.802 | μR@10: 0.350 | P@10: 0.162 | NDCG@20: 0.317 | PosBrier: 0.8171
2026-01-25 07:36:55 - exp2b_flash_learned_pool - DEBUG -     [GradTier] Common: 66.3% | Tail: 5.4%
2026-01-25 07:38:35 - exp2b_flash_learned_pool - DEBUG -     Loss: 0.0038 | R@10: 0.617 | R@20: 0.725 | μR@10: 0.344 | P@10: 0.159 | NDCG@20: 0.287 | PosBrier: 0.8076
2026-01-25 07:38:35 - exp2b_flash_learned_pool - DEBUG -     [GradTier] Common: 68.0% | Tail: 5.9%
2026-01-25 07:40:14 - exp2b_flash_learned_pool - DEBUG -     Loss: 0.0037 | R@10: 0.673 | R@20: 0.771 | μR@10: 0.348 | P@10: 0.161 | NDCG@20: 0.305 | PosBrier: 0.8080
2026-01-25 07:40:14 - exp2b_flash_learned_pool - DEBUG -     [GradTier] Common: 69.7% | Tail: 5.3%
2026-01-25 07:41:51 - exp2b_flash_learned_pool - DEBUG -     Loss: 0.0035 | R@10: 0.696 | R@20: 0.789 | μR@10: 0.354 | P@10: 0.150 | NDCG@20: 0.312 | PosBrier: 0.8219
2026-01-25 07:41:51 - exp2b_flash_learned_pool - DEBUG -     [GradTier] Common: 71.8% | Tail: 4.9%
2026-01-25 07:43:29 - exp2b_flash_learned_pool - DEBUG -     Loss: 0.0037 | R@10: 0.726 | R@20: 0.810 | μR@10: 0.348 | P@10: 0.157 | NDCG@20: 0.323 | PosBrier: 0.8240
2026-01-25 07:43:29 - exp2b_flash_learned_pool - DEBUG -     [GradTier] Common: 71.0% | Tail: 3.8%
2026-01-25 07:45:05 - exp2b_flash_learned_pool - DEBUG -     Loss: 0.0037 | R@10: 0.692 | R@20: 0.789 | μR@10: 0.361 | P@10: 0.163 | NDCG@20: 0.317 | PosBrier: 0.7968
2026-01-25 07:45:05 - exp2b_flash_learned_pool - DEBUG -     [GradTier] Common: 72.9% | Tail: 4.5%
2026-01-25 07:46:42 - exp2b_flash_learned_pool - DEBUG -     Loss: 0.0035 | R@10: 0.759 | R@20: 0.829 | μR@10: 0.375 | P@10: 0.171 | NDCG@20: 0.349 | PosBrier: 0.7881
2026-01-25 07:46:42 - exp2b_flash_learned_pool - DEBUG -     [GradTier] Common: 75.1% | Tail: 3.8%
2026-01-25 07:48:20 - exp2b_flash_learned_pool - DEBUG -     Loss: 0.0035 | R@10: 0.766 | R@20: 0.840 | μR@10: 0.390 | P@10: 0.176 | NDCG@20: 0.355 | PosBrier: 0.7872
2026-01-25 07:48:20 - exp2b_flash_learned_pool - DEBUG -     [GradTier] Common: 76.5% | Tail: 3.8%
2026-01-25 07:49:56 - exp2b_flash_learned_pool - DEBUG -     Loss: 0.0037 | R@10: 0.713 | R@20: 0.796 | μR@10: 0.368 | P@10: 0.171 | NDCG@20: 0.339 | PosBrier: 0.7942
2026-01-25 07:49:56 - exp2b_flash_learned_pool - DEBUG -     [GradTier] Common: 74.1% | Tail: 3.4%
2026-01-25 07:51:34 - exp2b_flash_learned_pool - DEBUG -     Loss: 0.0034 | R@10: 0.748 | R@20: 0.817 | μR@10: 0.392 | P@10: 0.169 | NDCG@20: 0.350 | PosBrier: 0.7759
2026-01-25 07:51:34 - exp2b_flash_learned_pool - DEBUG -     [GradTier] Common: 77.6% | Tail: 3.4%
2026-01-25 07:53:14 - exp2b_flash_learned_pool - DEBUG -     Loss: 0.0035 | R@10: 0.725 | R@20: 0.798 | μR@10: 0.388 | P@10: 0.176 | NDCG@20: 0.341 | PosBrier: 0.7791
2026-01-25 07:53:14 - exp2b_flash_learned_pool - DEBUG -     [GradTier] Common: 74.8% | Tail: 3.2%
2026-01-25 07:54:53 - exp2b_flash_learned_pool - DEBUG -     Loss: 0.0035 | R@10: 0.746 | R@20: 0.825 | μR@10: 0.389 | P@10: 0.178 | NDCG@20: 0.360 | PosBrier: 0.7784
2026-01-25 07:54:53 - exp2b_flash_learned_pool - DEBUG -     [GradTier] Common: 76.2% | Tail: 3.0%
2026-01-25 07:56:34 - exp2b_flash_learned_pool - DEBUG -     Loss: 0.0035 | R@10: 0.727 | R@20: 0.815 | μR@10: 0.372 | P@10: 0.169 | NDCG@20: 0.340 | PosBrier: 0.7829
2026-01-25 07:56:34 - exp2b_flash_learned_pool - DEBUG -     [GradTier] Common: 78.5% | Tail: 2.9%
2026-01-25 07:58:11 - exp2b_flash_learned_pool - DEBUG -     Loss: 0.0037 | R@10: 0.733 | R@20: 0.822 | μR@10: 0.368 | P@10: 0.179 | NDCG@20: 0.342 | PosBrier: 0.7845
2026-01-25 07:58:11 - exp2b_flash_learned_pool - DEBUG -     [GradTier] Common: 81.2% | Tail: 2.6%
2026-01-25 07:59:47 - exp2b_flash_learned_pool - DEBUG -     Loss: 0.0034 | R@10: 0.738 | R@20: 0.810 | μR@10: 0.390 | P@10: 0.170 | NDCG@20: 0.349 | PosBrier: 0.7703
2026-01-25 07:59:47 - exp2b_flash_learned_pool - DEBUG -     [GradTier] Common: 78.7% | Tail: 2.5%
2026-01-25 08:01:28 - exp2b_flash_learned_pool - DEBUG -     Loss: 0.0035 | R@10: 0.738 | R@20: 0.823 | μR@10: 0.401 | P@10: 0.193 | NDCG@20: 0.362 | PosBrier: 0.7610
2026-01-25 08:01:28 - exp2b_flash_learned_pool - DEBUG -     [GradTier] Common: 78.9% | Tail: 2.7%
2026-01-25 08:03:11 - exp2b_flash_learned_pool - DEBUG -     Loss: 0.0035 | R@10: 0.681 | R@20: 0.776 | μR@10: 0.388 | P@10: 0.180 | NDCG@20: 0.335 | PosBrier: 0.7784
2026-01-25 08:03:11 - exp2b_flash_learned_pool - DEBUG -     [GradTier] Common: 77.4% | Tail: 2.4%
2026-01-25 08:04:50 - exp2b_flash_learned_pool - DEBUG -     Loss: 0.0034 | R@10: 0.738 | R@20: 0.819 | μR@10: 0.392 | P@10: 0.171 | NDCG@20: 0.354 | PosBrier: 0.7756
2026-01-25 08:04:50 - exp2b_flash_learned_pool - DEBUG -     [GradTier] Common: 78.3% | Tail: 2.2%
2026-01-25 08:06:28 - exp2b_flash_learned_pool - DEBUG -     Loss: 0.0033 | R@10: 0.760 | R@20: 0.844 | μR@10: 0.400 | P@10: 0.176 | NDCG@20: 0.370 | PosBrier: 0.7629
2026-01-25 08:06:28 - exp2b_flash_learned_pool - DEBUG -     [GradTier] Common: 80.3% | Tail: 2.2%
2026-01-25 08:08:06 - exp2b_flash_learned_pool - DEBUG -     Loss: 0.0034 | R@10: 0.775 | R@20: 0.855 | μR@10: 0.396 | P@10: 0.180 | NDCG@20: 0.380 | PosBrier: 0.7557
2026-01-25 08:08:06 - exp2b_flash_learned_pool - DEBUG -     [GradTier] Common: 82.7% | Tail: 1.9%
2026-01-25 08:09:51 - exp2b_flash_learned_pool - DEBUG -     Loss: 0.0036 | R@10: 0.708 | R@20: 0.798 | μR@10: 0.385 | P@10: 0.184 | NDCG@20: 0.345 | PosBrier: 0.7648
2026-01-25 08:09:51 - exp2b_flash_learned_pool - DEBUG -     [GradTier] Common: 77.0% | Tail: 2.1%
2026-01-25 08:11:28 - exp2b_flash_learned_pool - DEBUG -     Loss: 0.0035 | R@10: 0.758 | R@20: 0.829 | μR@10: 0.387 | P@10: 0.177 | NDCG@20: 0.363 | PosBrier: 0.7770
2026-01-25 08:11:28 - exp2b_flash_learned_pool - DEBUG -     [GradTier] Common: 81.8% | Tail: 1.7%
2026-01-25 08:13:05 - exp2b_flash_learned_pool - DEBUG -     Loss: 0.0035 | R@10: 0.745 | R@20: 0.825 | μR@10: 0.388 | P@10: 0.182 | NDCG@20: 0.364 | PosBrier: 0.7616
2026-01-25 08:13:05 - exp2b_flash_learned_pool - DEBUG -     [GradTier] Common: 81.2% | Tail: 1.6%
2026-01-25 08:14:45 - exp2b_flash_learned_pool - DEBUG -     Loss: 0.0033 | R@10: 0.745 | R@20: 0.833 | μR@10: 0.394 | P@10: 0.175 | NDCG@20: 0.360 | PosBrier: 0.7484
2026-01-25 08:14:45 - exp2b_flash_learned_pool - DEBUG -     [GradTier] Common: 81.9% | Tail: 1.6%
2026-01-25 08:16:26 - exp2b_flash_learned_pool - DEBUG -     Loss: 0.0034 | R@10: 0.741 | R@20: 0.824 | μR@10: 0.405 | P@10: 0.185 | NDCG@20: 0.364 | PosBrier: 0.7694
2026-01-25 08:16:26 - exp2b_flash_learned_pool - DEBUG -     [GradTier] Common: 82.6% | Tail: 1.7%
2026-01-25 08:18:04 - exp2b_flash_learned_pool - DEBUG -     Loss: 0.0032 | R@10: 0.772 | R@20: 0.848 | μR@10: 0.414 | P@10: 0.177 | NDCG@20: 0.382 | PosBrier: 0.7589
2026-01-25 08:18:04 - exp2b_flash_learned_pool - DEBUG -     [GradTier] Common: 83.0% | Tail: 1.4%
2026-01-25 08:19:42 - exp2b_flash_learned_pool - DEBUG -     Loss: 0.0037 | R@10: 0.793 | R@20: 0.867 | μR@10: 0.394 | P@10: 0.199 | NDCG@20: 0.382 | PosBrier: 0.7588
2026-01-25 08:19:42 - exp2b_flash_learned_pool - DEBUG -     [GradTier] Common: 80.7% | Tail: 1.2%
2026-01-25 08:21:21 - exp2b_flash_learned_pool - DEBUG -     Loss: 0.0036 | R@10: 0.771 | R@20: 0.853 | μR@10: 0.402 | P@10: 0.200 | NDCG@20: 0.377 | PosBrier: 0.7338
2026-01-25 08:21:21 - exp2b_flash_learned_pool - DEBUG -     [GradTier] Common: 84.5% | Tail: 1.2%
2026-01-25 08:23:01 - exp2b_flash_learned_pool - DEBUG -     Loss: 0.0032 | R@10: 0.761 | R@20: 0.844 | μR@10: 0.420 | P@10: 0.185 | NDCG@20: 0.381 | PosBrier: 0.7431
2026-01-25 08:23:01 - exp2b_flash_learned_pool - DEBUG -     [GradTier] Common: 84.1% | Tail: 1.5%
2026-01-25 08:24:38 - exp2b_flash_learned_pool - DEBUG -     Loss: 0.0033 | R@10: 0.789 | R@20: 0.853 | μR@10: 0.409 | P@10: 0.183 | NDCG@20: 0.386 | PosBrier: 0.7494
2026-01-25 08:24:38 - exp2b_flash_learned_pool - DEBUG -     [GradTier] Common: 81.2% | Tail: 1.2%
2026-01-25 08:26:16 - exp2b_flash_learned_pool - DEBUG -     Loss: 0.0035 | R@10: 0.803 | R@20: 0.864 | μR@10: 0.400 | P@10: 0.193 | NDCG@20: 0.395 | PosBrier: 0.7446
2026-01-25 08:26:16 - exp2b_flash_learned_pool - DEBUG -     [GradTier] Common: 81.8% | Tail: 1.1%
2026-01-25 08:27:57 - exp2b_flash_learned_pool - DEBUG -     Loss: 0.0034 | R@10: 0.749 | R@20: 0.827 | μR@10: 0.412 | P@10: 0.188 | NDCG@20: 0.373 | PosBrier: 0.7387
2026-01-25 08:27:57 - exp2b_flash_learned_pool - DEBUG -     [GradTier] Common: 76.7% | Tail: 1.2%
2026-01-25 08:29:45 - exp2b_flash_learned_pool - DEBUG -     Loss: 0.0038 | R@10: 0.731 | R@20: 0.827 | μR@10: 0.398 | P@10: 0.213 | NDCG@20: 0.363 | PosBrier: 0.7238
2026-01-25 08:29:45 - exp2b_flash_learned_pool - DEBUG -     [GradTier] Common: 81.4% | Tail: 1.3%
2026-01-25 08:31:22 - exp2b_flash_learned_pool - DEBUG -     Loss: 0.0032 | R@10: 0.795 | R@20: 0.868 | μR@10: 0.431 | P@10: 0.194 | NDCG@20: 0.396 | PosBrier: 0.7320
2026-01-25 08:31:22 - exp2b_flash_learned_pool - DEBUG -     [GradTier] Common: 82.8% | Tail: 0.9%
2026-01-25 08:33:02 - exp2b_flash_learned_pool - DEBUG -     Loss: 0.0033 | R@10: 0.801 | R@20: 0.865 | μR@10: 0.443 | P@10: 0.211 | NDCG@20: 0.415 | PosBrier: 0.7081
2026-01-25 08:33:02 - exp2b_flash_learned_pool - DEBUG -     [GradTier] Common: 85.7% | Tail: 1.0%
2026-01-25 08:34:42 - exp2b_flash_learned_pool - DEBUG -     Loss: 0.0033 | R@10: 0.763 | R@20: 0.846 | μR@10: 0.426 | P@10: 0.198 | NDCG@20: 0.384 | PosBrier: 0.7262
2026-01-25 08:34:42 - exp2b_flash_learned_pool - DEBUG -     [GradTier] Common: 85.4% | Tail: 0.9%
2026-01-25 08:36:21 - exp2b_flash_learned_pool - DEBUG -     Loss: 0.0034 | R@10: 0.805 | R@20: 0.870 | μR@10: 0.418 | P@10: 0.203 | NDCG@20: 0.400 | PosBrier: 0.7308
2026-01-25 08:36:21 - exp2b_flash_learned_pool - DEBUG -     [GradTier] Common: 84.7% | Tail: 0.8%
2026-01-25 08:38:10 - exp2b_flash_learned_pool - DEBUG -     Loss: 0.0038 | R@10: 0.761 | R@20: 0.845 | μR@10: 0.408 | P@10: 0.228 | NDCG@20: 0.382 | PosBrier: 0.7108
2026-01-25 08:38:10 - exp2b_flash_learned_pool - DEBUG -     [GradTier] Common: 79.2% | Tail: 1.3%
2026-01-25 08:39:59 - exp2b_flash_learned_pool - DEBUG -     Loss: 0.0035 | R@10: 0.752 | R@20: 0.837 | μR@10: 0.441 | P@10: 0.238 | NDCG@20: 0.391 | PosBrier: 0.6649
2026-01-25 08:39:59 - exp2b_flash_learned_pool - DEBUG -     [GradTier] Common: 85.0% | Tail: 1.3%
2026-01-25 08:41:37 - exp2b_flash_learned_pool - DEBUG -     Loss: 0.0032 | R@10: 0.812 | R@20: 0.876 | μR@10: 0.419 | P@10: 0.192 | NDCG@20: 0.403 | PosBrier: 0.7346
2026-01-25 08:41:37 - exp2b_flash_learned_pool - DEBUG -     [GradTier] Common: 83.5% | Tail: 0.8%
2026-01-25 08:43:16 - exp2b_flash_learned_pool - DEBUG -     Loss: 0.0033 | R@10: 0.806 | R@20: 0.878 | μR@10: 0.416 | P@10: 0.196 | NDCG@20: 0.402 | PosBrier: 0.7313
2026-01-25 08:43:16 - exp2b_flash_learned_pool - DEBUG -     [GradTier] Common: 84.4% | Tail: 0.8%
2026-01-25 08:44:55 - exp2b_flash_learned_pool - DEBUG -     Loss: 0.0034 | R@10: 0.825 | R@20: 0.884 | μR@10: 0.436 | P@10: 0.212 | NDCG@20: 0.414 | PosBrier: 0.7202
2026-01-25 08:44:55 - exp2b_flash_learned_pool - DEBUG -     [GradTier] Common: 82.1% | Tail: 0.8%
2026-01-25 08:46:34 - exp2b_flash_learned_pool - DEBUG -     Loss: 0.0031 | R@10: 0.791 | R@20: 0.873 | μR@10: 0.443 | P@10: 0.194 | NDCG@20: 0.406 | PosBrier: 0.7222
2026-01-25 08:46:34 - exp2b_flash_learned_pool - DEBUG -     [GradTier] Common: 85.9% | Tail: 0.7%
2026-01-25 08:48:16 - exp2b_flash_learned_pool - DEBUG -     Loss: 0.0031 | R@10: 0.792 | R@20: 0.868 | μR@10: 0.448 | P@10: 0.202 | NDCG@20: 0.404 | PosBrier: 0.7225
2026-01-25 08:48:16 - exp2b_flash_learned_pool - DEBUG -     [GradTier] Common: 86.0% | Tail: 0.7%
2026-01-25 08:49:55 - exp2b_flash_learned_pool - DEBUG -     Loss: 0.0030 | R@10: 0.808 | R@20: 0.870 | μR@10: 0.456 | P@10: 0.192 | NDCG@20: 0.416 | PosBrier: 0.7093
2026-01-25 08:49:55 - exp2b_flash_learned_pool - DEBUG -     [GradTier] Common: 87.4% | Tail: 0.6%
2026-01-25 08:51:37 - exp2b_flash_learned_pool - DEBUG -     Loss: 0.0033 | R@10: 0.765 | R@20: 0.855 | μR@10: 0.439 | P@10: 0.207 | NDCG@20: 0.393 | PosBrier: 0.7007
2026-01-25 08:51:37 - exp2b_flash_learned_pool - DEBUG -     [GradTier] Common: 85.6% | Tail: 0.8%
2026-01-25 08:53:20 - exp2b_flash_learned_pool - DEBUG -     Loss: 0.0033 | R@10: 0.756 | R@20: 0.849 | μR@10: 0.445 | P@10: 0.212 | NDCG@20: 0.391 | PosBrier: 0.7168
2026-01-25 08:53:20 - exp2b_flash_learned_pool - DEBUG -     [GradTier] Common: 85.6% | Tail: 0.6%
2026-01-25 08:54:59 - exp2b_flash_learned_pool - DEBUG -     Loss: 0.0033 | R@10: 0.820 | R@20: 0.879 | μR@10: 0.447 | P@10: 0.213 | NDCG@20: 0.420 | PosBrier: 0.7084
2026-01-25 08:54:59 - exp2b_flash_learned_pool - DEBUG -     [GradTier] Common: 83.6% | Tail: 0.5%
2026-01-25 08:56:35 - exp2b_flash_learned_pool - DEBUG -     Loss: 0.0033 | R@10: 0.822 | R@20: 0.878 | μR@10: 0.425 | P@10: 0.198 | NDCG@20: 0.403 | PosBrier: 0.7257
2026-01-25 08:56:35 - exp2b_flash_learned_pool - DEBUG -     [GradTier] Common: 85.5% | Tail: 0.4%
2026-01-25 08:58:14 - exp2b_flash_learned_pool - DEBUG -     Loss: 0.0034 | R@10: 0.829 | R@20: 0.887 | μR@10: 0.427 | P@10: 0.214 | NDCG@20: 0.417 | PosBrier: 0.7061
2026-01-25 08:58:14 - exp2b_flash_learned_pool - DEBUG -     [GradTier] Common: 85.2% | Tail: 0.5%
2026-01-25 08:59:50 - exp2b_flash_learned_pool - DEBUG -     Loss: 0.0032 | R@10: 0.853 | R@20: 0.905 | μR@10: 0.461 | P@10: 0.221 | NDCG@20: 0.440 | PosBrier: 0.6855
2026-01-25 08:59:50 - exp2b_flash_learned_pool - DEBUG -     [GradTier] Common: 85.3% | Tail: 0.5%
2026-01-25 09:01:31 - exp2b_flash_learned_pool - DEBUG -     Loss: 0.0031 | R@10: 0.801 | R@20: 0.876 | μR@10: 0.462 | P@10: 0.205 | NDCG@20: 0.410 | PosBrier: 0.7159
2026-01-25 09:01:31 - exp2b_flash_learned_pool - DEBUG -     [GradTier] Common: 86.9% | Tail: 0.4%
2026-01-25 09:03:09 - exp2b_flash_learned_pool - DEBUG -     Loss: 0.0033 | R@10: 0.816 | R@20: 0.883 | μR@10: 0.446 | P@10: 0.218 | NDCG@20: 0.423 | PosBrier: 0.6987
2026-01-25 09:03:09 - exp2b_flash_learned_pool - DEBUG -     [GradTier] Common: 86.7% | Tail: 0.4%
2026-01-25 09:04:46 - exp2b_flash_learned_pool - DEBUG -     Loss: 0.0031 | R@10: 0.819 | R@20: 0.876 | μR@10: 0.436 | P@10: 0.198 | NDCG@20: 0.421 | PosBrier: 0.7154
2026-01-25 09:04:46 - exp2b_flash_learned_pool - DEBUG -     [GradTier] Common: 84.3% | Tail: 0.4%
2026-01-25 09:06:25 - exp2b_flash_learned_pool - DEBUG -     Loss: 0.0031 | R@10: 0.822 | R@20: 0.885 | μR@10: 0.437 | P@10: 0.192 | NDCG@20: 0.419 | PosBrier: 0.7310
2026-01-25 09:06:25 - exp2b_flash_learned_pool - DEBUG -     [GradTier] Common: 87.4% | Tail: 0.4%
2026-01-25 09:08:06 - exp2b_flash_learned_pool - DEBUG -     Loss: 0.0032 | R@10: 0.810 | R@20: 0.882 | μR@10: 0.450 | P@10: 0.205 | NDCG@20: 0.415 | PosBrier: 0.7186
2026-01-25 09:08:06 - exp2b_flash_learned_pool - DEBUG -     [GradTier] Common: 87.3% | Tail: 0.4%
2026-01-25 09:09:45 - exp2b_flash_learned_pool - DEBUG -     Loss: 0.0032 | R@10: 0.838 | R@20: 0.889 | μR@10: 0.432 | P@10: 0.197 | NDCG@20: 0.421 | PosBrier: 0.7175
2026-01-25 09:09:45 - exp2b_flash_learned_pool - DEBUG -     [GradTier] Common: 87.6% | Tail: 0.4%
2026-01-25 09:11:33 - exp2b_flash_learned_pool - DEBUG -     Loss: 0.0035 | R@10: 0.784 | R@20: 0.868 | μR@10: 0.446 | P@10: 0.239 | NDCG@20: 0.405 | PosBrier: 0.6839
2026-01-25 09:11:33 - exp2b_flash_learned_pool - DEBUG -     [GradTier] Common: 82.9% | Tail: 0.5%
2026-01-25 09:13:12 - exp2b_flash_learned_pool - DEBUG -     Loss: 0.0031 | R@10: 0.811 | R@20: 0.869 | μR@10: 0.437 | P@10: 0.190 | NDCG@20: 0.410 | PosBrier: 0.7136
2026-01-25 09:13:12 - exp2b_flash_learned_pool - DEBUG -     [GradTier] Common: 86.9% | Tail: 0.3%
2026-01-25 09:15:00 - exp2b_flash_learned_pool - DEBUG -     Loss: 0.0035 | R@10: 0.796 | R@20: 0.877 | μR@10: 0.446 | P@10: 0.246 | NDCG@20: 0.417 | PosBrier: 0.6750
2026-01-25 09:15:00 - exp2b_flash_learned_pool - DEBUG -     [GradTier] Common: 83.1% | Tail: 0.5%
2026-01-25 09:16:38 - exp2b_flash_learned_pool - DEBUG -     Loss: 0.0033 | R@10: 0.836 | R@20: 0.897 | μR@10: 0.449 | P@10: 0.221 | NDCG@20: 0.437 | PosBrier: 0.6944
2026-01-25 09:16:38 - exp2b_flash_learned_pool - DEBUG -     [GradTier] Common: 86.1% | Tail: 0.3%
2026-01-25 09:18:16 - exp2b_flash_learned_pool - DEBUG -     Loss: 0.0031 | R@10: 0.832 | R@20: 0.890 | μR@10: 0.458 | P@10: 0.213 | NDCG@20: 0.432 | PosBrier: 0.6932
2026-01-25 09:18:16 - exp2b_flash_learned_pool - DEBUG -     [GradTier] Common: 85.4% | Tail: 0.4%
2026-01-25 09:19:57 - exp2b_flash_learned_pool - DEBUG -     Loss: 0.0030 | R@10: 0.824 | R@20: 0.895 | μR@10: 0.465 | P@10: 0.208 | NDCG@20: 0.430 | PosBrier: 0.6970
2026-01-25 09:19:57 - exp2b_flash_learned_pool - DEBUG -     [GradTier] Common: 86.4% | Tail: 0.3%
2026-01-25 09:21:35 - exp2b_flash_learned_pool - DEBUG -     Loss: 0.0034 | R@10: 0.831 | R@20: 0.885 | μR@10: 0.428 | P@10: 0.210 | NDCG@20: 0.415 | PosBrier: 0.7187
2026-01-25 09:21:35 - exp2b_flash_learned_pool - DEBUG -     [GradTier] Common: 83.0% | Tail: 0.3%
2026-01-25 09:23:14 - exp2b_flash_learned_pool - DEBUG -     Loss: 0.0033 | R@10: 0.824 | R@20: 0.884 | μR@10: 0.433 | P@10: 0.207 | NDCG@20: 0.413 | PosBrier: 0.7132
2026-01-25 09:23:14 - exp2b_flash_learned_pool - DEBUG -     [GradTier] Common: 85.2% | Tail: 0.3%
2026-01-25 09:24:51 - exp2b_flash_learned_pool - DEBUG -     Loss: 0.0033 | R@10: 0.839 | R@20: 0.895 | μR@10: 0.433 | P@10: 0.206 | NDCG@20: 0.427 | PosBrier: 0.7161
2026-01-25 09:24:51 - exp2b_flash_learned_pool - DEBUG -     [GradTier] Common: 85.2% | Tail: 0.3%
2026-01-25 09:26:29 - exp2b_flash_learned_pool - DEBUG -     Loss: 0.0036 | R@10: 0.826 | R@20: 0.890 | μR@10: 0.412 | P@10: 0.215 | NDCG@20: 0.413 | PosBrier: 0.7185
2026-01-25 09:26:29 - exp2b_flash_learned_pool - DEBUG -     [GradTier] Common: 80.9% | Tail: 0.3%
2026-01-25 09:28:06 - exp2b_flash_learned_pool - DEBUG -     Loss: 0.0031 | R@10: 0.815 | R@20: 0.875 | μR@10: 0.452 | P@10: 0.201 | NDCG@20: 0.419 | PosBrier: 0.7120
2026-01-25 09:28:06 - exp2b_flash_learned_pool - DEBUG -     [GradTier] Common: 83.5% | Tail: 0.2%
2026-01-25 09:29:43 - exp2b_flash_learned_pool - DEBUG -     Loss: 0.0029 | R@10: 0.845 | R@20: 0.899 | μR@10: 0.484 | P@10: 0.206 | NDCG@20: 0.437 | PosBrier: 0.6849
2026-01-25 09:29:43 - exp2b_flash_learned_pool - DEBUG -     [GradTier] Common: 83.5% | Tail: 0.2%
2026-01-25 09:31:20 - exp2b_flash_learned_pool - DEBUG -     Loss: 0.0032 | R@10: 0.831 | R@20: 0.889 | μR@10: 0.441 | P@10: 0.208 | NDCG@20: 0.421 | PosBrier: 0.7172
2026-01-25 09:31:20 - exp2b_flash_learned_pool - DEBUG -     [GradTier] Common: 85.7% | Tail: 0.2%
2026-01-25 09:32:57 - exp2b_flash_learned_pool - DEBUG -     Loss: 0.0033 | R@10: 0.827 | R@20: 0.893 | μR@10: 0.442 | P@10: 0.213 | NDCG@20: 0.424 | PosBrier: 0.6998
2026-01-25 09:32:57 - exp2b_flash_learned_pool - DEBUG -     [GradTier] Common: 86.4% | Tail: 0.2%
2026-01-25 09:34:34 - exp2b_flash_learned_pool - DEBUG -     Loss: 0.0031 | R@10: 0.833 | R@20: 0.895 | μR@10: 0.445 | P@10: 0.200 | NDCG@20: 0.426 | PosBrier: 0.7208
2026-01-25 09:34:34 - exp2b_flash_learned_pool - DEBUG -     [GradTier] Common: 85.6% | Tail: 0.2%
2026-01-25 09:36:13 - exp2b_flash_learned_pool - DEBUG -     Loss: 0.0032 | R@10: 0.814 | R@20: 0.870 | μR@10: 0.430 | P@10: 0.198 | NDCG@20: 0.419 | PosBrier: 0.7119
2026-01-25 09:36:13 - exp2b_flash_learned_pool - DEBUG -     [GradTier] Common: 86.8% | Tail: 0.2%
2026-01-25 09:37:50 - exp2b_flash_learned_pool - DEBUG -     Loss: 0.0031 | R@10: 0.820 | R@20: 0.883 | μR@10: 0.452 | P@10: 0.209 | NDCG@20: 0.422 | PosBrier: 0.7092
2026-01-25 09:37:50 - exp2b_flash_learned_pool - DEBUG -     [GradTier] Common: 87.8% | Tail: 0.2%
2026-01-25 09:39:30 - exp2b_flash_learned_pool - DEBUG -     Loss: 0.0031 | R@10: 0.850 | R@20: 0.900 | μR@10: 0.475 | P@10: 0.227 | NDCG@20: 0.449 | PosBrier: 0.6688
2026-01-25 09:39:30 - exp2b_flash_learned_pool - DEBUG -     [GradTier] Common: 85.6% | Tail: 0.2%
2026-01-25 09:41:08 - exp2b_flash_learned_pool - DEBUG -     Loss: 0.0030 | R@10: 0.808 | R@20: 0.872 | μR@10: 0.450 | P@10: 0.191 | NDCG@20: 0.409 | PosBrier: 0.7083
2026-01-25 09:41:08 - exp2b_flash_learned_pool - DEBUG -     [GradTier] Common: 86.1% | Tail: 0.2%
2026-01-25 09:42:46 - exp2b_flash_learned_pool - DEBUG -     Loss: 0.0032 | R@10: 0.822 | R@20: 0.889 | μR@10: 0.444 | P@10: 0.206 | NDCG@20: 0.418 | PosBrier: 0.7115
2026-01-25 09:42:46 - exp2b_flash_learned_pool - DEBUG -     [GradTier] Common: 87.4% | Tail: 0.2%
2026-01-25 09:44:23 - exp2b_flash_learned_pool - DEBUG -     Loss: 0.0030 | R@10: 0.843 | R@20: 0.899 | μR@10: 0.469 | P@10: 0.215 | NDCG@20: 0.444 | PosBrier: 0.6842
2026-01-25 09:44:23 - exp2b_flash_learned_pool - DEBUG -     [GradTier] Common: 85.6% | Tail: 0.2%
2026-01-25 09:46:06 - exp2b_flash_learned_pool - DEBUG -     Loss: 0.0033 | R@10: 0.812 | R@20: 0.882 | μR@10: 0.453 | P@10: 0.224 | NDCG@20: 0.423 | PosBrier: 0.6945
2026-01-25 09:46:06 - exp2b_flash_learned_pool - DEBUG -     [GradTier] Common: 87.1% | Tail: 0.2%
2026-01-25 09:47:49 - exp2b_flash_learned_pool - DEBUG -     Loss: 0.0030 | R@10: 0.853 | R@20: 0.911 | μR@10: 0.476 | P@10: 0.209 | NDCG@20: 0.443 | PosBrier: 0.6899
2026-01-25 09:47:49 - exp2b_flash_learned_pool - DEBUG -     [GradTier] Common: 87.2% | Tail: 0.2%
2026-01-25 09:49:27 - exp2b_flash_learned_pool - DEBUG -     Loss: 0.0031 | R@10: 0.832 | R@20: 0.881 | μR@10: 0.450 | P@10: 0.204 | NDCG@20: 0.432 | PosBrier: 0.6860
2026-01-25 09:49:27 - exp2b_flash_learned_pool - DEBUG -     [GradTier] Common: 85.1% | Tail: 0.2%
2026-01-25 09:51:12 - exp2b_flash_learned_pool - DEBUG -     Loss: 0.0032 | R@10: 0.786 | R@20: 0.871 | μR@10: 0.445 | P@10: 0.214 | NDCG@20: 0.409 | PosBrier: 0.7068
2026-01-25 09:51:12 - exp2b_flash_learned_pool - DEBUG -     [GradTier] Common: 85.2% | Tail: 0.2%
2026-01-25 09:52:50 - exp2b_flash_learned_pool - DEBUG -     Loss: 0.0031 | R@10: 0.842 | R@20: 0.894 | μR@10: 0.463 | P@10: 0.214 | NDCG@20: 0.437 | PosBrier: 0.6918
2026-01-25 09:52:50 - exp2b_flash_learned_pool - DEBUG -     [GradTier] Common: 82.9% | Tail: 0.2%
2026-01-25 09:54:28 - exp2b_flash_learned_pool - DEBUG -     Loss: 0.0034 | R@10: 0.796 | R@20: 0.873 | μR@10: 0.443 | P@10: 0.221 | NDCG@20: 0.413 | PosBrier: 0.6983
2026-01-25 09:54:28 - exp2b_flash_learned_pool - DEBUG -     [GradTier] Common: 84.6% | Tail: 0.2%
2026-01-25 09:56:14 - exp2b_flash_learned_pool - DEBUG -     Loss: 0.0032 | R@10: 0.804 | R@20: 0.886 | μR@10: 0.452 | P@10: 0.216 | NDCG@20: 0.413 | PosBrier: 0.7027
2026-01-25 09:56:14 - exp2b_flash_learned_pool - DEBUG -     [GradTier] Common: 85.1% | Tail: 0.2%
2026-01-25 09:57:51 - exp2b_flash_learned_pool - DEBUG -     Loss: 0.0031 | R@10: 0.822 | R@20: 0.883 | μR@10: 0.456 | P@10: 0.206 | NDCG@20: 0.421 | PosBrier: 0.7015
2026-01-25 09:57:51 - exp2b_flash_learned_pool - DEBUG -     [GradTier] Common: 86.7% | Tail: 0.1%
2026-01-25 09:59:29 - exp2b_flash_learned_pool - DEBUG -     Loss: 0.0031 | R@10: 0.836 | R@20: 0.891 | μR@10: 0.468 | P@10: 0.220 | NDCG@20: 0.442 | PosBrier: 0.6675
2026-01-25 09:59:29 - exp2b_flash_learned_pool - DEBUG -     [GradTier] Common: 86.9% | Tail: 0.2%
2026-01-25 10:01:13 - exp2b_flash_learned_pool - DEBUG -     Loss: 0.0032 | R@10: 0.797 | R@20: 0.882 | μR@10: 0.455 | P@10: 0.216 | NDCG@20: 0.412 | PosBrier: 0.7064
2026-01-25 10:01:13 - exp2b_flash_learned_pool - DEBUG -     [GradTier] Common: 83.7% | Tail: 0.2%
2026-01-25 10:02:57 - exp2b_flash_learned_pool - DEBUG -     Loss: 0.0032 | R@10: 0.805 | R@20: 0.884 | μR@10: 0.469 | P@10: 0.231 | NDCG@20: 0.427 | PosBrier: 0.6807
2026-01-25 10:02:57 - exp2b_flash_learned_pool - DEBUG -     [GradTier] Common: 86.5% | Tail: 0.2%
2026-01-25 10:04:34 - exp2b_flash_learned_pool - DEBUG -     Loss: 0.0028 | R@10: 0.833 | R@20: 0.893 | μR@10: 0.486 | P@10: 0.199 | NDCG@20: 0.434 | PosBrier: 0.6776
2026-01-25 10:04:34 - exp2b_flash_learned_pool - DEBUG -     [GradTier] Common: 87.0% | Tail: 0.1%
2026-01-25 10:06:13 - exp2b_flash_learned_pool - DEBUG -     Loss: 0.0031 | R@10: 0.825 | R@20: 0.894 | μR@10: 0.475 | P@10: 0.223 | NDCG@20: 0.436 | PosBrier: 0.6845
2026-01-25 10:06:13 - exp2b_flash_learned_pool - DEBUG -     [GradTier] Common: 86.7% | Tail: 0.2%
2026-01-25 10:07:57 - exp2b_flash_learned_pool - DEBUG -     Loss: 0.0030 | R@10: 0.785 | R@20: 0.876 | μR@10: 0.463 | P@10: 0.213 | NDCG@20: 0.413 | PosBrier: 0.6960
2026-01-25 10:07:57 - exp2b_flash_learned_pool - DEBUG -     [GradTier] Common: 87.3% | Tail: 0.2%
2026-01-25 10:09:35 - exp2b_flash_learned_pool - DEBUG -     Loss: 0.0032 | R@10: 0.837 | R@20: 0.896 | μR@10: 0.443 | P@10: 0.209 | NDCG@20: 0.431 | PosBrier: 0.7073
2026-01-25 10:09:35 - exp2b_flash_learned_pool - DEBUG -     [GradTier] Common: 86.1% | Tail: 0.1%
2026-01-25 10:11:15 - exp2b_flash_learned_pool - DEBUG -     Loss: 0.0032 | R@10: 0.820 | R@20: 0.891 | μR@10: 0.447 | P@10: 0.215 | NDCG@20: 0.424 | PosBrier: 0.7077
2026-01-25 10:11:15 - exp2b_flash_learned_pool - DEBUG -     [GradTier] Common: 85.9% | Tail: 0.2%
2026-01-25 10:12:54 - exp2b_flash_learned_pool - DEBUG -     Loss: 0.0030 | R@10: 0.852 | R@20: 0.901 | μR@10: 0.476 | P@10: 0.221 | NDCG@20: 0.441 | PosBrier: 0.6791
2026-01-25 10:12:54 - exp2b_flash_learned_pool - DEBUG -     [GradTier] Common: 86.8% | Tail: 0.1%
2026-01-25 10:14:34 - exp2b_flash_learned_pool - DEBUG -     Loss: 0.0031 | R@10: 0.814 | R@20: 0.887 | μR@10: 0.460 | P@10: 0.211 | NDCG@20: 0.425 | PosBrier: 0.6993
2026-01-25 10:14:34 - exp2b_flash_learned_pool - DEBUG -     [GradTier] Common: 84.5% | Tail: 0.2%
2026-01-25 10:16:14 - exp2b_flash_learned_pool - DEBUG -     Loss: 0.0031 | R@10: 0.841 | R@20: 0.899 | μR@10: 0.463 | P@10: 0.226 | NDCG@20: 0.439 | PosBrier: 0.6751
2026-01-25 10:16:14 - exp2b_flash_learned_pool - DEBUG -     [GradTier] Common: 86.5% | Tail: 0.1%
2026-01-25 10:17:54 - exp2b_flash_learned_pool - DEBUG -     Loss: 0.0030 | R@10: 0.802 | R@20: 0.878 | μR@10: 0.467 | P@10: 0.206 | NDCG@20: 0.421 | PosBrier: 0.7022
2026-01-25 10:17:54 - exp2b_flash_learned_pool - DEBUG -     [GradTier] Common: 84.9% | Tail: 0.1%
2026-01-25 10:20:04 - exp2b_flash_learned_pool - INFO - 
  📊 GRADIENT TIER ANALYSIS (Epoch 1)
  ────────────────────────────────────────────────────────────
  Tier            Codes    Gradient Fraction
  ────────────────────────────────────────────────────────────
  Common           1140                72.8%
  Medium           1710                12.6%
  Rare             1704                 6.1%
  Tail             1146                 3.8%
  Zero-freq         597                 4.7%
  ────────────────────────────────────────────────────────────
  TOTAL            6297               100.0%
  ⚠️  Among POSITIVE codes: Common receives 76.4% of positive-tier gradient
       Tail receives only 4.0% - gradient starvation likely

2026-01-25 10:20:04 - exp2b_flash_learned_pool - INFO -   Using batch-averaged training metrics (no re-evaluation)
2026-01-25 10:20:04 - exp2b_flash_learned_pool - INFO -   Final epoch: Running comprehensive evaluation...
2026-01-25 10:52:12 - exp2b_flash_learned_pool - INFO - 
--- Epoch 1 Summary ---
2026-01-25 10:52:12 - exp2b_flash_learned_pool - INFO -   Train loss: 0.0131 → 0.0035
2026-01-25 10:52:12 - exp2b_flash_learned_pool - INFO -   Val loss: 0.0031, Recall@10: 0.814, μRecall@10: 0.463, NDCG@20: 0.430
2026-01-25 10:52:12 - exp2b_flash_learned_pool - INFO - 
Training completed in 14286.8s
2026-01-25 10:52:12 - exp2b_flash_learned_pool - INFO -   Using cached comprehensive evaluation from final epoch
2026-01-25 10:52:12 - exp2b_flash_learned_pool - INFO - Model saved as: exp_round5_3lobs_1-5M_pretrain_multi_gpu_test_v2_exp2b_flash_learned_pool_bs128_ep1_d256_20260125_105212
2026-01-25 10:52:12 - exp2b_flash_learned_pool - INFO - 🗑️ Cleaned up 3 checkpoint files, freed 0.85 GB
2026-01-25 10:52:12 - exp2b_flash_learned_pool - INFO - Complete results saved to logs/exp_round5_3lobs_1-5M_pretrain_multi_gpu_test_v2/exp2b_flash_learned_pool/final_results.json
2026-01-25 10:52:12 - exp2b_flash_learned_pool - INFO - 
================================================================================
2026-01-25 10:52:12 - exp2b_flash_learned_pool - INFO - EXPERIMENT COMPLETE: exp2b_flash_learned_pool
2026-01-25 10:52:12 - exp2b_flash_learned_pool - INFO - ================================================================================
2026-01-25 10:52:12 - exp2b_flash_learned_pool - INFO - Final Recall@10: 0.814
2026-01-25 10:52:12 - exp2b_flash_learned_pool - INFO - Best Val Loss: 0.0000
2026-01-25 10:52:12 - exp2b_flash_learned_pool - INFO - Training Time: 14286.8s
2026-01-25 10:52:12 - exp2b_flash_learned_pool - INFO - ================================================================================

