2025-12-02 08:43:43 - exp3_standard_moe - INFO - Starting experiment: exp3_standard_moe
2025-12-02 08:43:44 - exp3_standard_moe - INFO - Model: Flash + MoE Transformer (FP16)
2025-12-02 08:43:44 - exp3_standard_moe - INFO -   d_model=256, nhid=704, nhead=8 (head_dim=32)
2025-12-02 08:43:44 - exp3_standard_moe - INFO -   Daily Encoder: Flash Attention + Max-Pool
2025-12-02 08:43:44 - exp3_standard_moe - INFO -   MoE: 8 experts, top-2
2025-12-02 08:43:44 - exp3_standard_moe - INFO - Total parameters: 38,418,578
2025-12-02 08:56:32 - exp3_standard_moe - INFO - Bucketing is ENABLED via BatchSampler.
2025-12-02 08:56:33 - exp3_standard_moe - INFO - Using high-performance DataLoader with 48 workers.
2025-12-02 08:56:33 - exp3_standard_moe - INFO - Training for 2 epochs...
2025-12-02 08:56:33 - exp3_standard_moe - INFO - 
--- Epoch 1/2 ---
2025-12-02 13:24:09 - exp3_standard_moe - INFO -   Evaluating on training subset...
2025-12-02 13:26:05 - exp3_standard_moe - INFO -   Evaluating on validation set...
2025-12-02 13:38:09 - exp3_standard_moe - INFO - Computing embedding quality...
2025-12-02 13:38:11 - exp3_standard_moe - INFO -     Embedding std: 0.2050
2025-12-02 13:38:11 - exp3_standard_moe - INFO -     NN overlap: 0.111
2025-12-02 13:38:14 - exp3_standard_moe - INFO - Checkpoint saved (epoch 1, step 9998)
2025-12-02 13:38:14 - exp3_standard_moe - INFO - 
--- Epoch 1 Summary ---
2025-12-02 13:38:14 - exp3_standard_moe - INFO - Training Progress:
2025-12-02 13:38:14 - exp3_standard_moe - INFO -   Loss (learning avg): 0.0152
2025-12-02 13:38:14 - exp3_standard_moe - INFO -   Loss (first batch):  0.7988
2025-12-02 13:38:14 - exp3_standard_moe - INFO -   Loss (last batch):   0.0035
2025-12-02 13:38:14 - exp3_standard_moe - INFO -   Improvement:         0.7954
2025-12-02 13:38:14 - exp3_standard_moe - INFO - 
Final Model Performance:
2025-12-02 13:38:14 - exp3_standard_moe - INFO -   Train loss (final):  0.0036
2025-12-02 13:38:14 - exp3_standard_moe - INFO -   Val loss:            0.0035
2025-12-02 13:38:14 - exp3_standard_moe - INFO -   Gap (train-val loss):+0.0001
2025-12-02 13:38:14 - exp3_standard_moe - INFO -   Train Top-10:        0.826
2025-12-02 13:38:14 - exp3_standard_moe - INFO -   Val Top-10:          0.820
2025-12-02 13:38:14 - exp3_standard_moe - INFO -   ✅ Good generalization (gap = +0.0001)
2025-12-02 13:38:14 - exp3_standard_moe - INFO - 
Batch Metrics (during learning):
2025-12-02 13:38:14 - exp3_standard_moe - INFO - Train Recall@10: 0.790
2025-12-02 13:38:14 - exp3_standard_moe - INFO - Train mAP@20: 0.516
2025-12-02 13:38:14 - exp3_standard_moe - INFO - Train Brier: 0.0050
2025-12-02 13:38:14 - exp3_standard_moe - INFO - Embedding std: 0.2050
2025-12-02 13:38:14 - exp3_standard_moe - INFO - NN overlap: 0.111
2025-12-02 13:38:14 - exp3_standard_moe - INFO - MoE Load CV: 0.113
2025-12-02 13:38:14 - exp3_standard_moe - INFO - MoE Collapsed: 0.01
2025-12-02 13:38:14 - exp3_standard_moe - INFO - 
--- Epoch 2/2 ---
2025-12-02 18:06:31 - exp3_standard_moe - INFO -   Evaluating on training subset...
2025-12-02 18:08:25 - exp3_standard_moe - INFO -   Evaluating on validation set...
2025-12-02 18:20:32 - exp3_standard_moe - INFO - Checkpoint saved (epoch 2, step 19996)
2025-12-02 18:20:32 - exp3_standard_moe - INFO - 
--- Epoch 2 Summary ---
2025-12-02 18:20:32 - exp3_standard_moe - INFO - Training Progress:
2025-12-02 18:20:32 - exp3_standard_moe - INFO -   Loss (learning avg): 0.0035
2025-12-02 18:20:32 - exp3_standard_moe - INFO -   Loss (first batch):  0.0035
2025-12-02 18:20:32 - exp3_standard_moe - INFO -   Loss (last batch):   0.0034
2025-12-02 18:20:32 - exp3_standard_moe - INFO -   Improvement:         0.0000
2025-12-02 18:20:32 - exp3_standard_moe - INFO - 
Final Model Performance:
2025-12-02 18:20:32 - exp3_standard_moe - INFO -   Train loss (final):  0.0033
2025-12-02 18:20:32 - exp3_standard_moe - INFO -   Val loss:            0.0030
2025-12-02 18:20:32 - exp3_standard_moe - INFO -   Gap (train-val loss):+0.0002
2025-12-02 18:20:32 - exp3_standard_moe - INFO -   Train Top-10:        0.889
2025-12-02 18:20:32 - exp3_standard_moe - INFO -   Val Top-10:          0.895
2025-12-02 18:20:32 - exp3_standard_moe - INFO -   ✅ Good generalization (gap = +0.0002)
2025-12-02 18:20:32 - exp3_standard_moe - INFO - 
Batch Metrics (during learning):
2025-12-02 18:20:32 - exp3_standard_moe - INFO - Train Recall@10: 0.862
2025-12-02 18:20:32 - exp3_standard_moe - INFO - Train mAP@20: 0.550
2025-12-02 18:20:32 - exp3_standard_moe - INFO - Train Brier: 0.0007
2025-12-02 18:20:32 - exp3_standard_moe - INFO - MoE Load CV: 0.063
2025-12-02 18:20:32 - exp3_standard_moe - INFO - MoE Collapsed: 0.0
2025-12-02 18:20:32 - exp3_standard_moe - INFO - 
Training completed in 33838.8s
2025-12-02 18:43:02 - exp3_standard_moe - INFO - Complete results saved to logs/exp_round2-1_ablation_swiglu_aux_layer_dec1_2025/exp3_standard_moe/final_results.json
2025-12-02 18:43:02 - exp3_standard_moe - INFO - Metrics saved to logs/exp3_standard_moe/
2025-12-02 18:43:02 - exp3_standard_moe - INFO - 
================================================================================
2025-12-02 18:43:02 - exp3_standard_moe - INFO - EXPERIMENT COMPLETE: exp3_standard_moe
2025-12-02 18:43:02 - exp3_standard_moe - INFO - ================================================================================
2025-12-02 18:43:02 - exp3_standard_moe - INFO - Final Top-10 Acc in val: 0.895
2025-12-02 18:43:02 - exp3_standard_moe - INFO - Best Val Loss: 0.0000 (epoch 1)
2025-12-02 18:43:02 - exp3_standard_moe - INFO - Training Time: 33838.8s
2025-12-02 18:43:02 - exp3_standard_moe - INFO - ================================================================================

