2025-11-30 10:42:32 - exp2b_flash_learned_pool - INFO - Starting experiment: exp2b_flash_learned_pool
2025-11-30 10:42:32 - exp2b_flash_learned_pool - INFO - ⚡ OVERRIDE: embedding_size=512
2025-11-30 10:42:32 - exp2b_flash_learned_pool - INFO -    Auto-calculated: nhead=8 (head_dim=64), nhid=1408
2025-11-30 10:42:32 - exp2b_flash_learned_pool - INFO - Model: Flash Attention Transformer (FP16)
2025-11-30 10:42:32 - exp2b_flash_learned_pool - INFO -   d_model=512, nhid=1408, nhead=8 (head_dim=64)
2025-11-30 10:42:32 - exp2b_flash_learned_pool - INFO -   Daily Encoder: Learned Attention Pooling
2025-11-30 10:42:32 - exp2b_flash_learned_pool - INFO - Total parameters: 64,293,010
2025-11-30 10:55:03 - exp2b_flash_learned_pool - INFO - Bucketing is ENABLED via BatchSampler.
2025-11-30 10:55:04 - exp2b_flash_learned_pool - INFO - Using high-performance DataLoader with 48 workers.
2025-11-30 10:55:04 - exp2b_flash_learned_pool - INFO - Training for 1 epochs...
2025-11-30 10:55:04 - exp2b_flash_learned_pool - INFO - 
--- Epoch 1/1 ---
2025-11-30 12:23:55 - exp2b_flash_learned_pool - INFO -   Evaluating on training subset...
2025-11-30 12:25:29 - exp2b_flash_learned_pool - INFO -   Evaluating on validation set...
2025-11-30 12:31:25 - exp2b_flash_learned_pool - INFO - Computing embedding quality...
2025-11-30 12:31:26 - exp2b_flash_learned_pool - INFO -     Embedding std: 0.8968
2025-11-30 12:31:26 - exp2b_flash_learned_pool - INFO -     NN overlap: 0.170
2025-11-30 12:31:50 - exp2b_flash_learned_pool - INFO - Checkpoint saved (epoch 1, step 9999)
2025-11-30 12:31:50 - exp2b_flash_learned_pool - INFO - 
--- Epoch 1 Summary ---
2025-11-30 12:31:50 - exp2b_flash_learned_pool - INFO - Training Progress:
2025-11-30 12:31:50 - exp2b_flash_learned_pool - INFO -   Loss (learning avg): 0.0098
2025-11-30 12:31:50 - exp2b_flash_learned_pool - INFO -   Loss (first batch):  0.8929
2025-11-30 12:31:50 - exp2b_flash_learned_pool - INFO -   Loss (last batch):   0.0028
2025-11-30 12:31:50 - exp2b_flash_learned_pool - INFO -   Improvement:         0.8901
2025-11-30 12:31:50 - exp2b_flash_learned_pool - INFO - 
Final Model Performance:
2025-11-30 12:31:50 - exp2b_flash_learned_pool - INFO -   Train loss (final):  0.0028
2025-11-30 12:31:50 - exp2b_flash_learned_pool - INFO -   Val loss:            0.0025
2025-11-30 12:31:50 - exp2b_flash_learned_pool - INFO -   Gap (train-val loss):+0.0003
2025-11-30 12:31:50 - exp2b_flash_learned_pool - INFO -   Train Top-10:        0.959
2025-11-30 12:31:50 - exp2b_flash_learned_pool - INFO -   Val Top-10:          0.961
2025-11-30 12:31:50 - exp2b_flash_learned_pool - INFO -   ✅ Good generalization (gap = +0.0003)
2025-11-30 12:31:50 - exp2b_flash_learned_pool - INFO - 
Batch Metrics (during learning):
2025-11-30 12:31:50 - exp2b_flash_learned_pool - INFO - Train Recall@10: 0.851
2025-11-30 12:31:50 - exp2b_flash_learned_pool - INFO - Train mAP@20: 0.582
2025-11-30 12:31:50 - exp2b_flash_learned_pool - INFO - Train Brier: 0.0043
2025-11-30 12:31:50 - exp2b_flash_learned_pool - INFO - Embedding std: 0.8968
2025-11-30 12:31:50 - exp2b_flash_learned_pool - INFO - NN overlap: 0.170
2025-11-30 12:31:50 - exp2b_flash_learned_pool - INFO - 
Training completed in 5806.1s
2025-11-30 12:45:44 - exp2b_flash_learned_pool - INFO - Complete results saved to logs/exp_round3_ablation_larger_dim512_trainsize_kaiming-moe-init_nov26_2025/exp2b_flash_learned_pool/final_results.json
2025-11-30 12:45:44 - exp2b_flash_learned_pool - INFO - Metrics saved to logs/exp2b_flash_learned_pool/
2025-11-30 12:45:44 - exp2b_flash_learned_pool - INFO - 
================================================================================
2025-11-30 12:45:44 - exp2b_flash_learned_pool - INFO - EXPERIMENT COMPLETE: exp2b_flash_learned_pool
2025-11-30 12:45:44 - exp2b_flash_learned_pool - INFO - ================================================================================
2025-11-30 12:45:44 - exp2b_flash_learned_pool - INFO - Final Top-10 Acc in val: 0.961
2025-11-30 12:45:44 - exp2b_flash_learned_pool - INFO - Best Val Loss: 0.0000 (epoch 1)
2025-11-30 12:45:44 - exp2b_flash_learned_pool - INFO - Training Time: 5806.1s
2025-11-30 12:45:44 - exp2b_flash_learned_pool - INFO - ================================================================================

