2025-11-30 06:00:34 - exp6b_auxiliary_free_no-share-exp - INFO - Starting experiment: exp6b_auxiliary_free_no-share-exp
2025-11-30 06:00:34 - exp6b_auxiliary_free_no-share-exp - INFO - ⚡ OVERRIDE: embedding_size=512
2025-11-30 06:00:34 - exp6b_auxiliary_free_no-share-exp - INFO -    Auto-calculated: nhead=8 (head_dim=64), nhid=1408
2025-11-30 06:00:35 - exp6b_auxiliary_free_no-share-exp - INFO - Model: Flash + MoE Transformer (FP16)
2025-11-30 06:00:35 - exp6b_auxiliary_free_no-share-exp - INFO -   d_model=512, nhid=1408, nhead=8 (head_dim=64)
2025-11-30 06:00:35 - exp6b_auxiliary_free_no-share-exp - INFO -   Daily Encoder: Learned Attention Pooling
2025-11-30 06:00:35 - exp6b_auxiliary_free_no-share-exp - INFO -   MoE: 8 experts, top-2
2025-11-30 06:00:35 - exp6b_auxiliary_free_no-share-exp - INFO - Total parameters: 104,650,898
2025-11-30 06:13:10 - exp6b_auxiliary_free_no-share-exp - INFO - Bucketing is ENABLED via BatchSampler.
2025-11-30 06:13:11 - exp6b_auxiliary_free_no-share-exp - INFO - Using high-performance DataLoader with 48 workers.
2025-11-30 06:13:11 - exp6b_auxiliary_free_no-share-exp - INFO - Training for 1 epochs...
2025-11-30 06:13:11 - exp6b_auxiliary_free_no-share-exp - INFO - 
--- Epoch 1/1 ---
2025-11-30 07:55:54 - exp6b_auxiliary_free_no-share-exp - INFO -   Evaluating on training subset...
2025-11-30 07:57:05 - exp6b_auxiliary_free_no-share-exp - INFO -   Evaluating on validation set...
2025-11-30 08:01:50 - exp6b_auxiliary_free_no-share-exp - INFO - Computing embedding quality...
2025-11-30 08:01:51 - exp6b_auxiliary_free_no-share-exp - INFO -     Embedding std: 0.9429
2025-11-30 08:01:51 - exp6b_auxiliary_free_no-share-exp - INFO -     NN overlap: 0.170
2025-11-30 08:02:30 - exp6b_auxiliary_free_no-share-exp - INFO - Checkpoint saved (epoch 1, step 9999)
2025-11-30 08:02:30 - exp6b_auxiliary_free_no-share-exp - INFO - 
--- Epoch 1 Summary ---
2025-11-30 08:02:30 - exp6b_auxiliary_free_no-share-exp - INFO - Training Progress:
2025-11-30 08:02:30 - exp6b_auxiliary_free_no-share-exp - INFO -   Loss (learning avg): 0.0098
2025-11-30 08:02:30 - exp6b_auxiliary_free_no-share-exp - INFO -   Loss (first batch):  0.9004
2025-11-30 08:02:30 - exp6b_auxiliary_free_no-share-exp - INFO -   Loss (last batch):   0.0033
2025-11-30 08:02:30 - exp6b_auxiliary_free_no-share-exp - INFO -   Improvement:         0.8971
2025-11-30 08:02:30 - exp6b_auxiliary_free_no-share-exp - INFO - 
Final Model Performance:
2025-11-30 08:02:30 - exp6b_auxiliary_free_no-share-exp - INFO -   Train loss (final):  0.0028
2025-11-30 08:02:30 - exp6b_auxiliary_free_no-share-exp - INFO -   Val loss:            0.0025
2025-11-30 08:02:30 - exp6b_auxiliary_free_no-share-exp - INFO -   Gap (train-val loss):+0.0003
2025-11-30 08:02:30 - exp6b_auxiliary_free_no-share-exp - INFO -   Train Top-10:        0.961
2025-11-30 08:02:30 - exp6b_auxiliary_free_no-share-exp - INFO -   Val Top-10:          0.959
2025-11-30 08:02:30 - exp6b_auxiliary_free_no-share-exp - INFO -   ✅ Good generalization (gap = +0.0003)
2025-11-30 08:02:30 - exp6b_auxiliary_free_no-share-exp - INFO - 
Batch Metrics (during learning):
2025-11-30 08:02:30 - exp6b_auxiliary_free_no-share-exp - INFO - Train Recall@10: 0.851
2025-11-30 08:02:30 - exp6b_auxiliary_free_no-share-exp - INFO - Train mAP@20: 0.591
2025-11-30 08:02:30 - exp6b_auxiliary_free_no-share-exp - INFO - Train Brier: 0.0043
2025-11-30 08:02:30 - exp6b_auxiliary_free_no-share-exp - INFO - Embedding std: 0.9429
2025-11-30 08:02:30 - exp6b_auxiliary_free_no-share-exp - INFO - NN overlap: 0.170
2025-11-30 08:02:30 - exp6b_auxiliary_free_no-share-exp - INFO - MoE Load CV: 0.647
2025-11-30 08:02:30 - exp6b_auxiliary_free_no-share-exp - INFO - MoE Collapsed: 1.78
2025-11-30 08:02:30 - exp6b_auxiliary_free_no-share-exp - INFO - 
Training completed in 6559.0s
2025-11-30 08:17:05 - exp6b_auxiliary_free_no-share-exp - INFO - Complete results saved to logs/exp_round3_ablation_larger_dim512_trainsize_kaiming-moe-init_nov26_2025/exp6b_auxiliary_free_no-share-exp/final_results.json
2025-11-30 08:17:05 - exp6b_auxiliary_free_no-share-exp - INFO - Metrics saved to logs/exp6b_auxiliary_free_no-share-exp/
2025-11-30 08:17:05 - exp6b_auxiliary_free_no-share-exp - INFO - 
================================================================================
2025-11-30 08:17:05 - exp6b_auxiliary_free_no-share-exp - INFO - EXPERIMENT COMPLETE: exp6b_auxiliary_free_no-share-exp
2025-11-30 08:17:05 - exp6b_auxiliary_free_no-share-exp - INFO - ================================================================================
2025-11-30 08:17:05 - exp6b_auxiliary_free_no-share-exp - INFO - Final Top-10 Acc in val: 0.959
2025-11-30 08:17:05 - exp6b_auxiliary_free_no-share-exp - INFO - Best Val Loss: 0.0000 (epoch 1)
2025-11-30 08:17:05 - exp6b_auxiliary_free_no-share-exp - INFO - Training Time: 6559.0s
2025-11-30 08:17:05 - exp6b_auxiliary_free_no-share-exp - INFO - ================================================================================

