2025-11-13 05:34:08 - exp3b_moe_learned_pool - INFO - Starting experiment: exp3b_moe_learned_pool
2025-11-13 05:34:09 - exp3b_moe_learned_pool - INFO - Model: Flash + MoE Transformer (FP16, 8 experts)
2025-11-13 05:34:09 - exp3b_moe_learned_pool - INFO - Total parameters: 34,938,770
2025-11-13 05:36:44 - exp3b_moe_learned_pool - INFO - Bucketing is ENABLED via BatchSampler.
2025-11-13 05:36:44 - exp3b_moe_learned_pool - INFO - Using high-performance DataLoader with 16 workers.
2025-11-13 05:36:44 - exp3b_moe_learned_pool - INFO - Training for 3 epochs...
2025-11-13 05:36:44 - exp3b_moe_learned_pool - INFO - 
--- Epoch 1/3 ---
2025-11-13 05:51:54 - exp3b_moe_learned_pool - INFO -   Evaluating on training subset...
2025-11-13 05:52:10 - exp3b_moe_learned_pool - INFO -   Evaluating on validation set...
2025-11-13 05:52:37 - exp3b_moe_learned_pool - INFO - Computing embedding quality...
2025-11-13 05:52:38 - exp3b_moe_learned_pool - INFO -     Embedding std: 0.0000
2025-11-13 05:52:38 - exp3b_moe_learned_pool - INFO -     NN overlap: 0.000
2025-11-13 05:52:51 - exp3b_moe_learned_pool - INFO - Checkpoint saved (epoch 1, step 3999)
2025-11-13 05:52:51 - exp3b_moe_learned_pool - INFO - 
--- Epoch 1 Summary ---
2025-11-13 05:52:51 - exp3b_moe_learned_pool - INFO - Training Progress:
2025-11-13 05:52:51 - exp3b_moe_learned_pool - INFO -   Loss (learning avg): 0.0324
2025-11-13 05:52:51 - exp3b_moe_learned_pool - INFO -   Loss (first batch):  0.8100
2025-11-13 05:52:51 - exp3b_moe_learned_pool - INFO -   Loss (last batch):   0.0052
2025-11-13 05:52:51 - exp3b_moe_learned_pool - INFO -   Improvement:         0.8048
2025-11-13 05:52:51 - exp3b_moe_learned_pool - INFO - 
Final Model Performance:
2025-11-13 05:52:51 - exp3b_moe_learned_pool - INFO -   Train loss (final):  0.0040
2025-11-13 05:52:51 - exp3b_moe_learned_pool - INFO -   Val loss:            0.0039
2025-11-13 05:52:51 - exp3b_moe_learned_pool - INFO -   Gap (train-val loss):+0.0001
2025-11-13 05:52:51 - exp3b_moe_learned_pool - INFO -   Train Top-10:        0.790
2025-11-13 05:52:51 - exp3b_moe_learned_pool - INFO -   Val Top-10:          0.776
2025-11-13 05:52:51 - exp3b_moe_learned_pool - INFO -   ✅ Good generalization (gap = +0.0001)
2025-11-13 05:52:51 - exp3b_moe_learned_pool - INFO - 
Batch Metrics (during learning):
2025-11-13 05:52:51 - exp3b_moe_learned_pool - INFO - Train Recall@10: 0.736
2025-11-13 05:52:51 - exp3b_moe_learned_pool - INFO - Train mAP@20: 0.512
2025-11-13 05:52:51 - exp3b_moe_learned_pool - INFO - Train Brier: 0.0115
2025-11-13 05:52:51 - exp3b_moe_learned_pool - INFO - Embedding std: 0.0000
2025-11-13 05:52:51 - exp3b_moe_learned_pool - INFO - NN overlap: 0.000
2025-11-13 05:52:51 - exp3b_moe_learned_pool - INFO - MoE Load CV: 0.419
2025-11-13 05:52:51 - exp3b_moe_learned_pool - INFO - MoE Collapsed: 0.525
2025-11-13 05:52:51 - exp3b_moe_learned_pool - INFO - 
--- Epoch 2/3 ---
2025-11-13 06:08:05 - exp3b_moe_learned_pool - INFO -   Evaluating on training subset...
2025-11-13 06:08:21 - exp3b_moe_learned_pool - INFO -   Evaluating on validation set...
2025-11-13 06:08:58 - exp3b_moe_learned_pool - INFO - Checkpoint saved (epoch 2, step 7998)
2025-11-13 06:08:58 - exp3b_moe_learned_pool - INFO - 
--- Epoch 2 Summary ---
2025-11-13 06:08:58 - exp3b_moe_learned_pool - INFO - Training Progress:
2025-11-13 06:08:58 - exp3b_moe_learned_pool - INFO -   Loss (learning avg): 0.0038
2025-11-13 06:08:58 - exp3b_moe_learned_pool - INFO -   Loss (first batch):  0.0035
2025-11-13 06:08:58 - exp3b_moe_learned_pool - INFO -   Loss (last batch):   0.0037
2025-11-13 06:08:58 - exp3b_moe_learned_pool - INFO -   Improvement:         -0.0001
2025-11-13 06:08:58 - exp3b_moe_learned_pool - INFO - 
Final Model Performance:
2025-11-13 06:08:58 - exp3b_moe_learned_pool - INFO -   Train loss (final):  0.0036
2025-11-13 06:08:58 - exp3b_moe_learned_pool - INFO -   Val loss:            0.0035
2025-11-13 06:08:58 - exp3b_moe_learned_pool - INFO -   Gap (train-val loss):+0.0001
2025-11-13 06:08:58 - exp3b_moe_learned_pool - INFO -   Train Top-10:        0.795
2025-11-13 06:08:58 - exp3b_moe_learned_pool - INFO -   Val Top-10:          0.777
2025-11-13 06:08:58 - exp3b_moe_learned_pool - INFO -   ✅ Good generalization (gap = +0.0001)
2025-11-13 06:08:58 - exp3b_moe_learned_pool - INFO - 
Batch Metrics (during learning):
2025-11-13 06:08:58 - exp3b_moe_learned_pool - INFO - Train Recall@10: 0.815
2025-11-13 06:08:58 - exp3b_moe_learned_pool - INFO - Train mAP@20: 0.510
2025-11-13 06:08:58 - exp3b_moe_learned_pool - INFO - Train Brier: 0.0007
2025-11-13 06:08:58 - exp3b_moe_learned_pool - INFO - MoE Load CV: 0.320
2025-11-13 06:08:58 - exp3b_moe_learned_pool - INFO - MoE Collapsed: 0.3
2025-11-13 06:08:58 - exp3b_moe_learned_pool - INFO - 
--- Epoch 3/3 ---
2025-11-13 06:24:09 - exp3b_moe_learned_pool - INFO -   Evaluating on training subset...
2025-11-13 06:24:25 - exp3b_moe_learned_pool - INFO -   Evaluating on validation set...
2025-11-13 06:24:52 - exp3b_moe_learned_pool - INFO - Computing embedding quality...
2025-11-13 06:24:53 - exp3b_moe_learned_pool - INFO -     Embedding std: 0.0000
2025-11-13 06:24:53 - exp3b_moe_learned_pool - INFO -     NN overlap: 0.000
2025-11-13 06:25:02 - exp3b_moe_learned_pool - INFO - Checkpoint saved (epoch 3, step 11997)
2025-11-13 06:25:02 - exp3b_moe_learned_pool - INFO - 
--- Epoch 3 Summary ---
2025-11-13 06:25:02 - exp3b_moe_learned_pool - INFO - Training Progress:
2025-11-13 06:25:02 - exp3b_moe_learned_pool - INFO -   Loss (learning avg): 0.0036
2025-11-13 06:25:02 - exp3b_moe_learned_pool - INFO -   Loss (first batch):  0.0035
2025-11-13 06:25:02 - exp3b_moe_learned_pool - INFO -   Loss (last batch):   0.0033
2025-11-13 06:25:02 - exp3b_moe_learned_pool - INFO -   Improvement:         0.0002
2025-11-13 06:25:02 - exp3b_moe_learned_pool - INFO - 
Final Model Performance:
2025-11-13 06:25:02 - exp3b_moe_learned_pool - INFO -   Train loss (final):  0.0035
2025-11-13 06:25:02 - exp3b_moe_learned_pool - INFO -   Val loss:            0.0035
2025-11-13 06:25:02 - exp3b_moe_learned_pool - INFO -   Gap (train-val loss):+0.0001
2025-11-13 06:25:02 - exp3b_moe_learned_pool - INFO -   Train Top-10:        0.795
2025-11-13 06:25:02 - exp3b_moe_learned_pool - INFO -   Val Top-10:          0.775
2025-11-13 06:25:02 - exp3b_moe_learned_pool - INFO -   ✅ Good generalization (gap = +0.0001)
2025-11-13 06:25:02 - exp3b_moe_learned_pool - INFO - 
Batch Metrics (during learning):
2025-11-13 06:25:02 - exp3b_moe_learned_pool - INFO - Train Recall@10: 0.834
2025-11-13 06:25:02 - exp3b_moe_learned_pool - INFO - Train mAP@20: 0.519
2025-11-13 06:25:02 - exp3b_moe_learned_pool - INFO - Train Brier: 0.0007
2025-11-13 06:25:02 - exp3b_moe_learned_pool - INFO - Embedding std: 0.0000
2025-11-13 06:25:02 - exp3b_moe_learned_pool - INFO - NN overlap: 0.000
2025-11-13 06:25:02 - exp3b_moe_learned_pool - INFO - MoE Load CV: 0.233
2025-11-13 06:25:02 - exp3b_moe_learned_pool - INFO - MoE Collapsed: 0.15
2025-11-13 06:25:02 - exp3b_moe_learned_pool - INFO - 
Training completed in 2897.9s
2025-11-13 06:26:21 - exp3b_moe_learned_pool - INFO - Metrics saved to logs/exp3b_moe_learned_pool/
2025-11-13 06:26:21 - exp3b_moe_learned_pool - INFO - 
================================================================================
2025-11-13 06:26:21 - exp3b_moe_learned_pool - INFO - EXPERIMENT COMPLETE: exp3b_moe_learned_pool
2025-11-13 06:26:21 - exp3b_moe_learned_pool - INFO - ================================================================================
2025-11-13 06:26:21 - exp3b_moe_learned_pool - INFO - Final Top-10 Acc in val: 0.775
2025-11-13 06:26:21 - exp3b_moe_learned_pool - INFO - Best Val Loss: 0.0000 (epoch 1)
2025-11-13 06:26:21 - exp3b_moe_learned_pool - INFO - Training Time: 2897.9s
2025-11-13 06:26:21 - exp3b_moe_learned_pool - INFO - ================================================================================

