2026-03-08 22:45:13 - exp2b_flash_learned_pool - INFO - 
================================================================================
2026-03-08 22:45:13 - exp2b_flash_learned_pool - INFO - EXPERIMENT: exp2b_flash_learned_pool
2026-03-08 22:45:13 - exp2b_flash_learned_pool - INFO - ================================================================================
2026-03-08 22:45:14 - exp2b_flash_learned_pool - INFO - Model: Flash Attention Transformer (FP16)
2026-03-08 22:45:14 - exp2b_flash_learned_pool - INFO -   d_model=256, nhid=704, nhead=8
2026-03-08 22:45:14 - exp2b_flash_learned_pool - INFO -   Daily Encoder: Learned Attention Pooling
2026-03-08 22:45:14 - exp2b_flash_learned_pool - INFO - Total parameters: 25,325,209
2026-03-08 22:45:14 - exp2b_flash_learned_pool - INFO - ✅ Using pre-prepared data
2026-03-08 22:45:14 - exp2b_flash_learned_pool - INFO - Using BCEWithLogitsLoss
2026-03-08 22:45:14 - exp2b_flash_learned_pool - INFO -   With pos_weight method: log_scaled
2026-03-08 22:45:14 - exp2b_flash_learned_pool - INFO -  Enabling DataParallel with 4 GPUs
2026-03-08 22:45:14 - exp2b_flash_learned_pool - INFO -    Per-GPU batch size: 32
2026-03-08 22:45:14 - exp2b_flash_learned_pool - INFO -    Effective batch size: 128
2026-03-08 22:45:14 - exp2b_flash_learned_pool - INFO -    Base learning rate: 0.0002
2026-03-08 22:45:14 - exp2b_flash_learned_pool - INFO -    Scaled learning rate: 8.00e-04
2026-03-08 22:45:14 - exp2b_flash_learned_pool - INFO -    DataParallel device_ids: [0, 1, 2, 3]
2026-03-08 22:45:14 - exp2b_flash_learned_pool - INFO -    DataParallel output_device: 0
2026-03-08 22:45:14 - exp2b_flash_learned_pool - INFO -    ✅ Using DataParallelWrapper for integrated loss
2026-03-08 22:45:14 - exp2b_flash_learned_pool - INFO - Bucketing is ENABLED via BatchSampler.
2026-03-08 22:45:17 - exp2b_flash_learned_pool - INFO - Train loader: 12,335 batches
2026-03-08 22:45:17 - exp2b_flash_learned_pool - INFO - Val loader: 1,371 batches
2026-03-08 22:45:17 - exp2b_flash_learned_pool - INFO - Using DataLoader with 4 workers.
2026-03-08 22:45:17 - exp2b_flash_learned_pool - INFO - Optimizer: AdamW: lr=8.00e-04, weight_decay=0.01
2026-03-08 22:45:17 - exp2b_flash_learned_pool - INFO - Scheduler: LinearPlateau: warmup=1850 steps (15%), plateau until 60%, decay to 1.60e-04
2026-03-08 22:45:17 - exp2b_flash_learned_pool - INFO - Optimizer: AdamW: lr=8.00e-04, weight_decay=0.01
2026-03-08 22:45:17 - exp2b_flash_learned_pool - INFO - Scheduler: LinearPlateau: warmup=1850 steps (15%), plateau until 60%, decay to 1.60e-04
2026-03-08 22:45:17 - exp2b_flash_learned_pool - INFO - 📊 Gradient Tier Analysis ENABLED
2026-03-08 22:45:17 - exp2b_flash_learned_pool - INFO - Training for 1 epochs...
2026-03-08 22:45:17 - exp2b_flash_learned_pool - INFO - 
--- Epoch 1/1 ---
2026-03-08 22:45:36 - exp2b_flash_learned_pool - DEBUG -     Loss: 0.7963 | R@10: 0.001 | R@20: 0.002 | μR@10: 0.000 | P@10: 0.000 | NDCG@20: 0.000 | PosBrier: 0.3077
2026-03-08 22:45:36 - exp2b_flash_learned_pool - DEBUG -     [GradTier] Common: 18.0% | Tail: 18.2%
2026-03-08 22:51:14 - exp2b_flash_learned_pool - DEBUG -     Loss: 0.0156 | R@10: 0.519 | R@20: 0.583 | μR@10: 0.239 | P@10: 0.117 | NDCG@20: 0.173 | PosBrier: 0.8901
2026-03-08 22:51:14 - exp2b_flash_learned_pool - DEBUG -     [GradTier] Common: 16.8% | Tail: 18.6%
2026-03-08 22:56:49 - exp2b_flash_learned_pool - DEBUG -     Loss: 0.0054 | R@10: 0.507 | R@20: 0.604 | μR@10: 0.251 | P@10: 0.113 | NDCG@20: 0.185 | PosBrier: 0.8991
2026-03-08 22:56:49 - exp2b_flash_learned_pool - DEBUG -     [GradTier] Common: 22.5% | Tail: 17.2%
2026-03-08 23:02:23 - exp2b_flash_learned_pool - DEBUG -     Loss: 0.0042 | R@10: 0.591 | R@20: 0.691 | μR@10: 0.258 | P@10: 0.113 | NDCG@20: 0.222 | PosBrier: 0.8645
2026-03-08 23:02:23 - exp2b_flash_learned_pool - DEBUG -     [GradTier] Common: 40.1% | Tail: 13.1%
2026-03-08 23:07:59 - exp2b_flash_learned_pool - DEBUG -     Loss: 0.0039 | R@10: 0.659 | R@20: 0.777 | μR@10: 0.317 | P@10: 0.141 | NDCG@20: 0.282 | PosBrier: 0.8537
2026-03-08 23:07:59 - exp2b_flash_learned_pool - DEBUG -     [GradTier] Common: 58.6% | Tail: 8.3%
2026-03-08 23:13:33 - exp2b_flash_learned_pool - DEBUG -     Loss: 0.0037 | R@10: 0.678 | R@20: 0.768 | μR@10: 0.352 | P@10: 0.159 | NDCG@20: 0.301 | PosBrier: 0.8015
2026-03-08 23:13:33 - exp2b_flash_learned_pool - DEBUG -     [GradTier] Common: 66.3% | Tail: 5.9%
2026-03-08 23:19:05 - exp2b_flash_learned_pool - DEBUG -     Loss: 0.0036 | R@10: 0.679 | R@20: 0.785 | μR@10: 0.350 | P@10: 0.156 | NDCG@20: 0.311 | PosBrier: 0.8132
2026-03-08 23:19:05 - exp2b_flash_learned_pool - DEBUG -     [GradTier] Common: 74.7% | Tail: 4.2%
2026-03-08 23:24:44 - exp2b_flash_learned_pool - DEBUG -     Loss: 0.0035 | R@10: 0.732 | R@20: 0.818 | μR@10: 0.367 | P@10: 0.159 | NDCG@20: 0.339 | PosBrier: 0.7856
2026-03-08 23:24:44 - exp2b_flash_learned_pool - DEBUG -     [GradTier] Common: 74.9% | Tail: 3.0%
2026-03-08 23:30:21 - exp2b_flash_learned_pool - DEBUG -     Loss: 0.0036 | R@10: 0.746 | R@20: 0.823 | μR@10: 0.394 | P@10: 0.193 | NDCG@20: 0.355 | PosBrier: 0.7414
2026-03-08 23:30:21 - exp2b_flash_learned_pool - DEBUG -     [GradTier] Common: 80.5% | Tail: 2.4%
2026-03-08 23:35:58 - exp2b_flash_learned_pool - DEBUG -     Loss: 0.0034 | R@10: 0.767 | R@20: 0.847 | μR@10: 0.381 | P@10: 0.172 | NDCG@20: 0.373 | PosBrier: 0.7685
2026-03-08 23:35:58 - exp2b_flash_learned_pool - DEBUG -     [GradTier] Common: 83.2% | Tail: 1.7%
2026-03-08 23:41:33 - exp2b_flash_learned_pool - DEBUG -     Loss: 0.0033 | R@10: 0.790 | R@20: 0.866 | μR@10: 0.408 | P@10: 0.181 | NDCG@20: 0.387 | PosBrier: 0.7575
2026-03-08 23:41:33 - exp2b_flash_learned_pool - DEBUG -     [GradTier] Common: 80.5% | Tail: 1.3%
2026-03-08 23:47:09 - exp2b_flash_learned_pool - DEBUG -     Loss: 0.0034 | R@10: 0.801 | R@20: 0.861 | μR@10: 0.400 | P@10: 0.190 | NDCG@20: 0.391 | PosBrier: 0.7445
2026-03-08 23:47:09 - exp2b_flash_learned_pool - DEBUG -     [GradTier] Common: 85.6% | Tail: 1.0%
2026-03-08 23:52:51 - exp2b_flash_learned_pool - DEBUG -     Loss: 0.0033 | R@10: 0.783 | R@20: 0.856 | μR@10: 0.414 | P@10: 0.188 | NDCG@20: 0.391 | PosBrier: 0.7320
2026-03-08 23:52:51 - exp2b_flash_learned_pool - DEBUG -     [GradTier] Common: 87.9% | Tail: 0.9%
2026-03-08 23:58:29 - exp2b_flash_learned_pool - DEBUG -     Loss: 0.0033 | R@10: 0.803 | R@20: 0.863 | μR@10: 0.410 | P@10: 0.189 | NDCG@20: 0.402 | PosBrier: 0.7272
2026-03-08 23:58:29 - exp2b_flash_learned_pool - DEBUG -     [GradTier] Common: 85.5% | Tail: 0.6%
2026-03-09 00:04:06 - exp2b_flash_learned_pool - DEBUG -     Loss: 0.0034 | R@10: 0.829 | R@20: 0.890 | μR@10: 0.417 | P@10: 0.205 | NDCG@20: 0.415 | PosBrier: 0.7359
2026-03-09 00:04:06 - exp2b_flash_learned_pool - DEBUG -     [GradTier] Common: 85.0% | Tail: 0.5%
2026-03-09 00:09:48 - exp2b_flash_learned_pool - DEBUG -     Loss: 0.0031 | R@10: 0.799 | R@20: 0.875 | μR@10: 0.442 | P@10: 0.196 | NDCG@20: 0.409 | PosBrier: 0.7199
2026-03-09 00:09:48 - exp2b_flash_learned_pool - DEBUG -     [GradTier] Common: 85.5% | Tail: 0.4%
2026-03-09 00:15:30 - exp2b_flash_learned_pool - DEBUG -     Loss: 0.0034 | R@10: 0.768 | R@20: 0.855 | μR@10: 0.434 | P@10: 0.216 | NDCG@20: 0.394 | PosBrier: 0.7129
2026-03-09 00:15:30 - exp2b_flash_learned_pool - DEBUG -     [GradTier] Common: 82.1% | Tail: 0.4%
2026-03-09 00:21:09 - exp2b_flash_learned_pool - DEBUG -     Loss: 0.0031 | R@10: 0.818 | R@20: 0.881 | μR@10: 0.457 | P@10: 0.205 | NDCG@20: 0.423 | PosBrier: 0.6886
2026-03-09 00:21:09 - exp2b_flash_learned_pool - DEBUG -     [GradTier] Common: 88.3% | Tail: 0.3%
2026-03-09 00:26:45 - exp2b_flash_learned_pool - DEBUG -     Loss: 0.0031 | R@10: 0.831 | R@20: 0.888 | μR@10: 0.431 | P@10: 0.192 | NDCG@20: 0.415 | PosBrier: 0.7290
2026-03-09 00:26:45 - exp2b_flash_learned_pool - DEBUG -     [GradTier] Common: 88.0% | Tail: 0.2%
2026-03-09 00:32:21 - exp2b_flash_learned_pool - DEBUG -     Loss: 0.0030 | R@10: 0.832 | R@20: 0.895 | μR@10: 0.463 | P@10: 0.199 | NDCG@20: 0.429 | PosBrier: 0.7023
2026-03-09 00:32:21 - exp2b_flash_learned_pool - DEBUG -     [GradTier] Common: 87.0% | Tail: 0.2%
2026-03-09 00:38:02 - exp2b_flash_learned_pool - DEBUG -     Loss: 0.0032 | R@10: 0.836 | R@20: 0.891 | μR@10: 0.442 | P@10: 0.209 | NDCG@20: 0.419 | PosBrier: 0.7015
2026-03-09 00:38:02 - exp2b_flash_learned_pool - DEBUG -     [GradTier] Common: 84.1% | Tail: 0.2%
2026-03-09 00:43:52 - exp2b_flash_learned_pool - DEBUG -     Loss: 0.0028 | R@10: 0.804 | R@20: 0.882 | μR@10: 0.494 | P@10: 0.209 | NDCG@20: 0.430 | PosBrier: 0.6773
2026-03-09 00:43:52 - exp2b_flash_learned_pool - DEBUG -     [GradTier] Common: 84.5% | Tail: 0.3%
2026-03-09 00:49:27 - exp2b_flash_learned_pool - DEBUG -     Loss: 0.0031 | R@10: 0.853 | R@20: 0.907 | μR@10: 0.452 | P@10: 0.203 | NDCG@20: 0.430 | PosBrier: 0.7023
2026-03-09 00:49:27 - exp2b_flash_learned_pool - DEBUG -     [GradTier] Common: 86.0% | Tail: 0.1%
2026-03-09 00:55:05 - exp2b_flash_learned_pool - DEBUG -     Loss: 0.0031 | R@10: 0.843 | R@20: 0.894 | μR@10: 0.453 | P@10: 0.212 | NDCG@20: 0.433 | PosBrier: 0.6999
2026-03-09 00:55:05 - exp2b_flash_learned_pool - DEBUG -     [GradTier] Common: 85.9% | Tail: 0.1%
2026-03-09 01:00:48 - exp2b_flash_learned_pool - DEBUG -     Loss: 0.0030 | R@10: 0.840 | R@20: 0.901 | μR@10: 0.446 | P@10: 0.197 | NDCG@20: 0.434 | PosBrier: 0.7098
2026-03-09 01:00:48 - exp2b_flash_learned_pool - DEBUG -     [GradTier] Common: 87.4% | Tail: 0.1%
2026-03-09 01:04:39 - exp2b_flash_learned_pool - INFO - 
  📊 GRADIENT TIER ANALYSIS (Epoch 1)
  ────────────────────────────────────────────────────────────
  Tier            Codes    Gradient Fraction
  ────────────────────────────────────────────────────────────
  Common           1141                72.8%
  Medium           1711                12.8%
  Rare             1705                 6.1%
  Tail             1148                 4.0%
  Zero-freq         592                 4.4%
  ────────────────────────────────────────────────────────────
  TOTAL            6297               100.0%
  ⚠️  Among POSITIVE codes: Common receives 76.1% of positive-tier gradient
       Tail receives only 4.2% - gradient starvation likely

2026-03-09 01:04:39 - exp2b_flash_learned_pool - INFO -   Using batch-averaged training metrics (no re-evaluation)
2026-03-09 01:08:15 - exp2b_flash_learned_pool - INFO -     Val loss: 0.0031, R@10: 0.822
2026-03-09 01:08:15 - exp2b_flash_learned_pool - INFO -   Final epoch: Running comprehensive evaluation...
2026-03-09 01:32:56 - exp2b_flash_learned_pool - INFO - 
--- Epoch 1 Summary ---
2026-03-09 01:32:56 - exp2b_flash_learned_pool - INFO -   Train loss: 0.0130 → 0.0030
2026-03-09 01:32:56 - exp2b_flash_learned_pool - INFO -   Val loss: 0.0031, Recall@10: 0.809, μRecall@10: 0.456, NDCG@20: 0.425
2026-03-09 01:32:56 - exp2b_flash_learned_pool - INFO - 
================================================================================
2026-03-09 01:32:56 - exp2b_flash_learned_pool - INFO - ENTERING STAGE 2: DECOUPLED DECODER RE-TRAINING
2026-03-09 01:32:56 - exp2b_flash_learned_pool - INFO - ================================================================================
2026-03-09 01:32:56 - exp2b_flash_learned_pool - INFO -   Running pre-Stage2 logit diagnostics...
2026-03-09 01:40:36 - exp2b_flash_learned_pool - INFO -     PRE-S2 common_pos_logit: -2.41, margin: 6.60
2026-03-09 01:40:36 - exp2b_flash_learned_pool - INFO -     PRE-S2 medium_pos_logit: -7.24, margin: 4.98
2026-03-09 01:40:36 - exp2b_flash_learned_pool - INFO -     PRE-S2 rare_pos_logit: -11.32, margin: 2.89
2026-03-09 01:40:36 - exp2b_flash_learned_pool - INFO -     PRE-S2 tail_pos_logit: -13.26, margin: 1.66
2026-03-09 01:40:36 - exp2b_flash_learned_pool - INFO - ================================================================================
2026-03-09 01:40:36 - exp2b_flash_learned_pool - INFO - STAGE 2: DECOUPLED DECODER RE-TRAINING
2026-03-09 01:40:36 - exp2b_flash_learned_pool - INFO - ================================================================================
2026-03-09 01:40:36 - exp2b_flash_learned_pool - INFO -   Frozen parameters: 23,706,880
2026-03-09 01:40:36 - exp2b_flash_learned_pool - INFO -   Trainable parameters (decoder only): 1,618,329
2026-03-09 02:31:34 - exp2b_flash_learned_pool - INFO -   Stage 2 DataLoader: 1068 batches/epoch
2026-03-09 02:31:34 - exp2b_flash_learned_pool - INFO -   Optimizer: sgd (lr=0.005)
2026-03-09 02:31:34 - exp2b_flash_learned_pool - INFO -   Scheduler: cosine with 1068 warmup steps, 21360 total
2026-03-09 02:31:34 - exp2b_flash_learned_pool - INFO - 
  --- Stage 2 Epoch 1/20 ---
2026-03-09 02:31:38 - exp2b_flash_learned_pool - INFO -     [GradTier] Common: 0.1% | Tail: 40.2%
2026-03-09 02:31:38 - exp2b_flash_learned_pool - INFO -     Batch 0/1068 | Loss: 0.5135 | LR: 5.04e-04
2026-03-09 02:32:47 - exp2b_flash_learned_pool - INFO -     [GradTier] Common: 0.1% | Tail: 40.2%
2026-03-09 02:32:47 - exp2b_flash_learned_pool - INFO -     Batch 100/1068 | Loss: 0.5114 | LR: 9.26e-04
2026-03-09 02:33:53 - exp2b_flash_learned_pool - INFO -     [GradTier] Common: 0.1% | Tail: 40.2%
2026-03-09 02:33:53 - exp2b_flash_learned_pool - INFO -     Batch 200/1068 | Loss: 0.5017 | LR: 1.35e-03
2026-03-09 02:34:57 - exp2b_flash_learned_pool - INFO -     [GradTier] Common: 0.1% | Tail: 40.2%
2026-03-09 02:34:57 - exp2b_flash_learned_pool - INFO -     Batch 300/1068 | Loss: 0.4877 | LR: 1.77e-03
2026-03-09 02:36:01 - exp2b_flash_learned_pool - INFO -     [GradTier] Common: 0.1% | Tail: 40.3%
2026-03-09 02:36:01 - exp2b_flash_learned_pool - INFO -     Batch 400/1068 | Loss: 0.4708 | LR: 2.19e-03
2026-03-09 02:37:06 - exp2b_flash_learned_pool - INFO -     [GradTier] Common: 0.1% | Tail: 40.2%
2026-03-09 02:37:06 - exp2b_flash_learned_pool - INFO -     Batch 500/1068 | Loss: 0.4558 | LR: 2.61e-03
2026-03-09 02:38:08 - exp2b_flash_learned_pool - INFO -     [GradTier] Common: 0.1% | Tail: 40.3%
2026-03-09 02:38:08 - exp2b_flash_learned_pool - INFO -     Batch 600/1068 | Loss: 0.4325 | LR: 3.03e-03
2026-03-09 02:39:14 - exp2b_flash_learned_pool - INFO -     [GradTier] Common: 0.1% | Tail: 40.2%
2026-03-09 02:39:14 - exp2b_flash_learned_pool - INFO -     Batch 700/1068 | Loss: 0.4119 | LR: 3.45e-03
2026-03-09 02:40:20 - exp2b_flash_learned_pool - INFO -     [GradTier] Common: 0.1% | Tail: 40.2%
2026-03-09 02:40:20 - exp2b_flash_learned_pool - INFO -     Batch 800/1068 | Loss: 0.3871 | LR: 3.88e-03
2026-03-09 02:41:26 - exp2b_flash_learned_pool - INFO -     [GradTier] Common: 0.1% | Tail: 40.2%
2026-03-09 02:41:26 - exp2b_flash_learned_pool - INFO -     Batch 900/1068 | Loss: 0.3618 | LR: 4.30e-03
2026-03-09 02:42:29 - exp2b_flash_learned_pool - INFO -     [GradTier] Common: 0.1% | Tail: 40.3%
2026-03-09 02:42:29 - exp2b_flash_learned_pool - INFO -     Batch 1000/1068 | Loss: 0.3352 | LR: 4.72e-03
2026-03-09 02:43:09 - exp2b_flash_learned_pool - INFO -   Stage 2 Epoch 1 avg loss: 0.4381
2026-03-09 02:43:09 - exp2b_flash_learned_pool - INFO - 
  --- Stage 2 Epoch 2/20 ---
2026-03-09 02:43:11 - exp2b_flash_learned_pool - INFO -     [GradTier] Common: 0.1% | Tail: 40.3%
2026-03-09 02:43:11 - exp2b_flash_learned_pool - INFO -     Batch 0/1068 | Loss: 0.3212 | LR: 5.00e-03
2026-03-09 02:44:18 - exp2b_flash_learned_pool - INFO -     [GradTier] Common: 0.1% | Tail: 40.3%
2026-03-09 02:44:18 - exp2b_flash_learned_pool - INFO -     Batch 100/1068 | Loss: 0.2967 | LR: 5.00e-03
2026-03-09 02:45:23 - exp2b_flash_learned_pool - INFO -     [GradTier] Common: 0.1% | Tail: 40.2%
2026-03-09 02:45:23 - exp2b_flash_learned_pool - INFO -     Batch 200/1068 | Loss: 0.2768 | LR: 5.00e-03
2026-03-09 02:46:27 - exp2b_flash_learned_pool - INFO -     [GradTier] Common: 0.2% | Tail: 40.3%
2026-03-09 02:46:27 - exp2b_flash_learned_pool - INFO -     Batch 300/1068 | Loss: 0.2599 | LR: 5.00e-03
2026-03-09 02:47:33 - exp2b_flash_learned_pool - INFO -     [GradTier] Common: 0.2% | Tail: 40.2%
2026-03-09 02:47:33 - exp2b_flash_learned_pool - INFO -     Batch 400/1068 | Loss: 0.2385 | LR: 5.00e-03
2026-03-09 02:48:39 - exp2b_flash_learned_pool - INFO -     [GradTier] Common: 0.2% | Tail: 40.3%
2026-03-09 02:48:39 - exp2b_flash_learned_pool - INFO -     Batch 500/1068 | Loss: 0.2216 | LR: 4.99e-03
2026-03-09 02:49:47 - exp2b_flash_learned_pool - INFO -     [GradTier] Common: 0.2% | Tail: 40.3%
2026-03-09 02:49:47 - exp2b_flash_learned_pool - INFO -     Batch 600/1068 | Loss: 0.2137 | LR: 4.99e-03
2026-03-09 02:50:52 - exp2b_flash_learned_pool - INFO -     [GradTier] Common: 0.2% | Tail: 40.3%
2026-03-09 02:50:52 - exp2b_flash_learned_pool - INFO -     Batch 700/1068 | Loss: 0.2004 | LR: 4.99e-03
2026-03-09 02:51:58 - exp2b_flash_learned_pool - INFO -     [GradTier] Common: 0.2% | Tail: 40.2%
2026-03-09 02:51:58 - exp2b_flash_learned_pool - INFO -     Batch 800/1068 | Loss: 0.1890 | LR: 4.98e-03
2026-03-09 02:53:04 - exp2b_flash_learned_pool - INFO -     [GradTier] Common: 0.2% | Tail: 40.3%
2026-03-09 02:53:04 - exp2b_flash_learned_pool - INFO -     Batch 900/1068 | Loss: 0.1719 | LR: 4.98e-03
2026-03-09 02:54:11 - exp2b_flash_learned_pool - INFO -     [GradTier] Common: 0.2% | Tail: 40.3%
2026-03-09 02:54:11 - exp2b_flash_learned_pool - INFO -     Batch 1000/1068 | Loss: 0.1598 | LR: 4.97e-03
2026-03-09 02:54:54 - exp2b_flash_learned_pool - INFO -   Stage 2 Epoch 2 avg loss: 0.2254
2026-03-09 02:54:54 - exp2b_flash_learned_pool - INFO - 
  --- Stage 2 Epoch 3/20 ---
2026-03-09 02:54:57 - exp2b_flash_learned_pool - INFO -     [GradTier] Common: 0.2% | Tail: 40.3%
2026-03-09 02:54:57 - exp2b_flash_learned_pool - INFO -     Batch 0/1068 | Loss: 0.1567 | LR: 4.97e-03
2026-03-09 02:56:01 - exp2b_flash_learned_pool - INFO -     [GradTier] Common: 0.2% | Tail: 40.3%
2026-03-09 02:56:01 - exp2b_flash_learned_pool - INFO -     Batch 100/1068 | Loss: 0.1472 | LR: 4.96e-03
2026-03-09 02:57:01 - exp2b_flash_learned_pool - INFO -     [GradTier] Common: 0.2% | Tail: 40.3%
2026-03-09 02:57:01 - exp2b_flash_learned_pool - INFO -     Batch 200/1068 | Loss: 0.1453 | LR: 4.95e-03
2026-03-09 02:58:07 - exp2b_flash_learned_pool - INFO -     [GradTier] Common: 0.2% | Tail: 40.2%
2026-03-09 02:58:07 - exp2b_flash_learned_pool - INFO -     Batch 300/1068 | Loss: 0.1347 | LR: 4.94e-03
2026-03-09 02:59:11 - exp2b_flash_learned_pool - INFO -     [GradTier] Common: 0.3% | Tail: 40.2%
2026-03-09 02:59:11 - exp2b_flash_learned_pool - INFO -     Batch 400/1068 | Loss: 0.1315 | LR: 4.94e-03
2026-03-09 03:00:17 - exp2b_flash_learned_pool - INFO -     [GradTier] Common: 0.3% | Tail: 40.2%
2026-03-09 03:00:17 - exp2b_flash_learned_pool - INFO -     Batch 500/1068 | Loss: 0.1242 | LR: 4.93e-03
2026-03-09 03:01:20 - exp2b_flash_learned_pool - INFO -     [GradTier] Common: 0.3% | Tail: 40.3%
2026-03-09 03:01:20 - exp2b_flash_learned_pool - INFO -     Batch 600/1068 | Loss: 0.1180 | LR: 4.92e-03
2026-03-09 03:02:28 - exp2b_flash_learned_pool - INFO -     [GradTier] Common: 0.3% | Tail: 40.2%
2026-03-09 03:02:28 - exp2b_flash_learned_pool - INFO -     Batch 700/1068 | Loss: 0.1179 | LR: 4.91e-03
2026-03-09 03:03:34 - exp2b_flash_learned_pool - INFO -     [GradTier] Common: 0.4% | Tail: 40.1%
2026-03-09 03:03:34 - exp2b_flash_learned_pool - INFO -     Batch 800/1068 | Loss: 0.1124 | LR: 4.90e-03
2026-03-09 03:04:39 - exp2b_flash_learned_pool - INFO -     [GradTier] Common: 0.3% | Tail: 40.3%
2026-03-09 03:04:39 - exp2b_flash_learned_pool - INFO -     Batch 900/1068 | Loss: 0.1002 | LR: 4.88e-03
2026-03-09 03:05:45 - exp2b_flash_learned_pool - INFO -     [GradTier] Common: 0.3% | Tail: 40.2%
2026-03-09 03:05:45 - exp2b_flash_learned_pool - INFO -     Batch 1000/1068 | Loss: 0.1002 | LR: 4.87e-03
2026-03-09 03:06:28 - exp2b_flash_learned_pool - INFO -   Stage 2 Epoch 3 avg loss: 0.1234
2026-03-09 03:06:28 - exp2b_flash_learned_pool - INFO - 
  --- Stage 2 Epoch 4/20 ---
2026-03-09 03:06:31 - exp2b_flash_learned_pool - INFO -     [GradTier] Common: 0.3% | Tail: 40.2%
2026-03-09 03:06:31 - exp2b_flash_learned_pool - INFO -     Batch 0/1068 | Loss: 0.0994 | LR: 4.86e-03
2026-03-09 03:07:31 - exp2b_flash_learned_pool - INFO -     [GradTier] Common: 0.3% | Tail: 40.3%
2026-03-09 03:07:32 - exp2b_flash_learned_pool - INFO -     Batch 100/1068 | Loss: 0.0914 | LR: 4.85e-03
2026-03-09 03:08:36 - exp2b_flash_learned_pool - INFO -     [GradTier] Common: 0.4% | Tail: 40.2%
2026-03-09 03:08:36 - exp2b_flash_learned_pool - INFO -     Batch 200/1068 | Loss: 0.0906 | LR: 4.84e-03
2026-03-09 03:09:36 - exp2b_flash_learned_pool - INFO -     [GradTier] Common: 0.3% | Tail: 40.2%
2026-03-09 03:09:36 - exp2b_flash_learned_pool - INFO -     Batch 300/1068 | Loss: 0.0835 | LR: 4.82e-03
2026-03-09 03:10:39 - exp2b_flash_learned_pool - INFO -     [GradTier] Common: 0.4% | Tail: 40.2%
2026-03-09 03:10:39 - exp2b_flash_learned_pool - INFO -     Batch 400/1068 | Loss: 0.0876 | LR: 4.81e-03
2026-03-09 03:11:45 - exp2b_flash_learned_pool - INFO -     [GradTier] Common: 0.3% | Tail: 40.2%
2026-03-09 03:11:45 - exp2b_flash_learned_pool - INFO -     Batch 500/1068 | Loss: 0.0825 | LR: 4.79e-03
2026-03-09 03:12:50 - exp2b_flash_learned_pool - INFO -     [GradTier] Common: 0.4% | Tail: 40.2%
2026-03-09 03:12:50 - exp2b_flash_learned_pool - INFO -     Batch 600/1068 | Loss: 0.0788 | LR: 4.78e-03
2026-03-09 03:13:56 - exp2b_flash_learned_pool - INFO -     [GradTier] Common: 0.4% | Tail: 40.2%
2026-03-09 03:13:56 - exp2b_flash_learned_pool - INFO -     Batch 700/1068 | Loss: 0.0740 | LR: 4.76e-03
2026-03-09 03:15:02 - exp2b_flash_learned_pool - INFO -     [GradTier] Common: 0.4% | Tail: 40.1%
2026-03-09 03:15:02 - exp2b_flash_learned_pool - INFO -     Batch 800/1068 | Loss: 0.0767 | LR: 4.75e-03
2026-03-09 03:16:08 - exp2b_flash_learned_pool - INFO -     [GradTier] Common: 0.4% | Tail: 40.1%
2026-03-09 03:16:08 - exp2b_flash_learned_pool - INFO -     Batch 900/1068 | Loss: 0.0739 | LR: 4.73e-03
2026-03-09 03:17:13 - exp2b_flash_learned_pool - INFO -     [GradTier] Common: 0.4% | Tail: 40.1%
2026-03-09 03:17:13 - exp2b_flash_learned_pool - INFO -     Batch 1000/1068 | Loss: 0.0729 | LR: 4.71e-03
2026-03-09 03:17:55 - exp2b_flash_learned_pool - INFO -   Stage 2 Epoch 4 avg loss: 0.0829
2026-03-09 03:17:55 - exp2b_flash_learned_pool - INFO - 
  --- Stage 2 Epoch 5/20 ---
2026-03-09 03:17:57 - exp2b_flash_learned_pool - INFO -     [GradTier] Common: 0.4% | Tail: 40.1%
2026-03-09 03:17:57 - exp2b_flash_learned_pool - INFO -     Batch 0/1068 | Loss: 0.0660 | LR: 4.70e-03
2026-03-09 03:19:02 - exp2b_flash_learned_pool - INFO -     [GradTier] Common: 0.5% | Tail: 40.0%
2026-03-09 03:19:02 - exp2b_flash_learned_pool - INFO -     Batch 100/1068 | Loss: 0.0720 | LR: 4.68e-03
2026-03-09 03:20:07 - exp2b_flash_learned_pool - INFO -     [GradTier] Common: 0.5% | Tail: 40.2%
2026-03-09 03:20:07 - exp2b_flash_learned_pool - INFO -     Batch 200/1068 | Loss: 0.0672 | LR: 4.66e-03
2026-03-09 03:21:13 - exp2b_flash_learned_pool - INFO -     [GradTier] Common: 0.4% | Tail: 40.1%
2026-03-09 03:21:13 - exp2b_flash_learned_pool - INFO -     Batch 300/1068 | Loss: 0.0611 | LR: 4.64e-03
2026-03-09 03:22:19 - exp2b_flash_learned_pool - INFO -     [GradTier] Common: 0.5% | Tail: 40.1%
2026-03-09 03:22:19 - exp2b_flash_learned_pool - INFO -     Batch 400/1068 | Loss: 0.0645 | LR: 4.62e-03
2026-03-09 03:23:23 - exp2b_flash_learned_pool - INFO -     [GradTier] Common: 0.5% | Tail: 40.1%
2026-03-09 03:23:23 - exp2b_flash_learned_pool - INFO -     Batch 500/1068 | Loss: 0.0615 | LR: 4.60e-03
2026-03-09 03:24:30 - exp2b_flash_learned_pool - INFO -     [GradTier] Common: 0.4% | Tail: 40.1%
2026-03-09 03:24:30 - exp2b_flash_learned_pool - INFO -     Batch 600/1068 | Loss: 0.0597 | LR: 4.58e-03
2026-03-09 03:25:36 - exp2b_flash_learned_pool - INFO -     [GradTier] Common: 0.5% | Tail: 40.1%
2026-03-09 03:25:36 - exp2b_flash_learned_pool - INFO -     Batch 700/1068 | Loss: 0.0585 | LR: 4.56e-03
2026-03-09 03:26:41 - exp2b_flash_learned_pool - INFO -     [GradTier] Common: 0.5% | Tail: 40.1%
2026-03-09 03:26:41 - exp2b_flash_learned_pool - INFO -     Batch 800/1068 | Loss: 0.0619 | LR: 4.53e-03
2026-03-09 03:27:48 - exp2b_flash_learned_pool - INFO -     [GradTier] Common: 0.6% | Tail: 40.0%
2026-03-09 03:27:48 - exp2b_flash_learned_pool - INFO -     Batch 900/1068 | Loss: 0.0626 | LR: 4.51e-03
2026-03-09 03:28:49 - exp2b_flash_learned_pool - INFO -     [GradTier] Common: 0.6% | Tail: 39.9%
2026-03-09 03:28:49 - exp2b_flash_learned_pool - INFO -     Batch 1000/1068 | Loss: 0.0558 | LR: 4.49e-03
2026-03-09 03:29:35 - exp2b_flash_learned_pool - INFO -   Stage 2 Epoch 5 avg loss: 0.0631
2026-03-09 03:29:35 - exp2b_flash_learned_pool - INFO - 
  --- Stage 2 Epoch 6/20 ---
2026-03-09 03:29:37 - exp2b_flash_learned_pool - INFO -     [GradTier] Common: 0.5% | Tail: 40.0%
2026-03-09 03:29:37 - exp2b_flash_learned_pool - INFO -     Batch 0/1068 | Loss: 0.0507 | LR: 4.47e-03
2026-03-09 03:30:48 - exp2b_flash_learned_pool - INFO -     [GradTier] Common: 0.5% | Tail: 40.0%
2026-03-09 03:30:48 - exp2b_flash_learned_pool - INFO -     Batch 100/1068 | Loss: 0.0547 | LR: 4.45e-03
2026-03-09 03:31:51 - exp2b_flash_learned_pool - INFO -     [GradTier] Common: 0.6% | Tail: 40.0%
2026-03-09 03:31:51 - exp2b_flash_learned_pool - INFO -     Batch 200/1068 | Loss: 0.0538 | LR: 4.42e-03
2026-03-09 03:32:58 - exp2b_flash_learned_pool - INFO -     [GradTier] Common: 0.6% | Tail: 40.0%
2026-03-09 03:32:58 - exp2b_flash_learned_pool - INFO -     Batch 300/1068 | Loss: 0.0533 | LR: 4.40e-03
2026-03-09 03:34:08 - exp2b_flash_learned_pool - INFO -     [GradTier] Common: 0.6% | Tail: 40.1%
2026-03-09 03:34:08 - exp2b_flash_learned_pool - INFO -     Batch 400/1068 | Loss: 0.0561 | LR: 4.37e-03
2026-03-09 03:35:15 - exp2b_flash_learned_pool - INFO -     [GradTier] Common: 0.6% | Tail: 40.0%
2026-03-09 03:35:15 - exp2b_flash_learned_pool - INFO -     Batch 500/1068 | Loss: 0.0528 | LR: 4.35e-03
2026-03-09 03:36:24 - exp2b_flash_learned_pool - INFO -     [GradTier] Common: 0.6% | Tail: 40.0%
2026-03-09 03:36:24 - exp2b_flash_learned_pool - INFO -     Batch 600/1068 | Loss: 0.0463 | LR: 4.32e-03
2026-03-09 03:37:32 - exp2b_flash_learned_pool - INFO -     [GradTier] Common: 0.6% | Tail: 39.9%
2026-03-09 03:37:32 - exp2b_flash_learned_pool - INFO -     Batch 700/1068 | Loss: 0.0452 | LR: 4.29e-03
2026-03-09 03:38:40 - exp2b_flash_learned_pool - INFO -     [GradTier] Common: 0.6% | Tail: 40.0%
2026-03-09 03:38:40 - exp2b_flash_learned_pool - INFO -     Batch 800/1068 | Loss: 0.0499 | LR: 4.27e-03
2026-03-09 03:39:47 - exp2b_flash_learned_pool - INFO -     [GradTier] Common: 0.6% | Tail: 40.0%
2026-03-09 03:39:47 - exp2b_flash_learned_pool - INFO -     Batch 900/1068 | Loss: 0.0503 | LR: 4.24e-03
2026-03-09 03:40:55 - exp2b_flash_learned_pool - INFO -     [GradTier] Common: 0.7% | Tail: 40.1%
2026-03-09 03:40:55 - exp2b_flash_learned_pool - INFO -     Batch 1000/1068 | Loss: 0.0476 | LR: 4.21e-03
2026-03-09 03:41:38 - exp2b_flash_learned_pool - INFO -   Stage 2 Epoch 6 avg loss: 0.0515
2026-03-09 03:41:38 - exp2b_flash_learned_pool - INFO - 
  --- Stage 2 Epoch 7/20 ---
2026-03-09 03:41:41 - exp2b_flash_learned_pool - INFO -     [GradTier] Common: 0.6% | Tail: 40.0%
2026-03-09 03:41:41 - exp2b_flash_learned_pool - INFO -     Batch 0/1068 | Loss: 0.0493 | LR: 4.19e-03
2026-03-09 03:42:44 - exp2b_flash_learned_pool - INFO -     [GradTier] Common: 0.7% | Tail: 40.1%
2026-03-09 03:42:44 - exp2b_flash_learned_pool - INFO -     Batch 100/1068 | Loss: 0.0475 | LR: 4.16e-03
2026-03-09 03:43:49 - exp2b_flash_learned_pool - INFO -     [GradTier] Common: 0.7% | Tail: 39.9%
2026-03-09 03:43:49 - exp2b_flash_learned_pool - INFO -     Batch 200/1068 | Loss: 0.0426 | LR: 4.14e-03
2026-03-09 03:44:56 - exp2b_flash_learned_pool - INFO -     [GradTier] Common: 0.7% | Tail: 40.0%
2026-03-09 03:44:56 - exp2b_flash_learned_pool - INFO -     Batch 300/1068 | Loss: 0.0458 | LR: 4.11e-03
2026-03-09 03:46:04 - exp2b_flash_learned_pool - INFO -     [GradTier] Common: 0.7% | Tail: 40.0%
2026-03-09 03:46:04 - exp2b_flash_learned_pool - INFO -     Batch 400/1068 | Loss: 0.0454 | LR: 4.08e-03
2026-03-09 03:47:08 - exp2b_flash_learned_pool - INFO -     [GradTier] Common: 0.7% | Tail: 40.1%
2026-03-09 03:47:08 - exp2b_flash_learned_pool - INFO -     Batch 500/1068 | Loss: 0.0419 | LR: 4.05e-03
2026-03-09 03:48:10 - exp2b_flash_learned_pool - INFO -     [GradTier] Common: 0.7% | Tail: 40.0%
2026-03-09 03:48:10 - exp2b_flash_learned_pool - INFO -     Batch 600/1068 | Loss: 0.0404 | LR: 4.01e-03
2026-03-09 03:49:16 - exp2b_flash_learned_pool - INFO -     [GradTier] Common: 0.7% | Tail: 39.9%
2026-03-09 03:49:16 - exp2b_flash_learned_pool - INFO -     Batch 700/1068 | Loss: 0.0405 | LR: 3.98e-03
2026-03-09 03:50:19 - exp2b_flash_learned_pool - INFO -     [GradTier] Common: 0.7% | Tail: 40.0%
2026-03-09 03:50:19 - exp2b_flash_learned_pool - INFO -     Batch 800/1068 | Loss: 0.0395 | LR: 3.95e-03
2026-03-09 03:51:27 - exp2b_flash_learned_pool - INFO -     [GradTier] Common: 0.8% | Tail: 39.8%
2026-03-09 03:51:27 - exp2b_flash_learned_pool - INFO -     Batch 900/1068 | Loss: 0.0409 | LR: 3.92e-03
2026-03-09 03:52:30 - exp2b_flash_learned_pool - INFO -     [GradTier] Common: 0.8% | Tail: 39.8%
2026-03-09 03:52:30 - exp2b_flash_learned_pool - INFO -     Batch 1000/1068 | Loss: 0.0416 | LR: 3.89e-03
2026-03-09 03:53:13 - exp2b_flash_learned_pool - INFO -   Stage 2 Epoch 7 avg loss: 0.0441
2026-03-09 03:53:13 - exp2b_flash_learned_pool - INFO - 
  --- Stage 2 Epoch 8/20 ---
2026-03-09 03:53:16 - exp2b_flash_learned_pool - INFO -     [GradTier] Common: 0.8% | Tail: 39.8%
2026-03-09 03:53:16 - exp2b_flash_learned_pool - INFO -     Batch 0/1068 | Loss: 0.0387 | LR: 3.87e-03
2026-03-09 03:54:26 - exp2b_flash_learned_pool - INFO -     [GradTier] Common: 0.7% | Tail: 40.0%
2026-03-09 03:54:26 - exp2b_flash_learned_pool - INFO -     Batch 100/1068 | Loss: 0.0420 | LR: 3.83e-03
2026-03-09 03:55:30 - exp2b_flash_learned_pool - INFO -     [GradTier] Common: 0.7% | Tail: 39.9%
2026-03-09 03:55:30 - exp2b_flash_learned_pool - INFO -     Batch 200/1068 | Loss: 0.0393 | LR: 3.80e-03
2026-03-09 03:56:40 - exp2b_flash_learned_pool - INFO -     [GradTier] Common: 0.7% | Tail: 40.0%
2026-03-09 03:56:40 - exp2b_flash_learned_pool - INFO -     Batch 300/1068 | Loss: 0.0394 | LR: 3.77e-03
2026-03-09 03:57:46 - exp2b_flash_learned_pool - INFO -     [GradTier] Common: 0.9% | Tail: 39.8%
2026-03-09 03:57:46 - exp2b_flash_learned_pool - INFO -     Batch 400/1068 | Loss: 0.0431 | LR: 3.73e-03
2026-03-09 03:58:48 - exp2b_flash_learned_pool - INFO -     [GradTier] Common: 0.8% | Tail: 39.7%
2026-03-09 03:58:48 - exp2b_flash_learned_pool - INFO -     Batch 500/1068 | Loss: 0.0399 | LR: 3.70e-03
2026-03-09 03:59:57 - exp2b_flash_learned_pool - INFO -     [GradTier] Common: 0.9% | Tail: 39.8%
2026-03-09 03:59:57 - exp2b_flash_learned_pool - INFO -     Batch 600/1068 | Loss: 0.0393 | LR: 3.67e-03
2026-03-09 04:01:03 - exp2b_flash_learned_pool - INFO -     [GradTier] Common: 0.7% | Tail: 39.9%
2026-03-09 04:01:03 - exp2b_flash_learned_pool - INFO -     Batch 700/1068 | Loss: 0.0394 | LR: 3.63e-03
2026-03-09 04:02:11 - exp2b_flash_learned_pool - INFO -     [GradTier] Common: 0.8% | Tail: 39.9%
2026-03-09 04:02:11 - exp2b_flash_learned_pool - INFO -     Batch 800/1068 | Loss: 0.0378 | LR: 3.60e-03
2026-03-09 04:03:15 - exp2b_flash_learned_pool - INFO -     [GradTier] Common: 0.9% | Tail: 39.7%
2026-03-09 04:03:15 - exp2b_flash_learned_pool - INFO -     Batch 900/1068 | Loss: 0.0380 | LR: 3.56e-03
2026-03-09 04:04:23 - exp2b_flash_learned_pool - INFO -     [GradTier] Common: 0.9% | Tail: 39.8%
2026-03-09 04:04:23 - exp2b_flash_learned_pool - INFO -     Batch 1000/1068 | Loss: 0.0373 | LR: 3.53e-03
2026-03-09 04:05:06 - exp2b_flash_learned_pool - INFO -   Stage 2 Epoch 8 avg loss: 0.0390
2026-03-09 04:05:06 - exp2b_flash_learned_pool - INFO - 
  --- Stage 2 Epoch 9/20 ---
2026-03-09 04:05:08 - exp2b_flash_learned_pool - INFO -     [GradTier] Common: 0.8% | Tail: 39.9%
2026-03-09 04:05:08 - exp2b_flash_learned_pool - INFO -     Batch 0/1068 | Loss: 0.0339 | LR: 3.50e-03
2026-03-09 04:06:18 - exp2b_flash_learned_pool - INFO -     [GradTier] Common: 0.8% | Tail: 39.9%
2026-03-09 04:06:18 - exp2b_flash_learned_pool - INFO -     Batch 100/1068 | Loss: 0.0342 | LR: 3.47e-03
2026-03-09 04:07:25 - exp2b_flash_learned_pool - INFO -     [GradTier] Common: 0.9% | Tail: 39.8%
2026-03-09 04:07:25 - exp2b_flash_learned_pool - INFO -     Batch 200/1068 | Loss: 0.0350 | LR: 3.43e-03
2026-03-09 04:08:34 - exp2b_flash_learned_pool - INFO -     [GradTier] Common: 0.9% | Tail: 39.8%
2026-03-09 04:08:34 - exp2b_flash_learned_pool - INFO -     Batch 300/1068 | Loss: 0.0332 | LR: 3.40e-03
2026-03-09 04:09:35 - exp2b_flash_learned_pool - INFO -     [GradTier] Common: 0.8% | Tail: 39.9%
2026-03-09 04:09:35 - exp2b_flash_learned_pool - INFO -     Batch 400/1068 | Loss: 0.0333 | LR: 3.36e-03
2026-03-09 04:10:42 - exp2b_flash_learned_pool - INFO -     [GradTier] Common: 0.8% | Tail: 39.9%
2026-03-09 04:10:42 - exp2b_flash_learned_pool - INFO -     Batch 500/1068 | Loss: 0.0340 | LR: 3.32e-03
2026-03-09 04:11:46 - exp2b_flash_learned_pool - INFO -     [GradTier] Common: 1.0% | Tail: 39.8%
2026-03-09 04:11:46 - exp2b_flash_learned_pool - INFO -     Batch 600/1068 | Loss: 0.0367 | LR: 3.29e-03
2026-03-09 04:13:00 - exp2b_flash_learned_pool - INFO -     [GradTier] Common: 0.8% | Tail: 39.9%
2026-03-09 04:13:00 - exp2b_flash_learned_pool - INFO -     Batch 700/1068 | Loss: 0.0344 | LR: 3.25e-03
2026-03-09 04:14:09 - exp2b_flash_learned_pool - INFO -     [GradTier] Common: 0.9% | Tail: 39.9%
2026-03-09 04:14:09 - exp2b_flash_learned_pool - INFO -     Batch 800/1068 | Loss: 0.0324 | LR: 3.21e-03
2026-03-09 04:15:16 - exp2b_flash_learned_pool - INFO -     [GradTier] Common: 1.1% | Tail: 39.7%
2026-03-09 04:15:16 - exp2b_flash_learned_pool - INFO -     Batch 900/1068 | Loss: 0.0359 | LR: 3.18e-03
2026-03-09 04:16:25 - exp2b_flash_learned_pool - INFO -     [GradTier] Common: 0.9% | Tail: 40.0%
2026-03-09 04:16:25 - exp2b_flash_learned_pool - INFO -     Batch 1000/1068 | Loss: 0.0340 | LR: 3.14e-03
2026-03-09 04:17:09 - exp2b_flash_learned_pool - INFO -   Stage 2 Epoch 9 avg loss: 0.0354
2026-03-09 04:17:09 - exp2b_flash_learned_pool - INFO - 
  --- Stage 2 Epoch 10/20 ---
2026-03-09 04:17:13 - exp2b_flash_learned_pool - INFO -     [GradTier] Common: 0.8% | Tail: 39.9%
2026-03-09 04:17:13 - exp2b_flash_learned_pool - INFO -     Batch 0/1068 | Loss: 0.0355 | LR: 3.11e-03
2026-03-09 04:18:18 - exp2b_flash_learned_pool - INFO -     [GradTier] Common: 0.9% | Tail: 39.8%
2026-03-09 04:18:18 - exp2b_flash_learned_pool - INFO -     Batch 100/1068 | Loss: 0.0298 | LR: 3.08e-03
2026-03-09 04:19:23 - exp2b_flash_learned_pool - INFO -     [GradTier] Common: 1.0% | Tail: 39.8%
2026-03-09 04:19:23 - exp2b_flash_learned_pool - INFO -     Batch 200/1068 | Loss: 0.0334 | LR: 3.04e-03
2026-03-09 04:20:33 - exp2b_flash_learned_pool - INFO -     [GradTier] Common: 0.9% | Tail: 39.8%
2026-03-09 04:20:33 - exp2b_flash_learned_pool - INFO -     Batch 300/1068 | Loss: 0.0318 | LR: 3.00e-03
2026-03-09 04:21:40 - exp2b_flash_learned_pool - INFO -     [GradTier] Common: 1.0% | Tail: 40.0%
2026-03-09 04:21:40 - exp2b_flash_learned_pool - INFO -     Batch 400/1068 | Loss: 0.0313 | LR: 2.96e-03
2026-03-09 04:22:47 - exp2b_flash_learned_pool - INFO -     [GradTier] Common: 1.1% | Tail: 39.7%
2026-03-09 04:22:47 - exp2b_flash_learned_pool - INFO -     Batch 500/1068 | Loss: 0.0358 | LR: 2.92e-03
2026-03-09 04:23:54 - exp2b_flash_learned_pool - INFO -     [GradTier] Common: 0.9% | Tail: 40.0%
2026-03-09 04:23:54 - exp2b_flash_learned_pool - INFO -     Batch 600/1068 | Loss: 0.0299 | LR: 2.89e-03
2026-03-09 04:25:00 - exp2b_flash_learned_pool - INFO -     [GradTier] Common: 1.0% | Tail: 39.8%
2026-03-09 04:25:00 - exp2b_flash_learned_pool - INFO -     Batch 700/1068 | Loss: 0.0306 | LR: 2.85e-03
2026-03-09 04:26:06 - exp2b_flash_learned_pool - INFO -     [GradTier] Common: 1.0% | Tail: 39.7%
2026-03-09 04:26:06 - exp2b_flash_learned_pool - INFO -     Batch 800/1068 | Loss: 0.0312 | LR: 2.81e-03
2026-03-09 04:27:13 - exp2b_flash_learned_pool - INFO -     [GradTier] Common: 1.0% | Tail: 39.9%
2026-03-09 04:27:13 - exp2b_flash_learned_pool - INFO -     Batch 900/1068 | Loss: 0.0322 | LR: 2.77e-03
2026-03-09 04:28:19 - exp2b_flash_learned_pool - INFO -     [GradTier] Common: 1.0% | Tail: 39.8%
2026-03-09 04:28:19 - exp2b_flash_learned_pool - INFO -     Batch 1000/1068 | Loss: 0.0306 | LR: 2.73e-03
2026-03-09 04:29:04 - exp2b_flash_learned_pool - INFO -   Stage 2 Epoch 10 avg loss: 0.0329
2026-03-09 04:29:04 - exp2b_flash_learned_pool - INFO - 
  --- Stage 2 Epoch 11/20 ---
2026-03-09 04:29:08 - exp2b_flash_learned_pool - INFO -     [GradTier] Common: 1.1% | Tail: 39.7%
2026-03-09 04:29:08 - exp2b_flash_learned_pool - INFO -     Batch 0/1068 | Loss: 0.0329 | LR: 2.71e-03
2026-03-09 04:30:16 - exp2b_flash_learned_pool - INFO -     [GradTier] Common: 1.1% | Tail: 39.7%
2026-03-09 04:30:16 - exp2b_flash_learned_pool - INFO -     Batch 100/1068 | Loss: 0.0369 | LR: 2.67e-03
2026-03-09 04:31:27 - exp2b_flash_learned_pool - INFO -     [GradTier] Common: 1.1% | Tail: 39.9%
2026-03-09 04:31:27 - exp2b_flash_learned_pool - INFO -     Batch 200/1068 | Loss: 0.0319 | LR: 2.63e-03
2026-03-09 04:32:36 - exp2b_flash_learned_pool - INFO -     [GradTier] Common: 0.9% | Tail: 39.9%
2026-03-09 04:32:36 - exp2b_flash_learned_pool - INFO -     Batch 300/1068 | Loss: 0.0320 | LR: 2.59e-03
2026-03-09 04:33:48 - exp2b_flash_learned_pool - INFO -     [GradTier] Common: 1.1% | Tail: 39.9%
2026-03-09 04:33:48 - exp2b_flash_learned_pool - INFO -     Batch 400/1068 | Loss: 0.0336 | LR: 2.55e-03
2026-03-09 04:34:56 - exp2b_flash_learned_pool - INFO -     [GradTier] Common: 1.0% | Tail: 39.7%
2026-03-09 04:34:56 - exp2b_flash_learned_pool - INFO -     Batch 500/1068 | Loss: 0.0278 | LR: 2.51e-03
2026-03-09 04:36:06 - exp2b_flash_learned_pool - INFO -     [GradTier] Common: 1.2% | Tail: 39.6%
2026-03-09 04:36:06 - exp2b_flash_learned_pool - INFO -     Batch 600/1068 | Loss: 0.0318 | LR: 2.47e-03
2026-03-09 04:37:21 - exp2b_flash_learned_pool - INFO -     [GradTier] Common: 1.0% | Tail: 39.8%
2026-03-09 04:37:21 - exp2b_flash_learned_pool - INFO -     Batch 700/1068 | Loss: 0.0278 | LR: 2.44e-03
2026-03-09 04:38:29 - exp2b_flash_learned_pool - INFO -     [GradTier] Common: 1.1% | Tail: 39.7%
2026-03-09 04:38:29 - exp2b_flash_learned_pool - INFO -     Batch 800/1068 | Loss: 0.0284 | LR: 2.40e-03
2026-03-09 04:39:33 - exp2b_flash_learned_pool - INFO -     [GradTier] Common: 1.1% | Tail: 39.9%
2026-03-09 04:39:33 - exp2b_flash_learned_pool - INFO -     Batch 900/1068 | Loss: 0.0337 | LR: 2.36e-03
2026-03-09 04:40:44 - exp2b_flash_learned_pool - INFO -     [GradTier] Common: 1.0% | Tail: 39.8%
2026-03-09 04:40:44 - exp2b_flash_learned_pool - INFO -     Batch 1000/1068 | Loss: 0.0294 | LR: 2.32e-03
2026-03-09 04:41:27 - exp2b_flash_learned_pool - INFO -   Stage 2 Epoch 11 avg loss: 0.0308
2026-03-09 04:41:27 - exp2b_flash_learned_pool - INFO - 
  --- Stage 2 Epoch 12/20 ---
2026-03-09 04:41:30 - exp2b_flash_learned_pool - INFO -     [GradTier] Common: 1.2% | Tail: 39.7%
2026-03-09 04:41:30 - exp2b_flash_learned_pool - INFO -     Batch 0/1068 | Loss: 0.0320 | LR: 2.29e-03
2026-03-09 04:42:40 - exp2b_flash_learned_pool - INFO -     [GradTier] Common: 1.2% | Tail: 39.7%
2026-03-09 04:42:40 - exp2b_flash_learned_pool - INFO -     Batch 100/1068 | Loss: 0.0302 | LR: 2.25e-03
2026-03-09 04:43:46 - exp2b_flash_learned_pool - INFO -     [GradTier] Common: 1.1% | Tail: 39.8%
2026-03-09 04:43:46 - exp2b_flash_learned_pool - INFO -     Batch 200/1068 | Loss: 0.0311 | LR: 2.22e-03
2026-03-09 04:44:51 - exp2b_flash_learned_pool - INFO -     [GradTier] Common: 1.0% | Tail: 39.7%
2026-03-09 04:44:51 - exp2b_flash_learned_pool - INFO -     Batch 300/1068 | Loss: 0.0262 | LR: 2.18e-03
2026-03-09 04:45:59 - exp2b_flash_learned_pool - INFO -     [GradTier] Common: 1.3% | Tail: 39.7%
2026-03-09 04:45:59 - exp2b_flash_learned_pool - INFO -     Batch 400/1068 | Loss: 0.0309 | LR: 2.14e-03
2026-03-09 04:47:06 - exp2b_flash_learned_pool - INFO -     [GradTier] Common: 1.1% | Tail: 39.7%
2026-03-09 04:47:06 - exp2b_flash_learned_pool - INFO -     Batch 500/1068 | Loss: 0.0297 | LR: 2.10e-03
2026-03-09 04:48:15 - exp2b_flash_learned_pool - INFO -     [GradTier] Common: 1.1% | Tail: 39.8%
2026-03-09 04:48:15 - exp2b_flash_learned_pool - INFO -     Batch 600/1068 | Loss: 0.0321 | LR: 2.06e-03
2026-03-09 04:49:22 - exp2b_flash_learned_pool - INFO -     [GradTier] Common: 1.2% | Tail: 39.8%
2026-03-09 04:49:22 - exp2b_flash_learned_pool - INFO -     Batch 700/1068 | Loss: 0.0279 | LR: 2.02e-03
2026-03-09 04:50:30 - exp2b_flash_learned_pool - INFO -     [GradTier] Common: 1.1% | Tail: 39.8%
2026-03-09 04:50:30 - exp2b_flash_learned_pool - INFO -     Batch 800/1068 | Loss: 0.0288 | LR: 1.99e-03
2026-03-09 04:51:37 - exp2b_flash_learned_pool - INFO -     [GradTier] Common: 1.1% | Tail: 39.8%
2026-03-09 04:51:37 - exp2b_flash_learned_pool - INFO -     Batch 900/1068 | Loss: 0.0318 | LR: 1.95e-03
2026-03-09 04:52:51 - exp2b_flash_learned_pool - INFO -     [GradTier] Common: 1.0% | Tail: 39.8%
2026-03-09 04:52:51 - exp2b_flash_learned_pool - INFO -     Batch 1000/1068 | Loss: 0.0292 | LR: 1.91e-03
2026-03-09 04:53:34 - exp2b_flash_learned_pool - INFO -   Stage 2 Epoch 12 avg loss: 0.0294
2026-03-09 04:53:34 - exp2b_flash_learned_pool - INFO - 
  --- Stage 2 Epoch 13/20 ---
2026-03-09 04:53:37 - exp2b_flash_learned_pool - INFO -     [GradTier] Common: 1.3% | Tail: 39.8%
2026-03-09 04:53:37 - exp2b_flash_learned_pool - INFO -     Batch 0/1068 | Loss: 0.0288 | LR: 1.89e-03
2026-03-09 04:54:43 - exp2b_flash_learned_pool - INFO -     [GradTier] Common: 1.1% | Tail: 39.7%
2026-03-09 04:54:43 - exp2b_flash_learned_pool - INFO -     Batch 100/1068 | Loss: 0.0285 | LR: 1.85e-03
2026-03-09 04:55:49 - exp2b_flash_learned_pool - INFO -     [GradTier] Common: 1.1% | Tail: 39.8%
2026-03-09 04:55:49 - exp2b_flash_learned_pool - INFO -     Batch 200/1068 | Loss: 0.0285 | LR: 1.81e-03
2026-03-09 04:56:53 - exp2b_flash_learned_pool - INFO -     [GradTier] Common: 1.2% | Tail: 39.6%
2026-03-09 04:56:53 - exp2b_flash_learned_pool - INFO -     Batch 300/1068 | Loss: 0.0281 | LR: 1.77e-03
2026-03-09 04:58:01 - exp2b_flash_learned_pool - INFO -     [GradTier] Common: 1.3% | Tail: 39.6%
2026-03-09 04:58:01 - exp2b_flash_learned_pool - INFO -     Batch 400/1068 | Loss: 0.0288 | LR: 1.74e-03
2026-03-09 04:59:08 - exp2b_flash_learned_pool - INFO -     [GradTier] Common: 1.3% | Tail: 39.6%
2026-03-09 04:59:08 - exp2b_flash_learned_pool - INFO -     Batch 500/1068 | Loss: 0.0341 | LR: 1.70e-03
2026-03-09 05:00:15 - exp2b_flash_learned_pool - INFO -     [GradTier] Common: 1.3% | Tail: 39.7%
2026-03-09 05:00:15 - exp2b_flash_learned_pool - INFO -     Batch 600/1068 | Loss: 0.0295 | LR: 1.66e-03
2026-03-09 05:01:26 - exp2b_flash_learned_pool - INFO -     [GradTier] Common: 1.1% | Tail: 39.8%
2026-03-09 05:01:26 - exp2b_flash_learned_pool - INFO -     Batch 700/1068 | Loss: 0.0270 | LR: 1.63e-03
2026-03-09 05:02:34 - exp2b_flash_learned_pool - INFO -     [GradTier] Common: 1.0% | Tail: 39.8%
2026-03-09 05:02:34 - exp2b_flash_learned_pool - INFO -     Batch 800/1068 | Loss: 0.0264 | LR: 1.59e-03
2026-03-09 05:03:42 - exp2b_flash_learned_pool - INFO -     [GradTier] Common: 1.1% | Tail: 39.7%
2026-03-09 05:03:42 - exp2b_flash_learned_pool - INFO -     Batch 900/1068 | Loss: 0.0287 | LR: 1.56e-03
2026-03-09 05:04:48 - exp2b_flash_learned_pool - INFO -     [GradTier] Common: 1.1% | Tail: 39.7%
2026-03-09 05:04:48 - exp2b_flash_learned_pool - INFO -     Batch 1000/1068 | Loss: 0.0250 | LR: 1.52e-03
2026-03-09 05:05:30 - exp2b_flash_learned_pool - INFO -   Stage 2 Epoch 13 avg loss: 0.0283
2026-03-09 05:05:30 - exp2b_flash_learned_pool - INFO - 
  --- Stage 2 Epoch 14/20 ---
2026-03-09 05:05:33 - exp2b_flash_learned_pool - INFO -     [GradTier] Common: 1.1% | Tail: 39.8%
2026-03-09 05:05:33 - exp2b_flash_learned_pool - INFO -     Batch 0/1068 | Loss: 0.0276 | LR: 1.50e-03
2026-03-09 05:06:40 - exp2b_flash_learned_pool - INFO -     [GradTier] Common: 1.2% | Tail: 39.7%
2026-03-09 05:06:40 - exp2b_flash_learned_pool - INFO -     Batch 100/1068 | Loss: 0.0288 | LR: 1.46e-03
2026-03-09 05:07:52 - exp2b_flash_learned_pool - INFO -     [GradTier] Common: 1.2% | Tail: 39.6%
2026-03-09 05:07:52 - exp2b_flash_learned_pool - INFO -     Batch 200/1068 | Loss: 0.0272 | LR: 1.43e-03
2026-03-09 05:09:01 - exp2b_flash_learned_pool - INFO -     [GradTier] Common: 1.2% | Tail: 39.8%
2026-03-09 05:09:01 - exp2b_flash_learned_pool - INFO -     Batch 300/1068 | Loss: 0.0293 | LR: 1.39e-03
2026-03-09 05:10:14 - exp2b_flash_learned_pool - INFO -     [GradTier] Common: 1.2% | Tail: 39.6%
2026-03-09 05:10:14 - exp2b_flash_learned_pool - INFO -     Batch 400/1068 | Loss: 0.0266 | LR: 1.36e-03
2026-03-09 05:11:22 - exp2b_flash_learned_pool - INFO -     [GradTier] Common: 1.2% | Tail: 39.7%
2026-03-09 05:11:22 - exp2b_flash_learned_pool - INFO -     Batch 500/1068 | Loss: 0.0279 | LR: 1.32e-03
2026-03-09 05:12:33 - exp2b_flash_learned_pool - INFO -     [GradTier] Common: 1.4% | Tail: 39.7%
2026-03-09 05:12:33 - exp2b_flash_learned_pool - INFO -     Batch 600/1068 | Loss: 0.0281 | LR: 1.29e-03
2026-03-09 05:13:51 - exp2b_flash_learned_pool - INFO -     [GradTier] Common: 1.0% | Tail: 39.8%
2026-03-09 05:13:51 - exp2b_flash_learned_pool - INFO -     Batch 700/1068 | Loss: 0.0252 | LR: 1.25e-03
2026-03-09 05:15:00 - exp2b_flash_learned_pool - INFO -     [GradTier] Common: 1.3% | Tail: 39.7%
2026-03-09 05:15:00 - exp2b_flash_learned_pool - INFO -     Batch 800/1068 | Loss: 0.0293 | LR: 1.22e-03
2026-03-09 05:16:13 - exp2b_flash_learned_pool - INFO -     [GradTier] Common: 1.4% | Tail: 39.6%
2026-03-09 05:16:13 - exp2b_flash_learned_pool - INFO -     Batch 900/1068 | Loss: 0.0279 | LR: 1.19e-03
2026-03-09 05:17:20 - exp2b_flash_learned_pool - INFO -     [GradTier] Common: 1.2% | Tail: 39.9%
2026-03-09 05:17:20 - exp2b_flash_learned_pool - INFO -     Batch 1000/1068 | Loss: 0.0296 | LR: 1.15e-03
2026-03-09 05:18:03 - exp2b_flash_learned_pool - INFO -   Stage 2 Epoch 14 avg loss: 0.0276
2026-03-09 05:18:03 - exp2b_flash_learned_pool - INFO - 
  --- Stage 2 Epoch 15/20 ---
2026-03-09 05:18:06 - exp2b_flash_learned_pool - INFO -     [GradTier] Common: 1.2% | Tail: 39.7%
2026-03-09 05:18:06 - exp2b_flash_learned_pool - INFO -     Batch 0/1068 | Loss: 0.0271 | LR: 1.13e-03
2026-03-09 05:19:13 - exp2b_flash_learned_pool - INFO -     [GradTier] Common: 1.2% | Tail: 39.8%
2026-03-09 05:19:13 - exp2b_flash_learned_pool - INFO -     Batch 100/1068 | Loss: 0.0308 | LR: 1.10e-03
2026-03-09 05:20:20 - exp2b_flash_learned_pool - INFO -     [GradTier] Common: 1.4% | Tail: 39.6%
2026-03-09 05:20:20 - exp2b_flash_learned_pool - INFO -     Batch 200/1068 | Loss: 0.0286 | LR: 1.07e-03
2026-03-09 05:21:29 - exp2b_flash_learned_pool - INFO -     [GradTier] Common: 1.3% | Tail: 39.7%
2026-03-09 05:21:29 - exp2b_flash_learned_pool - INFO -     Batch 300/1068 | Loss: 0.0287 | LR: 1.04e-03
2026-03-09 05:22:38 - exp2b_flash_learned_pool - INFO -     [GradTier] Common: 1.4% | Tail: 39.6%
2026-03-09 05:22:38 - exp2b_flash_learned_pool - INFO -     Batch 400/1068 | Loss: 0.0318 | LR: 1.01e-03
2026-03-09 05:23:49 - exp2b_flash_learned_pool - INFO -     [GradTier] Common: 1.1% | Tail: 39.8%
2026-03-09 05:23:49 - exp2b_flash_learned_pool - INFO -     Batch 500/1068 | Loss: 0.0267 | LR: 9.75e-04
2026-03-09 05:25:03 - exp2b_flash_learned_pool - INFO -     [GradTier] Common: 1.3% | Tail: 39.7%
2026-03-09 05:25:03 - exp2b_flash_learned_pool - INFO -     Batch 600/1068 | Loss: 0.0257 | LR: 9.44e-04
2026-03-09 05:26:12 - exp2b_flash_learned_pool - INFO -     [GradTier] Common: 1.2% | Tail: 39.8%
2026-03-09 05:26:12 - exp2b_flash_learned_pool - INFO -     Batch 700/1068 | Loss: 0.0296 | LR: 9.14e-04
2026-03-09 05:27:22 - exp2b_flash_learned_pool - INFO -     [GradTier] Common: 1.3% | Tail: 39.6%
2026-03-09 05:27:22 - exp2b_flash_learned_pool - INFO -     Batch 800/1068 | Loss: 0.0280 | LR: 8.84e-04
2026-03-09 05:28:42 - exp2b_flash_learned_pool - INFO -     [GradTier] Common: 1.1% | Tail: 39.8%
2026-03-09 05:28:42 - exp2b_flash_learned_pool - INFO -     Batch 900/1068 | Loss: 0.0231 | LR: 8.55e-04
2026-03-09 05:29:57 - exp2b_flash_learned_pool - INFO -     [GradTier] Common: 1.2% | Tail: 39.7%
2026-03-09 05:29:57 - exp2b_flash_learned_pool - INFO -     Batch 1000/1068 | Loss: 0.0271 | LR: 8.26e-04
2026-03-09 05:30:46 - exp2b_flash_learned_pool - INFO -   Stage 2 Epoch 15 avg loss: 0.0270
2026-03-09 05:30:46 - exp2b_flash_learned_pool - INFO - 
  --- Stage 2 Epoch 16/20 ---
2026-03-09 05:30:52 - exp2b_flash_learned_pool - INFO -     [GradTier] Common: 1.2% | Tail: 39.7%
2026-03-09 05:30:52 - exp2b_flash_learned_pool - INFO -     Batch 0/1068 | Loss: 0.0250 | LR: 8.07e-04
2026-03-09 05:32:00 - exp2b_flash_learned_pool - INFO -     [GradTier] Common: 1.2% | Tail: 39.6%
2026-03-09 05:32:00 - exp2b_flash_learned_pool - INFO -     Batch 100/1068 | Loss: 0.0287 | LR: 7.78e-04
2026-03-09 05:33:08 - exp2b_flash_learned_pool - INFO -     [GradTier] Common: 1.3% | Tail: 39.5%
2026-03-09 05:33:08 - exp2b_flash_learned_pool - INFO -     Batch 200/1068 | Loss: 0.0255 | LR: 7.50e-04
2026-03-09 05:34:17 - exp2b_flash_learned_pool - INFO -     [GradTier] Common: 1.3% | Tail: 39.6%
2026-03-09 05:34:17 - exp2b_flash_learned_pool - INFO -     Batch 300/1068 | Loss: 0.0262 | LR: 7.23e-04
2026-03-09 05:35:28 - exp2b_flash_learned_pool - INFO -     [GradTier] Common: 1.2% | Tail: 39.7%
2026-03-09 05:35:28 - exp2b_flash_learned_pool - INFO -     Batch 400/1068 | Loss: 0.0253 | LR: 6.96e-04
2026-03-09 05:36:34 - exp2b_flash_learned_pool - INFO -     [GradTier] Common: 1.3% | Tail: 39.7%
2026-03-09 05:36:34 - exp2b_flash_learned_pool - INFO -     Batch 500/1068 | Loss: 0.0258 | LR: 6.69e-04
2026-03-09 05:37:45 - exp2b_flash_learned_pool - INFO -     [GradTier] Common: 1.3% | Tail: 39.8%
2026-03-09 05:37:45 - exp2b_flash_learned_pool - INFO -     Batch 600/1068 | Loss: 0.0277 | LR: 6.43e-04
2026-03-09 05:38:52 - exp2b_flash_learned_pool - INFO -     [GradTier] Common: 1.2% | Tail: 39.7%
2026-03-09 05:38:52 - exp2b_flash_learned_pool - INFO -     Batch 700/1068 | Loss: 0.0275 | LR: 6.18e-04
2026-03-09 05:39:59 - exp2b_flash_learned_pool - INFO -     [GradTier] Common: 1.3% | Tail: 39.7%
2026-03-09 05:39:59 - exp2b_flash_learned_pool - INFO -     Batch 800/1068 | Loss: 0.0263 | LR: 5.92e-04
2026-03-09 05:41:10 - exp2b_flash_learned_pool - INFO -     [GradTier] Common: 1.1% | Tail: 39.8%
2026-03-09 05:41:10 - exp2b_flash_learned_pool - INFO -     Batch 900/1068 | Loss: 0.0223 | LR: 5.68e-04
2026-03-09 05:42:27 - exp2b_flash_learned_pool - INFO -     [GradTier] Common: 1.5% | Tail: 39.6%
2026-03-09 05:42:27 - exp2b_flash_learned_pool - INFO -     Batch 1000/1068 | Loss: 0.0317 | LR: 5.43e-04
2026-03-09 05:43:11 - exp2b_flash_learned_pool - INFO -   Stage 2 Epoch 16 avg loss: 0.0267
2026-03-09 05:43:11 - exp2b_flash_learned_pool - INFO - 
  --- Stage 2 Epoch 17/20 ---
2026-03-09 05:43:14 - exp2b_flash_learned_pool - INFO -     [GradTier] Common: 1.3% | Tail: 39.6%
2026-03-09 05:43:14 - exp2b_flash_learned_pool - INFO -     Batch 0/1068 | Loss: 0.0258 | LR: 5.27e-04
2026-03-09 05:44:23 - exp2b_flash_learned_pool - INFO -     [GradTier] Common: 1.2% | Tail: 39.8%
2026-03-09 05:44:23 - exp2b_flash_learned_pool - INFO -     Batch 100/1068 | Loss: 0.0244 | LR: 5.03e-04
2026-03-09 05:45:29 - exp2b_flash_learned_pool - INFO -     [GradTier] Common: 1.2% | Tail: 39.8%
2026-03-09 05:45:29 - exp2b_flash_learned_pool - INFO -     Batch 200/1068 | Loss: 0.0250 | LR: 4.80e-04
2026-03-09 05:46:38 - exp2b_flash_learned_pool - INFO -     [GradTier] Common: 1.1% | Tail: 39.7%
2026-03-09 05:46:38 - exp2b_flash_learned_pool - INFO -     Batch 300/1068 | Loss: 0.0262 | LR: 4.58e-04
2026-03-09 05:47:39 - exp2b_flash_learned_pool - INFO -     [GradTier] Common: 1.2% | Tail: 39.6%
2026-03-09 05:47:39 - exp2b_flash_learned_pool - INFO -     Batch 400/1068 | Loss: 0.0296 | LR: 4.36e-04
2026-03-09 05:48:47 - exp2b_flash_learned_pool - INFO -     [GradTier] Common: 1.3% | Tail: 39.7%
2026-03-09 05:48:47 - exp2b_flash_learned_pool - INFO -     Batch 500/1068 | Loss: 0.0257 | LR: 4.14e-04
2026-03-09 05:49:57 - exp2b_flash_learned_pool - INFO -     [GradTier] Common: 1.2% | Tail: 39.7%
2026-03-09 05:49:57 - exp2b_flash_learned_pool - INFO -     Batch 600/1068 | Loss: 0.0254 | LR: 3.93e-04
2026-03-09 05:51:06 - exp2b_flash_learned_pool - INFO -     [GradTier] Common: 1.3% | Tail: 39.8%
2026-03-09 05:51:06 - exp2b_flash_learned_pool - INFO -     Batch 700/1068 | Loss: 0.0273 | LR: 3.72e-04
2026-03-09 05:52:15 - exp2b_flash_learned_pool - INFO -     [GradTier] Common: 1.3% | Tail: 39.7%
2026-03-09 05:52:15 - exp2b_flash_learned_pool - INFO -     Batch 800/1068 | Loss: 0.0259 | LR: 3.52e-04
2026-03-09 05:53:25 - exp2b_flash_learned_pool - INFO -     [GradTier] Common: 1.3% | Tail: 39.8%
2026-03-09 05:53:25 - exp2b_flash_learned_pool - INFO -     Batch 900/1068 | Loss: 0.0258 | LR: 3.33e-04
2026-03-09 05:54:29 - exp2b_flash_learned_pool - INFO -     [GradTier] Common: 1.5% | Tail: 39.7%
2026-03-09 05:54:29 - exp2b_flash_learned_pool - INFO -     Batch 1000/1068 | Loss: 0.0268 | LR: 3.14e-04
2026-03-09 05:55:16 - exp2b_flash_learned_pool - INFO -   Stage 2 Epoch 17 avg loss: 0.0263
2026-03-09 05:55:16 - exp2b_flash_learned_pool - INFO - 
  --- Stage 2 Epoch 18/20 ---
2026-03-09 05:55:18 - exp2b_flash_learned_pool - INFO -     [GradTier] Common: 1.4% | Tail: 39.6%
2026-03-09 05:55:18 - exp2b_flash_learned_pool - INFO -     Batch 0/1068 | Loss: 0.0257 | LR: 3.01e-04
2026-03-09 05:56:30 - exp2b_flash_learned_pool - INFO -     [GradTier] Common: 1.4% | Tail: 39.6%
2026-03-09 05:56:30 - exp2b_flash_learned_pool - INFO -     Batch 100/1068 | Loss: 0.0289 | LR: 2.83e-04
2026-03-09 05:57:38 - exp2b_flash_learned_pool - INFO -     [GradTier] Common: 1.3% | Tail: 39.6%
2026-03-09 05:57:38 - exp2b_flash_learned_pool - INFO -     Batch 200/1068 | Loss: 0.0288 | LR: 2.65e-04
2026-03-09 05:58:46 - exp2b_flash_learned_pool - INFO -     [GradTier] Common: 1.3% | Tail: 39.7%
2026-03-09 05:58:46 - exp2b_flash_learned_pool - INFO -     Batch 300/1068 | Loss: 0.0267 | LR: 2.48e-04
2026-03-09 05:59:50 - exp2b_flash_learned_pool - INFO -     [GradTier] Common: 1.2% | Tail: 39.6%
2026-03-09 05:59:50 - exp2b_flash_learned_pool - INFO -     Batch 400/1068 | Loss: 0.0260 | LR: 2.32e-04
2026-03-09 06:00:59 - exp2b_flash_learned_pool - INFO -     [GradTier] Common: 1.3% | Tail: 39.6%
2026-03-09 06:00:59 - exp2b_flash_learned_pool - INFO -     Batch 500/1068 | Loss: 0.0290 | LR: 2.16e-04
2026-03-09 06:02:13 - exp2b_flash_learned_pool - INFO -     [GradTier] Common: 1.2% | Tail: 39.7%
2026-03-09 06:02:13 - exp2b_flash_learned_pool - INFO -     Batch 600/1068 | Loss: 0.0256 | LR: 2.00e-04
2026-03-09 06:03:22 - exp2b_flash_learned_pool - INFO -     [GradTier] Common: 1.4% | Tail: 39.5%
2026-03-09 06:03:22 - exp2b_flash_learned_pool - INFO -     Batch 700/1068 | Loss: 0.0265 | LR: 1.85e-04
2026-03-09 06:04:37 - exp2b_flash_learned_pool - INFO -     [GradTier] Common: 1.2% | Tail: 39.7%
2026-03-09 06:04:37 - exp2b_flash_learned_pool - INFO -     Batch 800/1068 | Loss: 0.0253 | LR: 1.71e-04
2026-03-09 06:05:51 - exp2b_flash_learned_pool - INFO -     [GradTier] Common: 1.3% | Tail: 39.6%
2026-03-09 06:05:51 - exp2b_flash_learned_pool - INFO -     Batch 900/1068 | Loss: 0.0281 | LR: 1.57e-04
2026-03-09 06:07:00 - exp2b_flash_learned_pool - INFO -     [GradTier] Common: 1.2% | Tail: 39.8%
2026-03-09 06:07:00 - exp2b_flash_learned_pool - INFO -     Batch 1000/1068 | Loss: 0.0255 | LR: 1.44e-04
2026-03-09 06:07:45 - exp2b_flash_learned_pool - INFO -   Stage 2 Epoch 18 avg loss: 0.0263
2026-03-09 06:07:45 - exp2b_flash_learned_pool - INFO - 
  --- Stage 2 Epoch 19/20 ---
2026-03-09 06:07:48 - exp2b_flash_learned_pool - INFO -     [GradTier] Common: 1.3% | Tail: 39.6%
2026-03-09 06:07:48 - exp2b_flash_learned_pool - INFO -     Batch 0/1068 | Loss: 0.0255 | LR: 1.35e-04
2026-03-09 06:08:53 - exp2b_flash_learned_pool - INFO -     [GradTier] Common: 1.4% | Tail: 39.6%
2026-03-09 06:08:53 - exp2b_flash_learned_pool - INFO -     Batch 100/1068 | Loss: 0.0277 | LR: 1.23e-04
2026-03-09 06:10:01 - exp2b_flash_learned_pool - INFO -     [GradTier] Common: 1.3% | Tail: 39.6%
2026-03-09 06:10:01 - exp2b_flash_learned_pool - INFO -     Batch 200/1068 | Loss: 0.0263 | LR: 1.11e-04
2026-03-09 06:11:08 - exp2b_flash_learned_pool - INFO -     [GradTier] Common: 1.4% | Tail: 39.6%
2026-03-09 06:11:08 - exp2b_flash_learned_pool - INFO -     Batch 300/1068 | Loss: 0.0256 | LR: 1.00e-04
2026-03-09 06:12:17 - exp2b_flash_learned_pool - INFO -     [GradTier] Common: 1.2% | Tail: 39.7%
2026-03-09 06:12:17 - exp2b_flash_learned_pool - INFO -     Batch 400/1068 | Loss: 0.0257 | LR: 8.96e-05
2026-03-09 06:13:29 - exp2b_flash_learned_pool - INFO -     [GradTier] Common: 1.3% | Tail: 39.6%
2026-03-09 06:13:29 - exp2b_flash_learned_pool - INFO -     Batch 500/1068 | Loss: 0.0255 | LR: 7.97e-05
2026-03-09 06:14:38 - exp2b_flash_learned_pool - INFO -     [GradTier] Common: 1.3% | Tail: 39.6%
2026-03-09 06:14:38 - exp2b_flash_learned_pool - INFO -     Batch 600/1068 | Loss: 0.0253 | LR: 7.03e-05
2026-03-09 06:15:53 - exp2b_flash_learned_pool - INFO -     [GradTier] Common: 1.2% | Tail: 39.6%
2026-03-09 06:15:53 - exp2b_flash_learned_pool - INFO -     Batch 700/1068 | Loss: 0.0257 | LR: 6.14e-05
2026-03-09 06:17:07 - exp2b_flash_learned_pool - INFO -     [GradTier] Common: 1.2% | Tail: 39.8%
2026-03-09 06:17:07 - exp2b_flash_learned_pool - INFO -     Batch 800/1068 | Loss: 0.0261 | LR: 5.32e-05
2026-03-09 06:18:13 - exp2b_flash_learned_pool - INFO -     [GradTier] Common: 1.3% | Tail: 39.7%
2026-03-09 06:18:13 - exp2b_flash_learned_pool - INFO -     Batch 900/1068 | Loss: 0.0282 | LR: 4.56e-05
2026-03-09 06:19:23 - exp2b_flash_learned_pool - INFO -     [GradTier] Common: 1.4% | Tail: 39.6%
2026-03-09 06:19:23 - exp2b_flash_learned_pool - INFO -     Batch 1000/1068 | Loss: 0.0271 | LR: 3.85e-05
2026-03-09 06:20:12 - exp2b_flash_learned_pool - INFO -   Stage 2 Epoch 19 avg loss: 0.0262
2026-03-09 06:20:12 - exp2b_flash_learned_pool - INFO - 
  --- Stage 2 Epoch 20/20 ---
2026-03-09 06:20:15 - exp2b_flash_learned_pool - INFO -     [GradTier] Common: 1.3% | Tail: 39.7%
2026-03-09 06:20:15 - exp2b_flash_learned_pool - INFO -     Batch 0/1068 | Loss: 0.0265 | LR: 3.40e-05
2026-03-09 06:21:35 - exp2b_flash_learned_pool - INFO -     [GradTier] Common: 1.3% | Tail: 39.8%
2026-03-09 06:21:35 - exp2b_flash_learned_pool - INFO -     Batch 100/1068 | Loss: 0.0284 | LR: 2.80e-05
2026-03-09 06:22:38 - exp2b_flash_learned_pool - INFO -     [GradTier] Common: 1.3% | Tail: 39.7%
2026-03-09 06:22:38 - exp2b_flash_learned_pool - INFO -     Batch 200/1068 | Loss: 0.0251 | LR: 2.25e-05
2026-03-09 06:23:51 - exp2b_flash_learned_pool - INFO -     [GradTier] Common: 1.3% | Tail: 39.5%
2026-03-09 06:23:51 - exp2b_flash_learned_pool - INFO -     Batch 300/1068 | Loss: 0.0267 | LR: 1.76e-05
2026-03-09 06:25:04 - exp2b_flash_learned_pool - INFO -     [GradTier] Common: 1.4% | Tail: 39.7%
2026-03-09 06:25:04 - exp2b_flash_learned_pool - INFO -     Batch 400/1068 | Loss: 0.0260 | LR: 1.33e-05
2026-03-09 06:26:18 - exp2b_flash_learned_pool - INFO -     [GradTier] Common: 1.2% | Tail: 39.7%
2026-03-09 06:26:18 - exp2b_flash_learned_pool - INFO -     Batch 500/1068 | Loss: 0.0235 | LR: 9.63e-06
2026-03-09 06:27:27 - exp2b_flash_learned_pool - INFO -     [GradTier] Common: 1.3% | Tail: 39.7%
2026-03-09 06:27:27 - exp2b_flash_learned_pool - INFO -     Batch 600/1068 | Loss: 0.0255 | LR: 6.53e-06
2026-03-09 06:28:31 - exp2b_flash_learned_pool - INFO -     [GradTier] Common: 1.2% | Tail: 39.6%
2026-03-09 06:28:31 - exp2b_flash_learned_pool - INFO -     Batch 700/1068 | Loss: 0.0240 | LR: 4.03e-06
2026-03-09 06:29:39 - exp2b_flash_learned_pool - INFO -     [GradTier] Common: 1.3% | Tail: 39.6%
2026-03-09 06:29:39 - exp2b_flash_learned_pool - INFO -     Batch 800/1068 | Loss: 0.0250 | LR: 2.14e-06
2026-03-09 06:30:55 - exp2b_flash_learned_pool - INFO -     [GradTier] Common: 1.2% | Tail: 39.5%
2026-03-09 06:30:55 - exp2b_flash_learned_pool - INFO -     Batch 900/1068 | Loss: 0.0242 | LR: 8.36e-07
2026-03-09 06:32:10 - exp2b_flash_learned_pool - INFO -     [GradTier] Common: 1.4% | Tail: 39.8%
2026-03-09 06:32:10 - exp2b_flash_learned_pool - INFO -     Batch 1000/1068 | Loss: 0.0285 | LR: 1.34e-07
2026-03-09 06:32:55 - exp2b_flash_learned_pool - INFO -   Stage 2 Epoch 20 avg loss: 0.0262
2026-03-09 06:32:56 - exp2b_flash_learned_pool - INFO -   Running post-Stage2 logit diagnostics...
2026-03-09 06:41:04 - exp2b_flash_learned_pool - INFO -     POST-S2 common_pos_logit: -2.29, margin: 6.28
2026-03-09 06:41:04 - exp2b_flash_learned_pool - INFO -     POST-S2 medium_pos_logit: -6.86, margin: 4.72
2026-03-09 06:41:04 - exp2b_flash_learned_pool - INFO -     POST-S2 rare_pos_logit: -3.45, margin: 0.45
2026-03-09 06:41:04 - exp2b_flash_learned_pool - INFO -     POST-S2 tail_pos_logit: -3.93, margin: -0.06
2026-03-09 06:41:04 - exp2b_flash_learned_pool - INFO - Stage 2 complete: final_loss=0.0262
2026-03-09 06:41:04 - exp2b_flash_learned_pool - INFO - 
Training completed in 28547.2s
2026-03-09 06:41:04 - exp2b_flash_learned_pool - INFO -   Using cached comprehensive evaluation from final epoch
2026-03-09 06:41:05 - exp2b_flash_learned_pool - INFO - Model saved as: exp_round9_3lobs_1-5M_decoupled_training_embedding_v4_256dim_exp2b_flash_learned_pool_bs128_ep1_d256_20260309_064104
2026-03-09 06:41:05 - exp2b_flash_learned_pool - INFO - 🗑️ Cleaned up 3 checkpoint files, freed 0.85 GB
2026-03-09 06:41:05 - exp2b_flash_learned_pool - INFO - Complete results saved to logs/exp_round9_3lobs_1-5M_decoupled_training_embedding_v4_256dim/exp2b_flash_learned_pool/final_results.json
2026-03-09 06:41:05 - exp2b_flash_learned_pool - INFO - 
================================================================================
2026-03-09 06:41:05 - exp2b_flash_learned_pool - INFO - EXPERIMENT COMPLETE: exp2b_flash_learned_pool
2026-03-09 06:41:05 - exp2b_flash_learned_pool - INFO - ================================================================================
2026-03-09 06:41:05 - exp2b_flash_learned_pool - INFO - Final Recall@10: 0.809
2026-03-09 06:41:05 - exp2b_flash_learned_pool - INFO - Best Val Loss: 0.0000
2026-03-09 06:41:05 - exp2b_flash_learned_pool - INFO - Training Time: 28547.2s
2026-03-09 06:41:05 - exp2b_flash_learned_pool - INFO - ================================================================================

