2025-11-13 07:17:52 - exp5_fine_grained - INFO - Starting experiment: exp5_fine_grained
2025-11-13 07:17:52 - exp5_fine_grained - INFO - Model: Flash + MoE Transformer (FP16, 16 experts)
2025-11-13 07:17:52 - exp5_fine_grained - INFO - Total parameters: 34,363,154
2025-11-13 07:20:27 - exp5_fine_grained - INFO - Bucketing is ENABLED via BatchSampler.
2025-11-13 07:20:27 - exp5_fine_grained - INFO - Using high-performance DataLoader with 16 workers.
2025-11-13 07:20:27 - exp5_fine_grained - INFO - Training for 3 epochs...
2025-11-13 07:20:27 - exp5_fine_grained - INFO - 
--- Epoch 1/3 ---
2025-11-13 07:40:13 - exp5_fine_grained - INFO -   Evaluating on training subset...
2025-11-13 07:40:32 - exp5_fine_grained - INFO -   Evaluating on validation set...
2025-11-13 07:41:04 - exp5_fine_grained - INFO - Computing embedding quality...
2025-11-13 07:41:05 - exp5_fine_grained - INFO -     Embedding std: 0.0000
2025-11-13 07:41:05 - exp5_fine_grained - INFO -     NN overlap: 0.000
2025-11-13 07:41:17 - exp5_fine_grained - INFO - Checkpoint saved (epoch 1, step 3999)
2025-11-13 07:41:17 - exp5_fine_grained - INFO - 
--- Epoch 1 Summary ---
2025-11-13 07:41:17 - exp5_fine_grained - INFO - Training Progress:
2025-11-13 07:41:17 - exp5_fine_grained - INFO -   Loss (learning avg): 0.0319
2025-11-13 07:41:17 - exp5_fine_grained - INFO -   Loss (first batch):  0.7999
2025-11-13 07:41:17 - exp5_fine_grained - INFO -   Loss (last batch):   0.0032
2025-11-13 07:41:17 - exp5_fine_grained - INFO -   Improvement:         0.7968
2025-11-13 07:41:17 - exp5_fine_grained - INFO - 
Final Model Performance:
2025-11-13 07:41:17 - exp5_fine_grained - INFO -   Train loss (final):  0.0040
2025-11-13 07:41:17 - exp5_fine_grained - INFO -   Val loss:            0.0039
2025-11-13 07:41:17 - exp5_fine_grained - INFO -   Gap (train-val loss):+0.0001
2025-11-13 07:41:17 - exp5_fine_grained - INFO -   Train Top-10:        0.790
2025-11-13 07:41:17 - exp5_fine_grained - INFO -   Val Top-10:          0.786
2025-11-13 07:41:17 - exp5_fine_grained - INFO -   ✅ Good generalization (gap = +0.0001)
2025-11-13 07:41:17 - exp5_fine_grained - INFO - 
Batch Metrics (during learning):
2025-11-13 07:41:17 - exp5_fine_grained - INFO - Train Recall@10: 0.746
2025-11-13 07:41:17 - exp5_fine_grained - INFO - Train mAP@20: 0.535
2025-11-13 07:41:17 - exp5_fine_grained - INFO - Train Brier: 0.0114
2025-11-13 07:41:17 - exp5_fine_grained - INFO - Embedding std: 0.0000
2025-11-13 07:41:17 - exp5_fine_grained - INFO - NN overlap: 0.000
2025-11-13 07:41:17 - exp5_fine_grained - INFO - MoE Load CV: 0.366
2025-11-13 07:41:17 - exp5_fine_grained - INFO - MoE Collapsed: 3.825
2025-11-13 07:41:17 - exp5_fine_grained - INFO - 
--- Epoch 2/3 ---
2025-11-13 08:01:07 - exp5_fine_grained - INFO -   Evaluating on training subset...
2025-11-13 08:01:26 - exp5_fine_grained - INFO -   Evaluating on validation set...
2025-11-13 08:02:11 - exp5_fine_grained - INFO - Checkpoint saved (epoch 2, step 7998)
2025-11-13 08:02:11 - exp5_fine_grained - INFO - 
--- Epoch 2 Summary ---
2025-11-13 08:02:11 - exp5_fine_grained - INFO - Training Progress:
2025-11-13 08:02:11 - exp5_fine_grained - INFO -   Loss (learning avg): 0.0038
2025-11-13 08:02:11 - exp5_fine_grained - INFO -   Loss (first batch):  0.0040
2025-11-13 08:02:11 - exp5_fine_grained - INFO -   Loss (last batch):   0.0031
2025-11-13 08:02:11 - exp5_fine_grained - INFO -   Improvement:         0.0009
2025-11-13 08:02:11 - exp5_fine_grained - INFO - 
Final Model Performance:
2025-11-13 08:02:11 - exp5_fine_grained - INFO -   Train loss (final):  0.0036
2025-11-13 08:02:11 - exp5_fine_grained - INFO -   Val loss:            0.0035
2025-11-13 08:02:11 - exp5_fine_grained - INFO -   Gap (train-val loss):+0.0001
2025-11-13 08:02:11 - exp5_fine_grained - INFO -   Train Top-10:        0.797
2025-11-13 08:02:11 - exp5_fine_grained - INFO -   Val Top-10:          0.790
2025-11-13 08:02:11 - exp5_fine_grained - INFO -   ✅ Good generalization (gap = +0.0001)
2025-11-13 08:02:11 - exp5_fine_grained - INFO - 
Batch Metrics (during learning):
2025-11-13 08:02:11 - exp5_fine_grained - INFO - Train Recall@10: 0.826
2025-11-13 08:02:11 - exp5_fine_grained - INFO - Train mAP@20: 0.534
2025-11-13 08:02:11 - exp5_fine_grained - INFO - Train Brier: 0.0007
2025-11-13 08:02:11 - exp5_fine_grained - INFO - MoE Load CV: 0.288
2025-11-13 08:02:11 - exp5_fine_grained - INFO - MoE Collapsed: 3.1
2025-11-13 08:02:11 - exp5_fine_grained - INFO - 
--- Epoch 3/3 ---
2025-11-13 08:21:54 - exp5_fine_grained - INFO -   Evaluating on training subset...
2025-11-13 08:22:13 - exp5_fine_grained - INFO -   Evaluating on validation set...
2025-11-13 08:22:45 - exp5_fine_grained - INFO - Computing embedding quality...
2025-11-13 08:22:46 - exp5_fine_grained - INFO -     Embedding std: 0.0000
2025-11-13 08:22:46 - exp5_fine_grained - INFO -     NN overlap: 0.000
2025-11-13 08:22:55 - exp5_fine_grained - INFO - Checkpoint saved (epoch 3, step 11997)
2025-11-13 08:22:55 - exp5_fine_grained - INFO - 
--- Epoch 3 Summary ---
2025-11-13 08:22:55 - exp5_fine_grained - INFO - Training Progress:
2025-11-13 08:22:55 - exp5_fine_grained - INFO -   Loss (learning avg): 0.0036
2025-11-13 08:22:55 - exp5_fine_grained - INFO -   Loss (first batch):  0.0041
2025-11-13 08:22:55 - exp5_fine_grained - INFO -   Loss (last batch):   0.0035
2025-11-13 08:22:55 - exp5_fine_grained - INFO -   Improvement:         0.0006
2025-11-13 08:22:55 - exp5_fine_grained - INFO - 
Final Model Performance:
2025-11-13 08:22:55 - exp5_fine_grained - INFO -   Train loss (final):  0.0036
2025-11-13 08:22:55 - exp5_fine_grained - INFO -   Val loss:            0.0035
2025-11-13 08:22:55 - exp5_fine_grained - INFO -   Gap (train-val loss):+0.0001
2025-11-13 08:22:55 - exp5_fine_grained - INFO -   Train Top-10:        0.785
2025-11-13 08:22:55 - exp5_fine_grained - INFO -   Val Top-10:          0.775
2025-11-13 08:22:55 - exp5_fine_grained - INFO -   ✅ Good generalization (gap = +0.0001)
2025-11-13 08:22:55 - exp5_fine_grained - INFO - 
Batch Metrics (during learning):
2025-11-13 08:22:55 - exp5_fine_grained - INFO - Train Recall@10: 0.837
2025-11-13 08:22:55 - exp5_fine_grained - INFO - Train mAP@20: 0.541
2025-11-13 08:22:55 - exp5_fine_grained - INFO - Train Brier: 0.0007
2025-11-13 08:22:55 - exp5_fine_grained - INFO - Embedding std: 0.0000
2025-11-13 08:22:55 - exp5_fine_grained - INFO - NN overlap: 0.000
2025-11-13 08:22:55 - exp5_fine_grained - INFO - MoE Load CV: 0.208
2025-11-13 08:22:55 - exp5_fine_grained - INFO - MoE Collapsed: 1.95
2025-11-13 08:22:55 - exp5_fine_grained - INFO - 
Training completed in 3747.8s
2025-11-13 08:24:19 - exp5_fine_grained - INFO - Metrics saved to logs/exp5_fine_grained/
2025-11-13 08:24:19 - exp5_fine_grained - INFO - 
================================================================================
2025-11-13 08:24:19 - exp5_fine_grained - INFO - EXPERIMENT COMPLETE: exp5_fine_grained
2025-11-13 08:24:19 - exp5_fine_grained - INFO - ================================================================================
2025-11-13 08:24:19 - exp5_fine_grained - INFO - Final Top-10 Acc in val: 0.775
2025-11-13 08:24:19 - exp5_fine_grained - INFO - Best Val Loss: 0.0000 (epoch 1)
2025-11-13 08:24:19 - exp5_fine_grained - INFO - Training Time: 3747.8s
2025-11-13 08:24:19 - exp5_fine_grained - INFO - ================================================================================

