2025-11-13 06:26:23 - exp4_shared_expert - INFO - Starting experiment: exp4_shared_expert
2025-11-13 06:26:23 - exp4_shared_expert - INFO - Model: Flash + MoE Transformer (FP16, 8 experts)
2025-11-13 06:26:23 - exp4_shared_expert - INFO - Total parameters: 34,937,746
2025-11-13 06:28:58 - exp4_shared_expert - INFO - Bucketing is ENABLED via BatchSampler.
2025-11-13 06:28:58 - exp4_shared_expert - INFO - Using high-performance DataLoader with 16 workers.
2025-11-13 06:28:58 - exp4_shared_expert - INFO - Training for 3 epochs...
2025-11-13 06:28:58 - exp4_shared_expert - INFO - 
--- Epoch 1/3 ---
2025-11-13 06:43:48 - exp4_shared_expert - INFO -   Evaluating on training subset...
2025-11-13 06:44:04 - exp4_shared_expert - INFO -   Evaluating on validation set...
2025-11-13 06:44:32 - exp4_shared_expert - INFO - Computing embedding quality...
2025-11-13 06:44:33 - exp4_shared_expert - INFO -     Embedding std: 0.0000
2025-11-13 06:44:33 - exp4_shared_expert - INFO -     NN overlap: 0.000
2025-11-13 06:44:45 - exp4_shared_expert - INFO - Checkpoint saved (epoch 1, step 3999)
2025-11-13 06:44:45 - exp4_shared_expert - INFO - 
--- Epoch 1 Summary ---
2025-11-13 06:44:45 - exp4_shared_expert - INFO - Training Progress:
2025-11-13 06:44:45 - exp4_shared_expert - INFO -   Loss (learning avg): 0.0321
2025-11-13 06:44:45 - exp4_shared_expert - INFO -   Loss (first batch):  0.8003
2025-11-13 06:44:45 - exp4_shared_expert - INFO -   Loss (last batch):   0.0036
2025-11-13 06:44:45 - exp4_shared_expert - INFO -   Improvement:         0.7967
2025-11-13 06:44:45 - exp4_shared_expert - INFO - 
Final Model Performance:
2025-11-13 06:44:45 - exp4_shared_expert - INFO -   Train loss (final):  0.0040
2025-11-13 06:44:45 - exp4_shared_expert - INFO -   Val loss:            0.0039
2025-11-13 06:44:45 - exp4_shared_expert - INFO -   Gap (train-val loss):+0.0002
2025-11-13 06:44:45 - exp4_shared_expert - INFO -   Train Top-10:        0.842
2025-11-13 06:44:45 - exp4_shared_expert - INFO -   Val Top-10:          0.825
2025-11-13 06:44:45 - exp4_shared_expert - INFO -   ✅ Good generalization (gap = +0.0002)
2025-11-13 06:44:45 - exp4_shared_expert - INFO - 
Batch Metrics (during learning):
2025-11-13 06:44:45 - exp4_shared_expert - INFO - Train Recall@10: 0.747
2025-11-13 06:44:45 - exp4_shared_expert - INFO - Train mAP@20: 0.535
2025-11-13 06:44:45 - exp4_shared_expert - INFO - Train Brier: 0.0113
2025-11-13 06:44:45 - exp4_shared_expert - INFO - Embedding std: 0.0000
2025-11-13 06:44:45 - exp4_shared_expert - INFO - NN overlap: 0.000
2025-11-13 06:44:45 - exp4_shared_expert - INFO - MoE Load CV: 0.420
2025-11-13 06:44:45 - exp4_shared_expert - INFO - MoE Collapsed: 0.475
2025-11-13 06:44:45 - exp4_shared_expert - INFO - 
--- Epoch 2/3 ---
2025-11-13 06:59:44 - exp4_shared_expert - INFO -   Evaluating on training subset...
2025-11-13 07:00:01 - exp4_shared_expert - INFO -   Evaluating on validation set...
2025-11-13 07:00:42 - exp4_shared_expert - INFO - Checkpoint saved (epoch 2, step 7998)
2025-11-13 07:00:42 - exp4_shared_expert - INFO - 
--- Epoch 2 Summary ---
2025-11-13 07:00:42 - exp4_shared_expert - INFO - Training Progress:
2025-11-13 07:00:42 - exp4_shared_expert - INFO -   Loss (learning avg): 0.0038
2025-11-13 07:00:42 - exp4_shared_expert - INFO -   Loss (first batch):  0.0042
2025-11-13 07:00:42 - exp4_shared_expert - INFO -   Loss (last batch):   0.0034
2025-11-13 07:00:42 - exp4_shared_expert - INFO -   Improvement:         0.0008
2025-11-13 07:00:42 - exp4_shared_expert - INFO - 
Final Model Performance:
2025-11-13 07:00:42 - exp4_shared_expert - INFO -   Train loss (final):  0.0037
2025-11-13 07:00:42 - exp4_shared_expert - INFO -   Val loss:            0.0035
2025-11-13 07:00:42 - exp4_shared_expert - INFO -   Gap (train-val loss):+0.0002
2025-11-13 07:00:42 - exp4_shared_expert - INFO -   Train Top-10:        0.803
2025-11-13 07:00:42 - exp4_shared_expert - INFO -   Val Top-10:          0.792
2025-11-13 07:00:42 - exp4_shared_expert - INFO -   ✅ Good generalization (gap = +0.0002)
2025-11-13 07:00:42 - exp4_shared_expert - INFO - 
Batch Metrics (during learning):
2025-11-13 07:00:42 - exp4_shared_expert - INFO - Train Recall@10: 0.817
2025-11-13 07:00:42 - exp4_shared_expert - INFO - Train mAP@20: 0.512
2025-11-13 07:00:42 - exp4_shared_expert - INFO - Train Brier: 0.0007
2025-11-13 07:00:42 - exp4_shared_expert - INFO - MoE Load CV: 0.356
2025-11-13 07:00:42 - exp4_shared_expert - INFO - MoE Collapsed: 0.175
2025-11-13 07:00:42 - exp4_shared_expert - INFO - 
--- Epoch 3/3 ---
2025-11-13 07:15:35 - exp4_shared_expert - INFO -   Evaluating on training subset...
2025-11-13 07:15:52 - exp4_shared_expert - INFO -   Evaluating on validation set...
2025-11-13 07:16:20 - exp4_shared_expert - INFO - Computing embedding quality...
2025-11-13 07:16:21 - exp4_shared_expert - INFO -     Embedding std: 0.0000
2025-11-13 07:16:21 - exp4_shared_expert - INFO -     NN overlap: 0.000
2025-11-13 07:16:30 - exp4_shared_expert - INFO - Checkpoint saved (epoch 3, step 11997)
2025-11-13 07:16:30 - exp4_shared_expert - INFO - 
--- Epoch 3 Summary ---
2025-11-13 07:16:30 - exp4_shared_expert - INFO - Training Progress:
2025-11-13 07:16:30 - exp4_shared_expert - INFO -   Loss (learning avg): 0.0036
2025-11-13 07:16:30 - exp4_shared_expert - INFO -   Loss (first batch):  0.0036
2025-11-13 07:16:30 - exp4_shared_expert - INFO -   Loss (last batch):   0.0039
2025-11-13 07:16:30 - exp4_shared_expert - INFO -   Improvement:         -0.0003
2025-11-13 07:16:30 - exp4_shared_expert - INFO - 
Final Model Performance:
2025-11-13 07:16:30 - exp4_shared_expert - INFO -   Train loss (final):  0.0036
2025-11-13 07:16:30 - exp4_shared_expert - INFO -   Val loss:            0.0035
2025-11-13 07:16:30 - exp4_shared_expert - INFO -   Gap (train-val loss):+0.0002
2025-11-13 07:16:30 - exp4_shared_expert - INFO -   Train Top-10:        0.778
2025-11-13 07:16:30 - exp4_shared_expert - INFO -   Val Top-10:          0.775
2025-11-13 07:16:30 - exp4_shared_expert - INFO -   ✅ Good generalization (gap = +0.0002)
2025-11-13 07:16:30 - exp4_shared_expert - INFO - 
Batch Metrics (during learning):
2025-11-13 07:16:30 - exp4_shared_expert - INFO - Train Recall@10: 0.835
2025-11-13 07:16:30 - exp4_shared_expert - INFO - Train mAP@20: 0.544
2025-11-13 07:16:30 - exp4_shared_expert - INFO - Train Brier: 0.0007
2025-11-13 07:16:30 - exp4_shared_expert - INFO - Embedding std: 0.0000
2025-11-13 07:16:30 - exp4_shared_expert - INFO - NN overlap: 0.000
2025-11-13 07:16:30 - exp4_shared_expert - INFO - MoE Load CV: 0.262
2025-11-13 07:16:30 - exp4_shared_expert - INFO - MoE Collapsed: 0.075
2025-11-13 07:16:30 - exp4_shared_expert - INFO - 
Training completed in 2852.0s
2025-11-13 07:17:50 - exp4_shared_expert - INFO - Metrics saved to logs/exp4_shared_expert/
2025-11-13 07:17:50 - exp4_shared_expert - INFO - 
================================================================================
2025-11-13 07:17:50 - exp4_shared_expert - INFO - EXPERIMENT COMPLETE: exp4_shared_expert
2025-11-13 07:17:50 - exp4_shared_expert - INFO - ================================================================================
2025-11-13 07:17:50 - exp4_shared_expert - INFO - Final Top-10 Acc in val: 0.775
2025-11-13 07:17:50 - exp4_shared_expert - INFO - Best Val Loss: 0.0000 (epoch 1)
2025-11-13 07:17:50 - exp4_shared_expert - INFO - Training Time: 2852.0s
2025-11-13 07:17:50 - exp4_shared_expert - INFO - ================================================================================

