2025-12-02 18:43:13 - exp3b_moe_swiglu_learned_pool - INFO - Starting experiment: exp3b_moe_swiglu_learned_pool
2025-12-02 18:43:13 - exp3b_moe_swiglu_learned_pool - INFO - Model: Flash + MoE Transformer (FP16)
2025-12-02 18:43:13 - exp3b_moe_swiglu_learned_pool - INFO -   d_model=256, nhid=704, nhead=8 (head_dim=32)
2025-12-02 18:43:13 - exp3b_moe_swiglu_learned_pool - INFO -   Daily Encoder: Learned Attention Pooling
2025-12-02 18:43:13 - exp3b_moe_swiglu_learned_pool - INFO -   MoE: 8 experts, top-2
2025-12-02 18:43:13 - exp3b_moe_swiglu_learned_pool - INFO - Total parameters: 38,248,338
2025-12-02 18:56:06 - exp3b_moe_swiglu_learned_pool - INFO - Bucketing is ENABLED via BatchSampler.
2025-12-02 18:56:06 - exp3b_moe_swiglu_learned_pool - INFO - Using high-performance DataLoader with 48 workers.
2025-12-02 18:56:06 - exp3b_moe_swiglu_learned_pool - INFO - Training for 2 epochs...
2025-12-02 18:56:06 - exp3b_moe_swiglu_learned_pool - INFO - 
--- Epoch 1/2 ---
2025-12-02 20:11:54 - exp3b_moe_swiglu_learned_pool - INFO -   Evaluating on training subset...
2025-12-02 20:13:28 - exp3b_moe_swiglu_learned_pool - INFO -   Evaluating on validation set...
2025-12-02 20:21:26 - exp3b_moe_swiglu_learned_pool - INFO - Computing embedding quality...
2025-12-02 20:21:27 - exp3b_moe_swiglu_learned_pool - INFO -     Embedding std: 0.2328
2025-12-02 20:21:27 - exp3b_moe_swiglu_learned_pool - INFO -     NN overlap: 0.112
2025-12-02 20:21:29 - exp3b_moe_swiglu_learned_pool - INFO - Checkpoint saved (epoch 1, step 9998)
2025-12-02 20:21:29 - exp3b_moe_swiglu_learned_pool - INFO - 
--- Epoch 1 Summary ---
2025-12-02 20:21:29 - exp3b_moe_swiglu_learned_pool - INFO - Training Progress:
2025-12-02 20:21:29 - exp3b_moe_swiglu_learned_pool - INFO -   Loss (learning avg): 0.0150
2025-12-02 20:21:29 - exp3b_moe_swiglu_learned_pool - INFO -   Loss (first batch):  0.8000
2025-12-02 20:21:29 - exp3b_moe_swiglu_learned_pool - INFO -   Loss (last batch):   0.0035
2025-12-02 20:21:29 - exp3b_moe_swiglu_learned_pool - INFO -   Improvement:         0.7965
2025-12-02 20:21:29 - exp3b_moe_swiglu_learned_pool - INFO - 
Final Model Performance:
2025-12-02 20:21:29 - exp3b_moe_swiglu_learned_pool - INFO -   Train loss (final):  0.0036
2025-12-02 20:21:29 - exp3b_moe_swiglu_learned_pool - INFO -   Val loss:            0.0034
2025-12-02 20:21:29 - exp3b_moe_swiglu_learned_pool - INFO -   Gap (train-val loss):+0.0001
2025-12-02 20:21:29 - exp3b_moe_swiglu_learned_pool - INFO -   Train Top-10:        0.829
2025-12-02 20:21:29 - exp3b_moe_swiglu_learned_pool - INFO -   Val Top-10:          0.832
2025-12-02 20:21:29 - exp3b_moe_swiglu_learned_pool - INFO -   ✅ Good generalization (gap = +0.0001)
2025-12-02 20:21:29 - exp3b_moe_swiglu_learned_pool - INFO - 
Batch Metrics (during learning):
2025-12-02 20:21:29 - exp3b_moe_swiglu_learned_pool - INFO - Train Recall@10: 0.786
2025-12-02 20:21:29 - exp3b_moe_swiglu_learned_pool - INFO - Train mAP@20: 0.518
2025-12-02 20:21:29 - exp3b_moe_swiglu_learned_pool - INFO - Train Brier: 0.0050
2025-12-02 20:21:29 - exp3b_moe_swiglu_learned_pool - INFO - Embedding std: 0.2328
2025-12-02 20:21:29 - exp3b_moe_swiglu_learned_pool - INFO - NN overlap: 0.112
2025-12-02 20:21:29 - exp3b_moe_swiglu_learned_pool - INFO - MoE Load CV: 0.120
2025-12-02 20:21:29 - exp3b_moe_swiglu_learned_pool - INFO - MoE Collapsed: 0.02
2025-12-02 20:21:29 - exp3b_moe_swiglu_learned_pool - INFO - 
--- Epoch 2/2 ---
2025-12-02 21:38:18 - exp3b_moe_swiglu_learned_pool - INFO -   Evaluating on training subset...
2025-12-02 21:39:57 - exp3b_moe_swiglu_learned_pool - INFO -   Evaluating on validation set...
2025-12-02 21:47:28 - exp3b_moe_swiglu_learned_pool - INFO - Checkpoint saved (epoch 2, step 19996)
2025-12-02 21:47:28 - exp3b_moe_swiglu_learned_pool - INFO - 
--- Epoch 2 Summary ---
2025-12-02 21:47:28 - exp3b_moe_swiglu_learned_pool - INFO - Training Progress:
2025-12-02 21:47:28 - exp3b_moe_swiglu_learned_pool - INFO -   Loss (learning avg): 0.0033
2025-12-02 21:47:28 - exp3b_moe_swiglu_learned_pool - INFO -   Loss (first batch):  0.0034
2025-12-02 21:47:28 - exp3b_moe_swiglu_learned_pool - INFO -   Loss (last batch):   0.0030
2025-12-02 21:47:28 - exp3b_moe_swiglu_learned_pool - INFO -   Improvement:         0.0003
2025-12-02 21:47:28 - exp3b_moe_swiglu_learned_pool - INFO - 
Final Model Performance:
2025-12-02 21:47:28 - exp3b_moe_swiglu_learned_pool - INFO -   Train loss (final):  0.0030
2025-12-02 21:47:28 - exp3b_moe_swiglu_learned_pool - INFO -   Val loss:            0.0027
2025-12-02 21:47:28 - exp3b_moe_swiglu_learned_pool - INFO -   Gap (train-val loss):+0.0003
2025-12-02 21:47:28 - exp3b_moe_swiglu_learned_pool - INFO -   Train Top-10:        0.944
2025-12-02 21:47:28 - exp3b_moe_swiglu_learned_pool - INFO -   Val Top-10:          0.943
2025-12-02 21:47:28 - exp3b_moe_swiglu_learned_pool - INFO -   ✅ Good generalization (gap = +0.0003)
2025-12-02 21:47:28 - exp3b_moe_swiglu_learned_pool - INFO - 
Batch Metrics (during learning):
2025-12-02 21:47:28 - exp3b_moe_swiglu_learned_pool - INFO - Train Recall@10: 0.898
2025-12-02 21:47:28 - exp3b_moe_swiglu_learned_pool - INFO - Train mAP@20: 0.585
2025-12-02 21:47:28 - exp3b_moe_swiglu_learned_pool - INFO - Train Brier: 0.0006
2025-12-02 21:47:28 - exp3b_moe_swiglu_learned_pool - INFO - MoE Load CV: 0.095
2025-12-02 21:47:28 - exp3b_moe_swiglu_learned_pool - INFO - MoE Collapsed: 0.0
2025-12-02 21:47:28 - exp3b_moe_swiglu_learned_pool - INFO - 
Training completed in 10281.4s
2025-12-02 22:04:32 - exp3b_moe_swiglu_learned_pool - INFO - Complete results saved to logs/exp_round2-1_ablation_swiglu_aux_layer_dec1_2025/exp3b_moe_swiglu_learned_pool/final_results.json
2025-12-02 22:04:32 - exp3b_moe_swiglu_learned_pool - INFO - Metrics saved to logs/exp3b_moe_swiglu_learned_pool/
2025-12-02 22:04:32 - exp3b_moe_swiglu_learned_pool - INFO - 
================================================================================
2025-12-02 22:04:32 - exp3b_moe_swiglu_learned_pool - INFO - EXPERIMENT COMPLETE: exp3b_moe_swiglu_learned_pool
2025-12-02 22:04:32 - exp3b_moe_swiglu_learned_pool - INFO - ================================================================================
2025-12-02 22:04:32 - exp3b_moe_swiglu_learned_pool - INFO - Final Top-10 Acc in val: 0.943
2025-12-02 22:04:32 - exp3b_moe_swiglu_learned_pool - INFO - Best Val Loss: 0.0000 (epoch 1)
2025-12-02 22:04:32 - exp3b_moe_swiglu_learned_pool - INFO - Training Time: 10281.4s
2025-12-02 22:04:32 - exp3b_moe_swiglu_learned_pool - INFO - ================================================================================

