2025-12-02 22:04:42 - exp3c_moe_swiglu_learned_pool_layer4 - INFO - Starting experiment: exp3c_moe_swiglu_learned_pool_layer4
2025-12-02 22:04:42 - exp3c_moe_swiglu_learned_pool_layer4 - INFO - Model: Flash + MoE Transformer (FP16)
2025-12-02 22:04:42 - exp3c_moe_swiglu_learned_pool_layer4 - INFO -   d_model=256, nhid=704, nhead=8 (head_dim=32)
2025-12-02 22:04:42 - exp3c_moe_swiglu_learned_pool_layer4 - INFO -   Daily Encoder: Learned Attention Pooling
2025-12-02 22:04:42 - exp3c_moe_swiglu_learned_pool_layer4 - INFO -   MoE: 8 experts, top-2
2025-12-02 22:04:42 - exp3c_moe_swiglu_learned_pool_layer4 - INFO - Total parameters: 33,201,554
2025-12-02 22:17:13 - exp3c_moe_swiglu_learned_pool_layer4 - INFO - Bucketing is ENABLED via BatchSampler.
2025-12-02 22:17:14 - exp3c_moe_swiglu_learned_pool_layer4 - INFO - Using high-performance DataLoader with 48 workers.
2025-12-02 22:17:14 - exp3c_moe_swiglu_learned_pool_layer4 - INFO - Training for 2 epochs...
2025-12-02 22:17:14 - exp3c_moe_swiglu_learned_pool_layer4 - INFO - 
--- Epoch 1/2 ---
2025-12-02 23:27:04 - exp3c_moe_swiglu_learned_pool_layer4 - INFO -   Evaluating on training subset...
2025-12-02 23:28:56 - exp3c_moe_swiglu_learned_pool_layer4 - INFO -   Evaluating on validation set...
2025-12-02 23:34:29 - exp3c_moe_swiglu_learned_pool_layer4 - INFO - Computing embedding quality...
2025-12-02 23:34:30 - exp3c_moe_swiglu_learned_pool_layer4 - INFO -     Embedding std: 0.1455
2025-12-02 23:34:30 - exp3c_moe_swiglu_learned_pool_layer4 - INFO -     NN overlap: 0.109
2025-12-02 23:34:32 - exp3c_moe_swiglu_learned_pool_layer4 - INFO - Checkpoint saved (epoch 1, step 9998)
2025-12-02 23:34:32 - exp3c_moe_swiglu_learned_pool_layer4 - INFO - 
--- Epoch 1 Summary ---
2025-12-02 23:34:32 - exp3c_moe_swiglu_learned_pool_layer4 - INFO - Training Progress:
2025-12-02 23:34:32 - exp3c_moe_swiglu_learned_pool_layer4 - INFO -   Loss (learning avg): 0.0151
2025-12-02 23:34:32 - exp3c_moe_swiglu_learned_pool_layer4 - INFO -   Loss (first batch):  0.7970
2025-12-02 23:34:32 - exp3c_moe_swiglu_learned_pool_layer4 - INFO -   Loss (last batch):   0.0039
2025-12-02 23:34:32 - exp3c_moe_swiglu_learned_pool_layer4 - INFO -   Improvement:         0.7932
2025-12-02 23:34:32 - exp3c_moe_swiglu_learned_pool_layer4 - INFO - 
Final Model Performance:
2025-12-02 23:34:32 - exp3c_moe_swiglu_learned_pool_layer4 - INFO -   Train loss (final):  0.0035
2025-12-02 23:34:32 - exp3c_moe_swiglu_learned_pool_layer4 - INFO -   Val loss:            0.0034
2025-12-02 23:34:32 - exp3c_moe_swiglu_learned_pool_layer4 - INFO -   Gap (train-val loss):+0.0001
2025-12-02 23:34:32 - exp3c_moe_swiglu_learned_pool_layer4 - INFO -   Train Top-10:        0.791
2025-12-02 23:34:32 - exp3c_moe_swiglu_learned_pool_layer4 - INFO -   Val Top-10:          0.807
2025-12-02 23:34:32 - exp3c_moe_swiglu_learned_pool_layer4 - INFO -   ✅ Good generalization (gap = +0.0001)
2025-12-02 23:34:32 - exp3c_moe_swiglu_learned_pool_layer4 - INFO - 
Batch Metrics (during learning):
2025-12-02 23:34:32 - exp3c_moe_swiglu_learned_pool_layer4 - INFO - Train Recall@10: 0.788
2025-12-02 23:34:32 - exp3c_moe_swiglu_learned_pool_layer4 - INFO - Train mAP@20: 0.512
2025-12-02 23:34:32 - exp3c_moe_swiglu_learned_pool_layer4 - INFO - Train Brier: 0.0049
2025-12-02 23:34:32 - exp3c_moe_swiglu_learned_pool_layer4 - INFO - Embedding std: 0.1455
2025-12-02 23:34:32 - exp3c_moe_swiglu_learned_pool_layer4 - INFO - NN overlap: 0.109
2025-12-02 23:34:32 - exp3c_moe_swiglu_learned_pool_layer4 - INFO - MoE Load CV: 0.158
2025-12-02 23:34:32 - exp3c_moe_swiglu_learned_pool_layer4 - INFO - MoE Collapsed: 0.11
2025-12-02 23:34:32 - exp3c_moe_swiglu_learned_pool_layer4 - INFO - 
--- Epoch 2/2 ---
2025-12-03 00:44:07 - exp3c_moe_swiglu_learned_pool_layer4 - INFO -   Evaluating on training subset...
2025-12-03 00:45:45 - exp3c_moe_swiglu_learned_pool_layer4 - INFO -   Evaluating on validation set...
2025-12-03 00:51:59 - exp3c_moe_swiglu_learned_pool_layer4 - INFO - Checkpoint saved (epoch 2, step 19996)
2025-12-03 00:51:59 - exp3c_moe_swiglu_learned_pool_layer4 - INFO - 
--- Epoch 2 Summary ---
2025-12-03 00:51:59 - exp3c_moe_swiglu_learned_pool_layer4 - INFO - Training Progress:
2025-12-03 00:51:59 - exp3c_moe_swiglu_learned_pool_layer4 - INFO -   Loss (learning avg): 0.0034
2025-12-03 00:51:59 - exp3c_moe_swiglu_learned_pool_layer4 - INFO -   Loss (first batch):  0.0036
2025-12-03 00:51:59 - exp3c_moe_swiglu_learned_pool_layer4 - INFO -   Loss (last batch):   0.0026
2025-12-03 00:51:59 - exp3c_moe_swiglu_learned_pool_layer4 - INFO -   Improvement:         0.0010
2025-12-03 00:51:59 - exp3c_moe_swiglu_learned_pool_layer4 - INFO - 
Final Model Performance:
2025-12-03 00:51:59 - exp3c_moe_swiglu_learned_pool_layer4 - INFO -   Train loss (final):  0.0031
2025-12-03 00:51:59 - exp3c_moe_swiglu_learned_pool_layer4 - INFO -   Val loss:            0.0028
2025-12-03 00:51:59 - exp3c_moe_swiglu_learned_pool_layer4 - INFO -   Gap (train-val loss):+0.0003
2025-12-03 00:51:59 - exp3c_moe_swiglu_learned_pool_layer4 - INFO -   Train Top-10:        0.930
2025-12-03 00:51:59 - exp3c_moe_swiglu_learned_pool_layer4 - INFO -   Val Top-10:          0.935
2025-12-03 00:51:59 - exp3c_moe_swiglu_learned_pool_layer4 - INFO -   ✅ Good generalization (gap = +0.0003)
2025-12-03 00:51:59 - exp3c_moe_swiglu_learned_pool_layer4 - INFO - 
Batch Metrics (during learning):
2025-12-03 00:51:59 - exp3c_moe_swiglu_learned_pool_layer4 - INFO - Train Recall@10: 0.886
2025-12-03 00:51:59 - exp3c_moe_swiglu_learned_pool_layer4 - INFO - Train mAP@20: 0.569
2025-12-03 00:51:59 - exp3c_moe_swiglu_learned_pool_layer4 - INFO - Train Brier: 0.0006
2025-12-03 00:51:59 - exp3c_moe_swiglu_learned_pool_layer4 - INFO - MoE Load CV: 0.135
2025-12-03 00:51:59 - exp3c_moe_swiglu_learned_pool_layer4 - INFO - MoE Collapsed: 0.02
2025-12-03 00:52:00 - exp3c_moe_swiglu_learned_pool_layer4 - INFO - 
Training completed in 9285.5s
2025-12-03 01:07:57 - exp3c_moe_swiglu_learned_pool_layer4 - INFO - Complete results saved to logs/exp_round2-1_ablation_swiglu_aux_layer_dec1_2025/exp3c_moe_swiglu_learned_pool_layer4/final_results.json
2025-12-03 01:07:57 - exp3c_moe_swiglu_learned_pool_layer4 - INFO - Metrics saved to logs/exp3c_moe_swiglu_learned_pool_layer4/
2025-12-03 01:07:57 - exp3c_moe_swiglu_learned_pool_layer4 - INFO - 
================================================================================
2025-12-03 01:07:57 - exp3c_moe_swiglu_learned_pool_layer4 - INFO - EXPERIMENT COMPLETE: exp3c_moe_swiglu_learned_pool_layer4
2025-12-03 01:07:57 - exp3c_moe_swiglu_learned_pool_layer4 - INFO - ================================================================================
2025-12-03 01:07:57 - exp3c_moe_swiglu_learned_pool_layer4 - INFO - Final Top-10 Acc in val: 0.935
2025-12-03 01:07:57 - exp3c_moe_swiglu_learned_pool_layer4 - INFO - Best Val Loss: 0.0000 (epoch 1)
2025-12-03 01:07:57 - exp3c_moe_swiglu_learned_pool_layer4 - INFO - Training Time: 9285.5s
2025-12-03 01:07:57 - exp3c_moe_swiglu_learned_pool_layer4 - INFO - ================================================================================

